[0.033s] Invoking command in '/root/csci_420_robotics_labs/lab6_ws/build/flightgoggles': CMAKE_PREFIX_PATH=${CMAKE_PREFIX_PATH}:/opt/ros/kilted /usr/bin/cmake --build /root/csci_420_robotics_labs/lab6_ws/build/flightgoggles -- -j8 -l8
[0.328s] Invoked command in '/root/csci_420_robotics_labs/lab6_ws/build/flightgoggles' returned '0': CMAKE_PREFIX_PATH=${CMAKE_PREFIX_PATH}:/opt/ros/kilted /usr/bin/cmake --build /root/csci_420_robotics_labs/lab6_ws/build/flightgoggles -- -j8 -l8
[0.331s] Invoking command in '/root/csci_420_robotics_labs/lab6_ws/build/flightgoggles': CMAKE_PREFIX_PATH=${CMAKE_PREFIX_PATH}:/opt/ros/kilted /usr/bin/cmake --install /root/csci_420_robotics_labs/lab6_ws/build/flightgoggles
[0.343s] -- Install configuration: ""
[0.344s] -- Up-to-date: /root/csci_420_robotics_labs/lab6_ws/install/flightgoggles/share/flightgoggles/launch
[0.347s] -- Up-to-date: /root/csci_420_robotics_labs/lab6_ws/install/flightgoggles/share/flightgoggles/launch/core.launch
[0.348s] -- Up-to-date: /root/csci_420_robotics_labs/lab6_ws/install/flightgoggles/share/ament_index/resource_index/package_run_dependencies/flightgoggles
[0.349s] -- Up-to-date: /root/csci_420_robotics_labs/lab6_ws/install/flightgoggles/share/ament_index/resource_index/parent_prefix_path/flightgoggles
[0.355s] -- Up-to-date: /root/csci_420_robotics_labs/lab6_ws/install/flightgoggles/share/flightgoggles/environment/ament_prefix_path.sh
[0.358s] -- Up-to-date: /root/csci_420_robotics_labs/lab6_ws/install/flightgoggles/share/flightgoggles/environment/ament_prefix_path.dsv
[0.359s] -- Up-to-date: /root/csci_420_robotics_labs/lab6_ws/install/flightgoggles/share/flightgoggles/environment/path.sh
[0.362s] -- Up-to-date: /root/csci_420_robotics_labs/lab6_ws/install/flightgoggles/share/flightgoggles/environment/path.dsv
[0.364s] -- Up-to-date: /root/csci_420_robotics_labs/lab6_ws/install/flightgoggles/share/flightgoggles/local_setup.bash
[0.365s] -- Up-to-date: /root/csci_420_robotics_labs/lab6_ws/install/flightgoggles/share/flightgoggles/local_setup.sh
[0.366s] -- Up-to-date: /root/csci_420_robotics_labs/lab6_ws/install/flightgoggles/share/flightgoggles/local_setup.zsh
[0.369s] -- Up-to-date: /root/csci_420_robotics_labs/lab6_ws/install/flightgoggles/share/flightgoggles/local_setup.dsv
[0.371s] -- Installing: /root/csci_420_robotics_labs/lab6_ws/install/flightgoggles/share/flightgoggles/package.dsv
[0.380s] -- Up-to-date: /root/csci_420_robotics_labs/lab6_ws/install/flightgoggles/share/ament_index/resource_index/packages/flightgoggles
[0.383s] -- Up-to-date: /root/csci_420_robotics_labs/lab6_ws/install/flightgoggles/share/flightgoggles/cmake/flightgogglesConfig.cmake
[0.385s] -- Up-to-date: /root/csci_420_robotics_labs/lab6_ws/install/flightgoggles/share/flightgoggles/cmake/flightgogglesConfig-version.cmake
[0.387s] -- Up-to-date: /root/csci_420_robotics_labs/lab6_ws/install/flightgoggles/share/flightgoggles/package.xml
[0.409s] Invoked command in '/root/csci_420_robotics_labs/lab6_ws/build/flightgoggles' returned '0': CMAKE_PREFIX_PATH=${CMAKE_PREFIX_PATH}:/opt/ros/kilted /usr/bin/cmake --install /root/csci_420_robotics_labs/lab6_ws/build/flightgoggles
