[0.032s] Invoking command in '/root/csci_420_robotics_labs/lab6_ws/build/keyboard_msgs': CMAKE_PREFIX_PATH=${CMAKE_PREFIX_PATH}:/opt/ros/kilted /usr/bin/cmake --build /root/csci_420_robotics_labs/lab6_ws/build/keyboard_msgs -- -j8 -l8
[0.369s] [  2%] Built target keyboard_msgs__rosidl_generator_type_description
[0.371s] [  5%] Built target keyboard_msgs__cpp
[0.371s] [  5%] Built target ament_cmake_python_copy_keyboard_msgs
[0.372s] [ 20%] Built target keyboard_msgs__rosidl_generator_c
[0.373s] [ 29%] Built target keyboard_msgs__rosidl_typesupport_c
[0.373s] [ 38%] Built target keyboard_msgs__rosidl_typesupport_introspection_c
[0.395s] running egg_info
[0.408s] writing keyboard_msgs.egg-info/PKG-INFO
[0.409s] writing dependency_links to keyboard_msgs.egg-info/dependency_links.txt
[0.417s] [ 52%] Built target keyboard_msgs__rosidl_typesupport_cpp
[0.428s] writing top-level names to keyboard_msgs.egg-info/top_level.txt
[0.431s] [ 55%] Built target keyboard_msgs__rosidl_typesupport_introspection_cpp
[0.475s] [ 64%] Built target keyboard_msgs__rosidl_typesupport_fastrtps_cpp
[0.477s] reading manifest file 'keyboard_msgs.egg-info/SOURCES.txt'
[0.480s] writing manifest file 'keyboard_msgs.egg-info/SOURCES.txt'
[0.481s] [ 73%] Built target keyboard_msgs__rosidl_typesupport_fastrtps_c
[0.482s] [ 73%] Built target ament_cmake_python_build_keyboard_msgs_egg
[0.484s] [ 73%] Built target keyboard_msgs
[0.501s] [ 76%] Built target keyboard_msgs__py
[0.622s] [ 82%] Built target keyboard_msgs__rosidl_generator_py
[0.705s] [ 88%] Built target keyboard_msgs_s__rosidl_typesupport_fastrtps_c
[0.713s] [100%] Built target keyboard_msgs_s__rosidl_typesupport_introspection_c
[0.713s] [100%] Built target keyboard_msgs_s__rosidl_typesupport_c
[0.727s] Invoked command in '/root/csci_420_robotics_labs/lab6_ws/build/keyboard_msgs' returned '0': CMAKE_PREFIX_PATH=${CMAKE_PREFIX_PATH}:/opt/ros/kilted /usr/bin/cmake --build /root/csci_420_robotics_labs/lab6_ws/build/keyboard_msgs -- -j8 -l8
[0.731s] Invoking command in '/root/csci_420_robotics_labs/lab6_ws/build/keyboard_msgs': CMAKE_PREFIX_PATH=${CMAKE_PREFIX_PATH}:/opt/ros/kilted /usr/bin/cmake --install /root/csci_420_robotics_labs/lab6_ws/build/keyboard_msgs
[0.737s] -- Install configuration: ""
[0.737s] -- Up-to-date: /root/csci_420_robotics_labs/lab6_ws/install/keyboard_msgs/share/ament_index/resource_index/rosidl_interfaces/keyboard_msgs
[0.738s] -- Up-to-date: /root/csci_420_robotics_labs/lab6_ws/install/keyboard_msgs/share/keyboard_msgs/msg/Key.json
[0.738s] -- Up-to-date: /root/csci_420_robotics_labs/lab6_ws/install/keyboard_msgs/include/keyboard_msgs/keyboard_msgs
[0.739s] -- Up-to-date: /root/csci_420_robotics_labs/lab6_ws/install/keyboard_msgs/include/keyboard_msgs/keyboard_msgs/msg
[0.740s] -- Up-to-date: /root/csci_420_robotics_labs/lab6_ws/install/keyboard_msgs/include/keyboard_msgs/keyboard_msgs/msg/rosidl_generator_c__visibility_control.h
[0.740s] -- Up-to-date: /root/csci_420_robotics_labs/lab6_ws/install/keyboard_msgs/include/keyboard_msgs/keyboard_msgs/msg/key.h
[0.741s] -- Up-to-date: /root/csci_420_robotics_labs/lab6_ws/install/keyboard_msgs/include/keyboard_msgs/keyboard_msgs/msg/detail
[0.741s] -- Up-to-date: /root/csci_420_robotics_labs/lab6_ws/install/keyboard_msgs/include/keyboard_msgs/keyboard_msgs/msg/detail/key__type_support.c
[0.742s] -- Up-to-date: /root/csci_420_robotics_labs/lab6_ws/install/keyboard_msgs/include/keyboard_msgs/keyboard_msgs/msg/detail/key__functions.h
[0.742s] -- Up-to-date: /root/csci_420_robotics_labs/lab6_ws/install/keyboard_msgs/include/keyboard_msgs/keyboard_msgs/msg/detail/key__type_support.h
[0.743s] -- Up-to-date: /root/csci_420_robotics_labs/lab6_ws/install/keyboard_msgs/include/keyboard_msgs/keyboard_msgs/msg/detail/key__functions.c
[0.743s] -- Up-to-date: /root/csci_420_robotics_labs/lab6_ws/install/keyboard_msgs/include/keyboard_msgs/keyboard_msgs/msg/detail/key__struct.h
[0.744s] -- Up-to-date: /root/csci_420_robotics_labs/lab6_ws/install/keyboard_msgs/include/keyboard_msgs/keyboard_msgs/msg/detail/key__description.c
[0.744s] -- Up-to-date: /root/csci_420_robotics_labs/lab6_ws/install/keyboard_msgs/share/keyboard_msgs/environment/library_path.sh
[0.745s] -- Up-to-date: /root/csci_420_robotics_labs/lab6_ws/install/keyboard_msgs/share/keyboard_msgs/environment/library_path.dsv
[0.747s] -- Up-to-date: /root/csci_420_robotics_labs/lab6_ws/install/keyboard_msgs/lib/libkeyboard_msgs__rosidl_generator_c.so
[0.748s] -- Up-to-date: /root/csci_420_robotics_labs/lab6_ws/install/keyboard_msgs/include/keyboard_msgs/keyboard_msgs
[0.749s] -- Up-to-date: /root/csci_420_robotics_labs/lab6_ws/install/keyboard_msgs/include/keyboard_msgs/keyboard_msgs/msg
[0.750s] -- Up-to-date: /root/csci_420_robotics_labs/lab6_ws/install/keyboard_msgs/include/keyboard_msgs/keyboard_msgs/msg/detail
[0.751s] -- Up-to-date: /root/csci_420_robotics_labs/lab6_ws/install/keyboard_msgs/include/keyboard_msgs/keyboard_msgs/msg/detail/key__rosidl_typesupport_fastrtps_c.h
[0.752s] -- Up-to-date: /root/csci_420_robotics_labs/lab6_ws/install/keyboard_msgs/include/keyboard_msgs/keyboard_msgs/msg/rosidl_typesupport_fastrtps_c__visibility_control.h
[0.753s] -- Up-to-date: /root/csci_420_robotics_labs/lab6_ws/install/keyboard_msgs/lib/libkeyboard_msgs__rosidl_typesupport_fastrtps_c.so
[0.755s] -- Up-to-date: /root/csci_420_robotics_labs/lab6_ws/install/keyboard_msgs/include/keyboard_msgs/keyboard_msgs
[0.756s] -- Up-to-date: /root/csci_420_robotics_labs/lab6_ws/install/keyboard_msgs/include/keyboard_msgs/keyboard_msgs/msg
[0.757s] -- Up-to-date: /root/csci_420_robotics_labs/lab6_ws/install/keyboard_msgs/include/keyboard_msgs/keyboard_msgs/msg/key.hpp
[0.757s] -- Up-to-date: /root/csci_420_robotics_labs/lab6_ws/install/keyboard_msgs/include/keyboard_msgs/keyboard_msgs/msg/detail
[0.758s] -- Up-to-date: /root/csci_420_robotics_labs/lab6_ws/install/keyboard_msgs/include/keyboard_msgs/keyboard_msgs/msg/detail/key__type_support.hpp
[0.760s] -- Up-to-date: /root/csci_420_robotics_labs/lab6_ws/install/keyboard_msgs/include/keyboard_msgs/keyboard_msgs/msg/detail/key__struct.hpp
[0.760s] -- Up-to-date: /root/csci_420_robotics_labs/lab6_ws/install/keyboard_msgs/include/keyboard_msgs/keyboard_msgs/msg/detail/key__builder.hpp
[0.760s] -- Up-to-date: /root/csci_420_robotics_labs/lab6_ws/install/keyboard_msgs/include/keyboard_msgs/keyboard_msgs/msg/detail/key__traits.hpp
[0.761s] -- Up-to-date: /root/csci_420_robotics_labs/lab6_ws/install/keyboard_msgs/include/keyboard_msgs/keyboard_msgs/msg/rosidl_generator_cpp__visibility_control.hpp
[0.761s] -- Up-to-date: /root/csci_420_robotics_labs/lab6_ws/install/keyboard_msgs/include/keyboard_msgs/keyboard_msgs
[0.762s] -- Up-to-date: /root/csci_420_robotics_labs/lab6_ws/install/keyboard_msgs/include/keyboard_msgs/keyboard_msgs/msg
[0.762s] -- Up-to-date: /root/csci_420_robotics_labs/lab6_ws/install/keyboard_msgs/include/keyboard_msgs/keyboard_msgs/msg/rosidl_typesupport_fastrtps_cpp__visibility_control.h
[0.763s] -- Up-to-date: /root/csci_420_robotics_labs/lab6_ws/install/keyboard_msgs/include/keyboard_msgs/keyboard_msgs/msg/detail
[0.763s] -- Up-to-date: /root/csci_420_robotics_labs/lab6_ws/install/keyboard_msgs/include/keyboard_msgs/keyboard_msgs/msg/detail/key__rosidl_typesupport_fastrtps_cpp.hpp
[0.763s] -- Up-to-date: /root/csci_420_robotics_labs/lab6_ws/install/keyboard_msgs/include/keyboard_msgs/keyboard_msgs/msg/detail/dds_fastrtps
[0.764s] -- Up-to-date: /root/csci_420_robotics_labs/lab6_ws/install/keyboard_msgs/lib/libkeyboard_msgs__rosidl_typesupport_fastrtps_cpp.so
[0.764s] -- Up-to-date: /root/csci_420_robotics_labs/lab6_ws/install/keyboard_msgs/include/keyboard_msgs/keyboard_msgs
[0.764s] -- Up-to-date: /root/csci_420_robotics_labs/lab6_ws/install/keyboard_msgs/include/keyboard_msgs/keyboard_msgs/msg
[0.765s] -- Up-to-date: /root/csci_420_robotics_labs/lab6_ws/install/keyboard_msgs/include/keyboard_msgs/keyboard_msgs/msg/detail
[0.765s] -- Up-to-date: /root/csci_420_robotics_labs/lab6_ws/install/keyboard_msgs/include/keyboard_msgs/keyboard_msgs/msg/detail/key__rosidl_typesupport_introspection_c.h
[0.766s] -- Up-to-date: /root/csci_420_robotics_labs/lab6_ws/install/keyboard_msgs/include/keyboard_msgs/keyboard_msgs/msg/detail/key__type_support.c
[0.767s] -- Up-to-date: /root/csci_420_robotics_labs/lab6_ws/install/keyboard_msgs/include/keyboard_msgs/keyboard_msgs/msg/rosidl_typesupport_introspection_c__visibility_control.h
[0.768s] -- Up-to-date: /root/csci_420_robotics_labs/lab6_ws/install/keyboard_msgs/lib/libkeyboard_msgs__rosidl_typesupport_introspection_c.so
[0.770s] -- Up-to-date: /root/csci_420_robotics_labs/lab6_ws/install/keyboard_msgs/lib/libkeyboard_msgs__rosidl_typesupport_c.so
[0.771s] -- Up-to-date: /root/csci_420_robotics_labs/lab6_ws/install/keyboard_msgs/include/keyboard_msgs/keyboard_msgs
[0.772s] -- Up-to-date: /root/csci_420_robotics_labs/lab6_ws/install/keyboard_msgs/include/keyboard_msgs/keyboard_msgs/msg
[0.773s] -- Up-to-date: /root/csci_420_robotics_labs/lab6_ws/install/keyboard_msgs/include/keyboard_msgs/keyboard_msgs/msg/detail
[0.773s] -- Up-to-date: /root/csci_420_robotics_labs/lab6_ws/install/keyboard_msgs/include/keyboard_msgs/keyboard_msgs/msg/detail/key__rosidl_typesupport_introspection_cpp.hpp
[0.774s] -- Up-to-date: /root/csci_420_robotics_labs/lab6_ws/install/keyboard_msgs/include/keyboard_msgs/keyboard_msgs/msg/detail/key__type_support.cpp
[0.774s] -- Up-to-date: /root/csci_420_robotics_labs/lab6_ws/install/keyboard_msgs/lib/libkeyboard_msgs__rosidl_typesupport_introspection_cpp.so
[0.777s] -- Up-to-date: /root/csci_420_robotics_labs/lab6_ws/install/keyboard_msgs/lib/libkeyboard_msgs__rosidl_typesupport_cpp.so
[0.777s] -- Up-to-date: /root/csci_420_robotics_labs/lab6_ws/install/keyboard_msgs/share/keyboard_msgs/environment/pythonpath.sh
[0.778s] -- Up-to-date: /root/csci_420_robotics_labs/lab6_ws/install/keyboard_msgs/share/keyboard_msgs/environment/pythonpath.dsv
[0.778s] -- Up-to-date: /root/csci_420_robotics_labs/lab6_ws/install/keyboard_msgs/lib/python3.12/site-packages/keyboard_msgs-1.0.0-py3.12.egg-info
[0.779s] -- Installing: /root/csci_420_robotics_labs/lab6_ws/install/keyboard_msgs/lib/python3.12/site-packages/keyboard_msgs-1.0.0-py3.12.egg-info/PKG-INFO
[0.783s] -- Installing: /root/csci_420_robotics_labs/lab6_ws/install/keyboard_msgs/lib/python3.12/site-packages/keyboard_msgs-1.0.0-py3.12.egg-info/SOURCES.txt
[0.786s] -- Installing: /root/csci_420_robotics_labs/lab6_ws/install/keyboard_msgs/lib/python3.12/site-packages/keyboard_msgs-1.0.0-py3.12.egg-info/top_level.txt
[0.788s] -- Installing: /root/csci_420_robotics_labs/lab6_ws/install/keyboard_msgs/lib/python3.12/site-packages/keyboard_msgs-1.0.0-py3.12.egg-info/dependency_links.txt
[0.791s] -- Up-to-date: /root/csci_420_robotics_labs/lab6_ws/install/keyboard_msgs/lib/python3.12/site-packages/keyboard_msgs
[0.792s] -- Up-to-date: /root/csci_420_robotics_labs/lab6_ws/install/keyboard_msgs/lib/python3.12/site-packages/keyboard_msgs/keyboard_msgs_s__rosidl_typesupport_c.so
[0.793s] -- Up-to-date: /root/csci_420_robotics_labs/lab6_ws/install/keyboard_msgs/lib/python3.12/site-packages/keyboard_msgs/_keyboard_msgs_s.ep.rosidl_typesupport_c.c
[0.793s] -- Up-to-date: /root/csci_420_robotics_labs/lab6_ws/install/keyboard_msgs/lib/python3.12/site-packages/keyboard_msgs/_keyboard_msgs_s.ep.rosidl_typesupport_introspection_c.c
[0.793s] -- Up-to-date: /root/csci_420_robotics_labs/lab6_ws/install/keyboard_msgs/lib/python3.12/site-packages/keyboard_msgs/_keyboard_msgs_s.ep.rosidl_typesupport_fastrtps_c.c
[0.794s] -- Up-to-date: /root/csci_420_robotics_labs/lab6_ws/install/keyboard_msgs/lib/python3.12/site-packages/keyboard_msgs/msg
[0.795s] -- Up-to-date: /root/csci_420_robotics_labs/lab6_ws/install/keyboard_msgs/lib/python3.12/site-packages/keyboard_msgs/msg/__init__.py
[0.795s] -- Up-to-date: /root/csci_420_robotics_labs/lab6_ws/install/keyboard_msgs/lib/python3.12/site-packages/keyboard_msgs/msg/_key.py
[0.795s] -- Up-to-date: /root/csci_420_robotics_labs/lab6_ws/install/keyboard_msgs/lib/python3.12/site-packages/keyboard_msgs/msg/_key_s.c
[0.796s] -- Up-to-date: /root/csci_420_robotics_labs/lab6_ws/install/keyboard_msgs/lib/python3.12/site-packages/keyboard_msgs/__init__.py
[0.796s] -- Up-to-date: /root/csci_420_robotics_labs/lab6_ws/install/keyboard_msgs/lib/python3.12/site-packages/keyboard_msgs/keyboard_msgs_s__rosidl_typesupport_introspection_c.so
[0.797s] -- Up-to-date: /root/csci_420_robotics_labs/lab6_ws/install/keyboard_msgs/lib/python3.12/site-packages/keyboard_msgs/keyboard_msgs_s__rosidl_typesupport_fastrtps_c.so
[0.818s] Listing '/root/csci_420_robotics_labs/lab6_ws/install/keyboard_msgs/lib/python3.12/site-packages/keyboard_msgs'...
[0.820s] Listing '/root/csci_420_robotics_labs/lab6_ws/install/keyboard_msgs/lib/python3.12/site-packages/keyboard_msgs/msg'...
[0.823s] -- Up-to-date: /root/csci_420_robotics_labs/lab6_ws/install/keyboard_msgs/lib/python3.12/site-packages/keyboard_msgs/keyboard_msgs_s__rosidl_typesupport_fastrtps_c.so
[0.825s] -- Up-to-date: /root/csci_420_robotics_labs/lab6_ws/install/keyboard_msgs/lib/python3.12/site-packages/keyboard_msgs/keyboard_msgs_s__rosidl_typesupport_introspection_c.so
[0.826s] -- Up-to-date: /root/csci_420_robotics_labs/lab6_ws/install/keyboard_msgs/lib/python3.12/site-packages/keyboard_msgs/keyboard_msgs_s__rosidl_typesupport_c.so
[0.827s] -- Up-to-date: /root/csci_420_robotics_labs/lab6_ws/install/keyboard_msgs/lib/libkeyboard_msgs__rosidl_generator_py.so
[0.828s] -- Up-to-date: /root/csci_420_robotics_labs/lab6_ws/install/keyboard_msgs/share/keyboard_msgs/msg/Key.idl
[0.829s] -- Up-to-date: /root/csci_420_robotics_labs/lab6_ws/install/keyboard_msgs/share/keyboard_msgs/msg/Key.msg
[0.829s] -- Up-to-date: /root/csci_420_robotics_labs/lab6_ws/install/keyboard_msgs/share/ament_index/resource_index/package_run_dependencies/keyboard_msgs
[0.830s] -- Up-to-date: /root/csci_420_robotics_labs/lab6_ws/install/keyboard_msgs/share/ament_index/resource_index/parent_prefix_path/keyboard_msgs
[0.831s] -- Up-to-date: /root/csci_420_robotics_labs/lab6_ws/install/keyboard_msgs/share/keyboard_msgs/environment/ament_prefix_path.sh
[0.831s] -- Up-to-date: /root/csci_420_robotics_labs/lab6_ws/install/keyboard_msgs/share/keyboard_msgs/environment/ament_prefix_path.dsv
[0.831s] -- Up-to-date: /root/csci_420_robotics_labs/lab6_ws/install/keyboard_msgs/share/keyboard_msgs/environment/path.sh
[0.831s] -- Up-to-date: /root/csci_420_robotics_labs/lab6_ws/install/keyboard_msgs/share/keyboard_msgs/environment/path.dsv
[0.832s] -- Up-to-date: /root/csci_420_robotics_labs/lab6_ws/install/keyboard_msgs/share/keyboard_msgs/local_setup.bash
[0.832s] -- Up-to-date: /root/csci_420_robotics_labs/lab6_ws/install/keyboard_msgs/share/keyboard_msgs/local_setup.sh
[0.833s] -- Up-to-date: /root/csci_420_robotics_labs/lab6_ws/install/keyboard_msgs/share/keyboard_msgs/local_setup.zsh
[0.837s] -- Up-to-date: /root/csci_420_robotics_labs/lab6_ws/install/keyboard_msgs/share/keyboard_msgs/local_setup.dsv
[0.837s] -- Installing: /root/csci_420_robotics_labs/lab6_ws/install/keyboard_msgs/share/keyboard_msgs/package.dsv
[0.842s] -- Up-to-date: /root/csci_420_robotics_labs/lab6_ws/install/keyboard_msgs/share/ament_index/resource_index/packages/keyboard_msgs
[0.843s] -- Up-to-date: /root/csci_420_robotics_labs/lab6_ws/install/keyboard_msgs/share/keyboard_msgs/cmake/export_keyboard_msgs__rosidl_generator_cExport.cmake
[0.843s] -- Up-to-date: /root/csci_420_robotics_labs/lab6_ws/install/keyboard_msgs/share/keyboard_msgs/cmake/export_keyboard_msgs__rosidl_generator_cExport-noconfig.cmake
[0.845s] -- Up-to-date: /root/csci_420_robotics_labs/lab6_ws/install/keyboard_msgs/share/keyboard_msgs/cmake/export_keyboard_msgs__rosidl_typesupport_fastrtps_cExport.cmake
[0.846s] -- Up-to-date: /root/csci_420_robotics_labs/lab6_ws/install/keyboard_msgs/share/keyboard_msgs/cmake/export_keyboard_msgs__rosidl_typesupport_fastrtps_cExport-noconfig.cmake
[0.848s] -- Up-to-date: /root/csci_420_robotics_labs/lab6_ws/install/keyboard_msgs/share/keyboard_msgs/cmake/export_keyboard_msgs__rosidl_generator_cppExport.cmake
[0.850s] -- Up-to-date: /root/csci_420_robotics_labs/lab6_ws/install/keyboard_msgs/share/keyboard_msgs/cmake/export_keyboard_msgs__rosidl_typesupport_fastrtps_cppExport.cmake
[0.851s] -- Up-to-date: /root/csci_420_robotics_labs/lab6_ws/install/keyboard_msgs/share/keyboard_msgs/cmake/export_keyboard_msgs__rosidl_typesupport_fastrtps_cppExport-noconfig.cmake
[0.852s] -- Up-to-date: /root/csci_420_robotics_labs/lab6_ws/install/keyboard_msgs/share/keyboard_msgs/cmake/keyboard_msgs__rosidl_typesupport_introspection_cExport.cmake
[0.852s] -- Up-to-date: /root/csci_420_robotics_labs/lab6_ws/install/keyboard_msgs/share/keyboard_msgs/cmake/keyboard_msgs__rosidl_typesupport_introspection_cExport-noconfig.cmake
[0.853s] -- Up-to-date: /root/csci_420_robotics_labs/lab6_ws/install/keyboard_msgs/share/keyboard_msgs/cmake/keyboard_msgs__rosidl_typesupport_cExport.cmake
[0.854s] -- Up-to-date: /root/csci_420_robotics_labs/lab6_ws/install/keyboard_msgs/share/keyboard_msgs/cmake/keyboard_msgs__rosidl_typesupport_cExport-noconfig.cmake
[0.856s] -- Up-to-date: /root/csci_420_robotics_labs/lab6_ws/install/keyboard_msgs/share/keyboard_msgs/cmake/keyboard_msgs__rosidl_typesupport_introspection_cppExport.cmake
[0.857s] -- Up-to-date: /root/csci_420_robotics_labs/lab6_ws/install/keyboard_msgs/share/keyboard_msgs/cmake/keyboard_msgs__rosidl_typesupport_introspection_cppExport-noconfig.cmake
[0.860s] -- Up-to-date: /root/csci_420_robotics_labs/lab6_ws/install/keyboard_msgs/share/keyboard_msgs/cmake/keyboard_msgs__rosidl_typesupport_cppExport.cmake
[0.864s] -- Up-to-date: /root/csci_420_robotics_labs/lab6_ws/install/keyboard_msgs/share/keyboard_msgs/cmake/keyboard_msgs__rosidl_typesupport_cppExport-noconfig.cmake
[0.865s] -- Up-to-date: /root/csci_420_robotics_labs/lab6_ws/install/keyboard_msgs/share/keyboard_msgs/cmake/export_keyboard_msgs__rosidl_generator_pyExport.cmake
[0.865s] -- Up-to-date: /root/csci_420_robotics_labs/lab6_ws/install/keyboard_msgs/share/keyboard_msgs/cmake/export_keyboard_msgs__rosidl_generator_pyExport-noconfig.cmake
[0.865s] -- Up-to-date: /root/csci_420_robotics_labs/lab6_ws/install/keyboard_msgs/share/keyboard_msgs/cmake/rosidl_cmake-extras.cmake
[0.866s] -- Up-to-date: /root/csci_420_robotics_labs/lab6_ws/install/keyboard_msgs/share/keyboard_msgs/cmake/ament_cmake_export_dependencies-extras.cmake
[0.867s] -- Up-to-date: /root/csci_420_robotics_labs/lab6_ws/install/keyboard_msgs/share/keyboard_msgs/cmake/ament_cmake_export_include_directories-extras.cmake
[0.867s] -- Up-to-date: /root/csci_420_robotics_labs/lab6_ws/install/keyboard_msgs/share/keyboard_msgs/cmake/ament_cmake_export_libraries-extras.cmake
[0.867s] -- Up-to-date: /root/csci_420_robotics_labs/lab6_ws/install/keyboard_msgs/share/keyboard_msgs/cmake/ament_cmake_export_targets-extras.cmake
[0.868s] -- Up-to-date: /root/csci_420_robotics_labs/lab6_ws/install/keyboard_msgs/share/keyboard_msgs/cmake/rosidl_cmake_export_typesupport_targets-extras.cmake
[0.870s] -- Up-to-date: /root/csci_420_robotics_labs/lab6_ws/install/keyboard_msgs/share/keyboard_msgs/cmake/rosidl_cmake_export_typesupport_libraries-extras.cmake
[0.872s] -- Up-to-date: /root/csci_420_robotics_labs/lab6_ws/install/keyboard_msgs/share/keyboard_msgs/cmake/keyboard_msgsConfig.cmake
[0.872s] -- Up-to-date: /root/csci_420_robotics_labs/lab6_ws/install/keyboard_msgs/share/keyboard_msgs/cmake/keyboard_msgsConfig-version.cmake
[0.872s] -- Up-to-date: /root/csci_420_robotics_labs/lab6_ws/install/keyboard_msgs/share/keyboard_msgs/package.xml
[0.873s] Invoked command in '/root/csci_420_robotics_labs/lab6_ws/build/keyboard_msgs' returned '0': CMAKE_PREFIX_PATH=${CMAKE_PREFIX_PATH}:/opt/ros/kilted /usr/bin/cmake --install /root/csci_420_robotics_labs/lab6_ws/build/keyboard_msgs
