[0.051s] Invoking command in '/root/csci_420_robotics_labs/lab6_ws/build/sensor_simulation': CMAKE_PREFIX_PATH=${CMAKE_PREFIX_PATH}:/root/csci_420_robotics_labs/lab6_ws/install/simple_sim:/root/csci_420_robotics_labs/lab6_ws/install/simple_control:/opt/ros/kilted /usr/bin/cmake --build /root/csci_420_robotics_labs/lab6_ws/build/sensor_simulation -- -j8 -l8
[0.444s] Built target ament_cmake_python_copy_src
[0.444s] running egg_info
[0.446s] writing src.egg-info/PKG-INFO
[0.447s] writing dependency_links to src.egg-info/dependency_links.txt
[0.448s] writing top-level names to src.egg-info/top_level.txt
[0.449s] reading manifest file 'src.egg-info/SOURCES.txt'
[0.450s] writing manifest file 'src.egg-info/SOURCES.txt'
[0.536s] Built target ament_cmake_python_build_src_egg
[0.615s] Invoked command in '/root/csci_420_robotics_labs/lab6_ws/build/sensor_simulation' returned '0': CMAKE_PREFIX_PATH=${CMAKE_PREFIX_PATH}:/root/csci_420_robotics_labs/lab6_ws/install/simple_sim:/root/csci_420_robotics_labs/lab6_ws/install/simple_control:/opt/ros/kilted /usr/bin/cmake --build /root/csci_420_robotics_labs/lab6_ws/build/sensor_simulation -- -j8 -l8
[0.616s] Invoking command in '/root/csci_420_robotics_labs/lab6_ws/build/sensor_simulation': CMAKE_PREFIX_PATH=${CMAKE_PREFIX_PATH}:/root/csci_420_robotics_labs/lab6_ws/install/simple_sim:/root/csci_420_robotics_labs/lab6_ws/install/simple_control:/opt/ros/kilted /usr/bin/cmake --install /root/csci_420_robotics_labs/lab6_ws/build/sensor_simulation
[0.686s] -- Install configuration: ""
[0.687s] -- Up-to-date: /root/csci_420_robotics_labs/lab6_ws/install/sensor_simulation/share/sensor_simulation/environment/pythonpath.sh
[0.687s] -- Up-to-date: /root/csci_420_robotics_labs/lab6_ws/install/sensor_simulation/share/sensor_simulation/environment/pythonpath.dsv
[0.688s] -- Up-to-date: /root/csci_420_robotics_labs/lab6_ws/install/sensor_simulation/lib/python3.12/site-packages/src-0.0.0-py3.12.egg-info
[0.688s] -- Installing: /root/csci_420_robotics_labs/lab6_ws/install/sensor_simulation/lib/python3.12/site-packages/src-0.0.0-py3.12.egg-info/PKG-INFO
[0.688s] -- Installing: /root/csci_420_robotics_labs/lab6_ws/install/sensor_simulation/lib/python3.12/site-packages/src-0.0.0-py3.12.egg-info/SOURCES.txt
[0.690s] -- Installing: /root/csci_420_robotics_labs/lab6_ws/install/sensor_simulation/lib/python3.12/site-packages/src-0.0.0-py3.12.egg-info/top_level.txt
[0.690s] -- Installing: /root/csci_420_robotics_labs/lab6_ws/install/sensor_simulation/lib/python3.12/site-packages/src-0.0.0-py3.12.egg-info/dependency_links.txt
[0.691s] -- Up-to-date: /root/csci_420_robotics_labs/lab6_ws/install/sensor_simulation/lib/python3.12/site-packages/src
[0.691s] -- Up-to-date: /root/csci_420_robotics_labs/lab6_ws/install/sensor_simulation/lib/python3.12/site-packages/src/pressure.py
[0.692s] -- Up-to-date: /root/csci_420_robotics_labs/lab6_ws/install/sensor_simulation/lib/python3.12/site-packages/src/__init__.py
[0.692s] -- Up-to-date: /root/csci_420_robotics_labs/lab6_ws/install/sensor_simulation/lib/python3.12/site-packages/src/down_facing_camera.py
[0.693s] Listing '/root/csci_420_robotics_labs/lab6_ws/install/sensor_simulation/lib/python3.12/site-packages/src'...
[0.693s] -- Up-to-date: /root/csci_420_robotics_labs/lab6_ws/install/sensor_simulation/lib/sensor_simulation/pressure.py
[0.694s] -- Up-to-date: /root/csci_420_robotics_labs/lab6_ws/install/sensor_simulation/lib/sensor_simulation/down_facing_camera.py
[0.694s] -- Up-to-date: /root/csci_420_robotics_labs/lab6_ws/install/sensor_simulation/share/sensor_simulation/launch
[0.695s] -- Up-to-date: /root/csci_420_robotics_labs/lab6_ws/install/sensor_simulation/share/sensor_simulation/launch/sensors.launch
[0.695s] -- Up-to-date: /root/csci_420_robotics_labs/lab6_ws/install/sensor_simulation/lib/sensor_simulation/data
[0.696s] -- Up-to-date: /root/csci_420_robotics_labs/lab6_ws/install/sensor_simulation/lib/sensor_simulation/data/construction.jpeg
[0.697s] -- Up-to-date: /root/csci_420_robotics_labs/lab6_ws/install/sensor_simulation/share/ament_index/resource_index/package_run_dependencies/sensor_simulation
[0.697s] -- Up-to-date: /root/csci_420_robotics_labs/lab6_ws/install/sensor_simulation/share/ament_index/resource_index/parent_prefix_path/sensor_simulation
[0.700s] -- Up-to-date: /root/csci_420_robotics_labs/lab6_ws/install/sensor_simulation/share/sensor_simulation/environment/ament_prefix_path.sh
[0.700s] -- Up-to-date: /root/csci_420_robotics_labs/lab6_ws/install/sensor_simulation/share/sensor_simulation/environment/ament_prefix_path.dsv
[0.701s] -- Up-to-date: /root/csci_420_robotics_labs/lab6_ws/install/sensor_simulation/share/sensor_simulation/environment/path.sh
[0.702s] -- Up-to-date: /root/csci_420_robotics_labs/lab6_ws/install/sensor_simulation/share/sensor_simulation/environment/path.dsv
[0.702s] -- Up-to-date: /root/csci_420_robotics_labs/lab6_ws/install/sensor_simulation/share/sensor_simulation/local_setup.bash
[0.702s] -- Up-to-date: /root/csci_420_robotics_labs/lab6_ws/install/sensor_simulation/share/sensor_simulation/local_setup.sh
[0.703s] -- Up-to-date: /root/csci_420_robotics_labs/lab6_ws/install/sensor_simulation/share/sensor_simulation/local_setup.zsh
[0.704s] -- Up-to-date: /root/csci_420_robotics_labs/lab6_ws/install/sensor_simulation/share/sensor_simulation/local_setup.dsv
[0.704s] -- Installing: /root/csci_420_robotics_labs/lab6_ws/install/sensor_simulation/share/sensor_simulation/package.dsv
[0.704s] -- Up-to-date: /root/csci_420_robotics_labs/lab6_ws/install/sensor_simulation/share/ament_index/resource_index/packages/sensor_simulation
[0.705s] -- Up-to-date: /root/csci_420_robotics_labs/lab6_ws/install/sensor_simulation/share/sensor_simulation/cmake/sensor_simulationConfig.cmake
[0.705s] -- Up-to-date: /root/csci_420_robotics_labs/lab6_ws/install/sensor_simulation/share/sensor_simulation/cmake/sensor_simulationConfig-version.cmake
[0.705s] -- Up-to-date: /root/csci_420_robotics_labs/lab6_ws/install/sensor_simulation/share/sensor_simulation/package.xml
[0.706s] Invoked command in '/root/csci_420_robotics_labs/lab6_ws/build/sensor_simulation' returned '0': CMAKE_PREFIX_PATH=${CMAKE_PREFIX_PATH}:/root/csci_420_robotics_labs/lab6_ws/install/simple_sim:/root/csci_420_robotics_labs/lab6_ws/install/simple_control:/opt/ros/kilted /usr/bin/cmake --install /root/csci_420_robotics_labs/lab6_ws/build/sensor_simulation
