[0.030s] Invoking command in '/root/csci_420_robotics_labs/lab6_ws/build/keyboard_msgs': CMAKE_PREFIX_PATH=${CMAKE_PREFIX_PATH}:/opt/ros/kilted /usr/bin/cmake --build /root/csci_420_robotics_labs/lab6_ws/build/keyboard_msgs -- -j8 -l8
[0.367s] [  2%] Built target keyboard_msgs__rosidl_generator_type_description
[0.368s] [  5%] Built target keyboard_msgs__cpp
[0.369s] [ 20%] Built target keyboard_msgs__rosidl_generator_c
[0.370s] [ 20%] Built target ament_cmake_python_copy_keyboard_msgs
[0.374s] [ 41%] Built target keyboard_msgs__rosidl_typesupport_introspection_c
[0.375s] [ 58%] Built target keyboard_msgs__rosidl_typesupport_introspection_cpp
[0.376s] [ 58%] Built target keyboard_msgs__rosidl_typesupport_cpp
[0.377s] [ 67%] Built target keyboard_msgs__rosidl_typesupport_fastrtps_cpp
[0.378s] [ 73%] Built target keyboard_msgs__rosidl_typesupport_fastrtps_c
[0.379s] [ 73%] Built target keyboard_msgs__rosidl_typesupport_c
[0.379s] [ 73%] Built target keyboard_msgs
[0.379s] [ 76%] Built target keyboard_msgs__py
[0.389s] [ 82%] Built target keyboard_msgs__rosidl_generator_py
[0.391s] running egg_info
[0.404s] writing keyboard_msgs.egg-info/PKG-INFO
[0.407s] writing dependency_links to keyboard_msgs.egg-info/dependency_links.txt
[0.408s] writing top-level names to keyboard_msgs.egg-info/top_level.txt
[0.413s] [100%] Built target keyboard_msgs_s__rosidl_typesupport_fastrtps_c
[0.413s] [100%] Built target keyboard_msgs_s__rosidl_typesupport_c
[0.416s] [100%] Built target keyboard_msgs_s__rosidl_typesupport_introspection_c
[0.485s] reading manifest file 'keyboard_msgs.egg-info/SOURCES.txt'
[0.489s] writing manifest file 'keyboard_msgs.egg-info/SOURCES.txt'
[0.490s] [100%] Built target ament_cmake_python_build_keyboard_msgs_egg
[0.596s] Invoked command in '/root/csci_420_robotics_labs/lab6_ws/build/keyboard_msgs' returned '0': CMAKE_PREFIX_PATH=${CMAKE_PREFIX_PATH}:/opt/ros/kilted /usr/bin/cmake --build /root/csci_420_robotics_labs/lab6_ws/build/keyboard_msgs -- -j8 -l8
[0.601s] Invoking command in '/root/csci_420_robotics_labs/lab6_ws/build/keyboard_msgs': CMAKE_PREFIX_PATH=${CMAKE_PREFIX_PATH}:/opt/ros/kilted /usr/bin/cmake --install /root/csci_420_robotics_labs/lab6_ws/build/keyboard_msgs
[0.605s] -- Install configuration: ""
[0.610s] -- Up-to-date: /root/csci_420_robotics_labs/lab6_ws/install/keyboard_msgs/share/ament_index/resource_index/rosidl_interfaces/keyboard_msgs
[0.610s] -- Up-to-date: /root/csci_420_robotics_labs/lab6_ws/install/keyboard_msgs/share/keyboard_msgs/msg/Key.json
[0.612s] -- Up-to-date: /root/csci_420_robotics_labs/lab6_ws/install/keyboard_msgs/include/keyboard_msgs/keyboard_msgs
[0.613s] -- Up-to-date: /root/csci_420_robotics_labs/lab6_ws/install/keyboard_msgs/include/keyboard_msgs/keyboard_msgs/msg
[0.613s] -- Up-to-date: /root/csci_420_robotics_labs/lab6_ws/install/keyboard_msgs/include/keyboard_msgs/keyboard_msgs/msg/rosidl_generator_c__visibility_control.h
[0.614s] -- Up-to-date: /root/csci_420_robotics_labs/lab6_ws/install/keyboard_msgs/include/keyboard_msgs/keyboard_msgs/msg/key.h
[0.615s] -- Up-to-date: /root/csci_420_robotics_labs/lab6_ws/install/keyboard_msgs/include/keyboard_msgs/keyboard_msgs/msg/detail
[0.615s] -- Up-to-date: /root/csci_420_robotics_labs/lab6_ws/install/keyboard_msgs/include/keyboard_msgs/keyboard_msgs/msg/detail/key__type_support.c
[0.616s] -- Up-to-date: /root/csci_420_robotics_labs/lab6_ws/install/keyboard_msgs/include/keyboard_msgs/keyboard_msgs/msg/detail/key__functions.h
[0.617s] -- Up-to-date: /root/csci_420_robotics_labs/lab6_ws/install/keyboard_msgs/include/keyboard_msgs/keyboard_msgs/msg/detail/key__type_support.h
[0.618s] -- Up-to-date: /root/csci_420_robotics_labs/lab6_ws/install/keyboard_msgs/include/keyboard_msgs/keyboard_msgs/msg/detail/key__functions.c
[0.619s] -- Up-to-date: /root/csci_420_robotics_labs/lab6_ws/install/keyboard_msgs/include/keyboard_msgs/keyboard_msgs/msg/detail/key__struct.h
[0.620s] -- Up-to-date: /root/csci_420_robotics_labs/lab6_ws/install/keyboard_msgs/include/keyboard_msgs/keyboard_msgs/msg/detail/key__description.c
[0.622s] -- Up-to-date: /root/csci_420_robotics_labs/lab6_ws/install/keyboard_msgs/share/keyboard_msgs/environment/library_path.sh
[0.623s] -- Up-to-date: /root/csci_420_robotics_labs/lab6_ws/install/keyboard_msgs/share/keyboard_msgs/environment/library_path.dsv
[0.625s] -- Up-to-date: /root/csci_420_robotics_labs/lab6_ws/install/keyboard_msgs/lib/libkeyboard_msgs__rosidl_generator_c.so
[0.626s] -- Up-to-date: /root/csci_420_robotics_labs/lab6_ws/install/keyboard_msgs/include/keyboard_msgs/keyboard_msgs
[0.627s] -- Up-to-date: /root/csci_420_robotics_labs/lab6_ws/install/keyboard_msgs/include/keyboard_msgs/keyboard_msgs/msg
[0.629s] -- Up-to-date: /root/csci_420_robotics_labs/lab6_ws/install/keyboard_msgs/include/keyboard_msgs/keyboard_msgs/msg/detail
[0.631s] -- Up-to-date: /root/csci_420_robotics_labs/lab6_ws/install/keyboard_msgs/include/keyboard_msgs/keyboard_msgs/msg/detail/key__rosidl_typesupport_fastrtps_c.h
[0.632s] -- Up-to-date: /root/csci_420_robotics_labs/lab6_ws/install/keyboard_msgs/include/keyboard_msgs/keyboard_msgs/msg/rosidl_typesupport_fastrtps_c__visibility_control.h
[0.633s] -- Up-to-date: /root/csci_420_robotics_labs/lab6_ws/install/keyboard_msgs/lib/libkeyboard_msgs__rosidl_typesupport_fastrtps_c.so
[0.634s] -- Up-to-date: /root/csci_420_robotics_labs/lab6_ws/install/keyboard_msgs/include/keyboard_msgs/keyboard_msgs
[0.634s] -- Up-to-date: /root/csci_420_robotics_labs/lab6_ws/install/keyboard_msgs/include/keyboard_msgs/keyboard_msgs/msg
[0.635s] -- Up-to-date: /root/csci_420_robotics_labs/lab6_ws/install/keyboard_msgs/include/keyboard_msgs/keyboard_msgs/msg/key.hpp
[0.635s] -- Up-to-date: /root/csci_420_robotics_labs/lab6_ws/install/keyboard_msgs/include/keyboard_msgs/keyboard_msgs/msg/detail
[0.635s] -- Up-to-date: /root/csci_420_robotics_labs/lab6_ws/install/keyboard_msgs/include/keyboard_msgs/keyboard_msgs/msg/detail/key__type_support.hpp
[0.636s] -- Up-to-date: /root/csci_420_robotics_labs/lab6_ws/install/keyboard_msgs/include/keyboard_msgs/keyboard_msgs/msg/detail/key__struct.hpp
[0.636s] -- Up-to-date: /root/csci_420_robotics_labs/lab6_ws/install/keyboard_msgs/include/keyboard_msgs/keyboard_msgs/msg/detail/key__builder.hpp
[0.636s] -- Up-to-date: /root/csci_420_robotics_labs/lab6_ws/install/keyboard_msgs/include/keyboard_msgs/keyboard_msgs/msg/detail/key__traits.hpp
[0.637s] -- Up-to-date: /root/csci_420_robotics_labs/lab6_ws/install/keyboard_msgs/include/keyboard_msgs/keyboard_msgs/msg/rosidl_generator_cpp__visibility_control.hpp
[0.637s] -- Up-to-date: /root/csci_420_robotics_labs/lab6_ws/install/keyboard_msgs/include/keyboard_msgs/keyboard_msgs
[0.637s] -- Up-to-date: /root/csci_420_robotics_labs/lab6_ws/install/keyboard_msgs/include/keyboard_msgs/keyboard_msgs/msg
[0.638s] -- Up-to-date: /root/csci_420_robotics_labs/lab6_ws/install/keyboard_msgs/include/keyboard_msgs/keyboard_msgs/msg/rosidl_typesupport_fastrtps_cpp__visibility_control.h
[0.638s] -- Up-to-date: /root/csci_420_robotics_labs/lab6_ws/install/keyboard_msgs/include/keyboard_msgs/keyboard_msgs/msg/detail
[0.639s] -- Up-to-date: /root/csci_420_robotics_labs/lab6_ws/install/keyboard_msgs/include/keyboard_msgs/keyboard_msgs/msg/detail/key__rosidl_typesupport_fastrtps_cpp.hpp
[0.640s] -- Up-to-date: /root/csci_420_robotics_labs/lab6_ws/install/keyboard_msgs/include/keyboard_msgs/keyboard_msgs/msg/detail/dds_fastrtps
[0.642s] -- Up-to-date: /root/csci_420_robotics_labs/lab6_ws/install/keyboard_msgs/lib/libkeyboard_msgs__rosidl_typesupport_fastrtps_cpp.so
[0.643s] -- Up-to-date: /root/csci_420_robotics_labs/lab6_ws/install/keyboard_msgs/include/keyboard_msgs/keyboard_msgs
[0.644s] -- Up-to-date: /root/csci_420_robotics_labs/lab6_ws/install/keyboard_msgs/include/keyboard_msgs/keyboard_msgs/msg
[0.645s] -- Up-to-date: /root/csci_420_robotics_labs/lab6_ws/install/keyboard_msgs/include/keyboard_msgs/keyboard_msgs/msg/detail
[0.646s] -- Up-to-date: /root/csci_420_robotics_labs/lab6_ws/install/keyboard_msgs/include/keyboard_msgs/keyboard_msgs/msg/detail/key__rosidl_typesupport_introspection_c.h
[0.647s] -- Up-to-date: /root/csci_420_robotics_labs/lab6_ws/install/keyboard_msgs/include/keyboard_msgs/keyboard_msgs/msg/detail/key__type_support.c
[0.647s] -- Up-to-date: /root/csci_420_robotics_labs/lab6_ws/install/keyboard_msgs/include/keyboard_msgs/keyboard_msgs/msg/rosidl_typesupport_introspection_c__visibility_control.h
[0.649s] -- Up-to-date: /root/csci_420_robotics_labs/lab6_ws/install/keyboard_msgs/lib/libkeyboard_msgs__rosidl_typesupport_introspection_c.so
[0.651s] -- Up-to-date: /root/csci_420_robotics_labs/lab6_ws/install/keyboard_msgs/lib/libkeyboard_msgs__rosidl_typesupport_c.so
[0.652s] -- Up-to-date: /root/csci_420_robotics_labs/lab6_ws/install/keyboard_msgs/include/keyboard_msgs/keyboard_msgs
[0.652s] -- Up-to-date: /root/csci_420_robotics_labs/lab6_ws/install/keyboard_msgs/include/keyboard_msgs/keyboard_msgs/msg
[0.653s] -- Up-to-date: /root/csci_420_robotics_labs/lab6_ws/install/keyboard_msgs/include/keyboard_msgs/keyboard_msgs/msg/detail
[0.654s] -- Up-to-date: /root/csci_420_robotics_labs/lab6_ws/install/keyboard_msgs/include/keyboard_msgs/keyboard_msgs/msg/detail/key__rosidl_typesupport_introspection_cpp.hpp
[0.655s] -- Up-to-date: /root/csci_420_robotics_labs/lab6_ws/install/keyboard_msgs/include/keyboard_msgs/keyboard_msgs/msg/detail/key__type_support.cpp
[0.656s] -- Up-to-date: /root/csci_420_robotics_labs/lab6_ws/install/keyboard_msgs/lib/libkeyboard_msgs__rosidl_typesupport_introspection_cpp.so
[0.657s] -- Up-to-date: /root/csci_420_robotics_labs/lab6_ws/install/keyboard_msgs/lib/libkeyboard_msgs__rosidl_typesupport_cpp.so
[0.658s] -- Up-to-date: /root/csci_420_robotics_labs/lab6_ws/install/keyboard_msgs/share/keyboard_msgs/environment/pythonpath.sh
[0.658s] -- Up-to-date: /root/csci_420_robotics_labs/lab6_ws/install/keyboard_msgs/share/keyboard_msgs/environment/pythonpath.dsv
[0.659s] -- Up-to-date: /root/csci_420_robotics_labs/lab6_ws/install/keyboard_msgs/lib/python3.12/site-packages/keyboard_msgs-1.0.0-py3.12.egg-info
[0.660s] -- Installing: /root/csci_420_robotics_labs/lab6_ws/install/keyboard_msgs/lib/python3.12/site-packages/keyboard_msgs-1.0.0-py3.12.egg-info/PKG-INFO
[0.667s] -- Installing: /root/csci_420_robotics_labs/lab6_ws/install/keyboard_msgs/lib/python3.12/site-packages/keyboard_msgs-1.0.0-py3.12.egg-info/SOURCES.txt
[0.669s] -- Installing: /root/csci_420_robotics_labs/lab6_ws/install/keyboard_msgs/lib/python3.12/site-packages/keyboard_msgs-1.0.0-py3.12.egg-info/top_level.txt
[0.673s] -- Installing: /root/csci_420_robotics_labs/lab6_ws/install/keyboard_msgs/lib/python3.12/site-packages/keyboard_msgs-1.0.0-py3.12.egg-info/dependency_links.txt
[0.674s] -- Up-to-date: /root/csci_420_robotics_labs/lab6_ws/install/keyboard_msgs/lib/python3.12/site-packages/keyboard_msgs
[0.676s] -- Up-to-date: /root/csci_420_robotics_labs/lab6_ws/install/keyboard_msgs/lib/python3.12/site-packages/keyboard_msgs/keyboard_msgs_s__rosidl_typesupport_c.so
[0.677s] -- Up-to-date: /root/csci_420_robotics_labs/lab6_ws/install/keyboard_msgs/lib/python3.12/site-packages/keyboard_msgs/_keyboard_msgs_s.ep.rosidl_typesupport_c.c
[0.677s] -- Up-to-date: /root/csci_420_robotics_labs/lab6_ws/install/keyboard_msgs/lib/python3.12/site-packages/keyboard_msgs/_keyboard_msgs_s.ep.rosidl_typesupport_introspection_c.c
[0.678s] -- Up-to-date: /root/csci_420_robotics_labs/lab6_ws/install/keyboard_msgs/lib/python3.12/site-packages/keyboard_msgs/_keyboard_msgs_s.ep.rosidl_typesupport_fastrtps_c.c
[0.679s] -- Up-to-date: /root/csci_420_robotics_labs/lab6_ws/install/keyboard_msgs/lib/python3.12/site-packages/keyboard_msgs/msg
[0.679s] -- Up-to-date: /root/csci_420_robotics_labs/lab6_ws/install/keyboard_msgs/lib/python3.12/site-packages/keyboard_msgs/msg/__init__.py
[0.680s] -- Up-to-date: /root/csci_420_robotics_labs/lab6_ws/install/keyboard_msgs/lib/python3.12/site-packages/keyboard_msgs/msg/_key.py
[0.681s] -- Up-to-date: /root/csci_420_robotics_labs/lab6_ws/install/keyboard_msgs/lib/python3.12/site-packages/keyboard_msgs/msg/_key_s.c
[0.681s] -- Up-to-date: /root/csci_420_robotics_labs/lab6_ws/install/keyboard_msgs/lib/python3.12/site-packages/keyboard_msgs/__init__.py
[0.683s] -- Up-to-date: /root/csci_420_robotics_labs/lab6_ws/install/keyboard_msgs/lib/python3.12/site-packages/keyboard_msgs/keyboard_msgs_s__rosidl_typesupport_introspection_c.so
[0.684s] -- Up-to-date: /root/csci_420_robotics_labs/lab6_ws/install/keyboard_msgs/lib/python3.12/site-packages/keyboard_msgs/keyboard_msgs_s__rosidl_typesupport_fastrtps_c.so
[0.703s] Listing '/root/csci_420_robotics_labs/lab6_ws/install/keyboard_msgs/lib/python3.12/site-packages/keyboard_msgs'...
[0.703s] Listing '/root/csci_420_robotics_labs/lab6_ws/install/keyboard_msgs/lib/python3.12/site-packages/keyboard_msgs/msg'...
[0.707s] -- Up-to-date: /root/csci_420_robotics_labs/lab6_ws/install/keyboard_msgs/lib/python3.12/site-packages/keyboard_msgs/keyboard_msgs_s__rosidl_typesupport_fastrtps_c.so
[0.709s] -- Up-to-date: /root/csci_420_robotics_labs/lab6_ws/install/keyboard_msgs/lib/python3.12/site-packages/keyboard_msgs/keyboard_msgs_s__rosidl_typesupport_introspection_c.so
[0.710s] -- Up-to-date: /root/csci_420_robotics_labs/lab6_ws/install/keyboard_msgs/lib/python3.12/site-packages/keyboard_msgs/keyboard_msgs_s__rosidl_typesupport_c.so
[0.711s] -- Up-to-date: /root/csci_420_robotics_labs/lab6_ws/install/keyboard_msgs/lib/libkeyboard_msgs__rosidl_generator_py.so
[0.713s] -- Up-to-date: /root/csci_420_robotics_labs/lab6_ws/install/keyboard_msgs/share/keyboard_msgs/msg/Key.idl
[0.714s] -- Up-to-date: /root/csci_420_robotics_labs/lab6_ws/install/keyboard_msgs/share/keyboard_msgs/msg/Key.msg
[0.714s] -- Up-to-date: /root/csci_420_robotics_labs/lab6_ws/install/keyboard_msgs/share/ament_index/resource_index/package_run_dependencies/keyboard_msgs
[0.715s] -- Up-to-date: /root/csci_420_robotics_labs/lab6_ws/install/keyboard_msgs/share/ament_index/resource_index/parent_prefix_path/keyboard_msgs
[0.715s] -- Up-to-date: /root/csci_420_robotics_labs/lab6_ws/install/keyboard_msgs/share/keyboard_msgs/environment/ament_prefix_path.sh
[0.716s] -- Up-to-date: /root/csci_420_robotics_labs/lab6_ws/install/keyboard_msgs/share/keyboard_msgs/environment/ament_prefix_path.dsv
[0.717s] -- Up-to-date: /root/csci_420_robotics_labs/lab6_ws/install/keyboard_msgs/share/keyboard_msgs/environment/path.sh
[0.717s] -- Up-to-date: /root/csci_420_robotics_labs/lab6_ws/install/keyboard_msgs/share/keyboard_msgs/environment/path.dsv
[0.718s] -- Up-to-date: /root/csci_420_robotics_labs/lab6_ws/install/keyboard_msgs/share/keyboard_msgs/local_setup.bash
[0.718s] -- Up-to-date: /root/csci_420_robotics_labs/lab6_ws/install/keyboard_msgs/share/keyboard_msgs/local_setup.sh
[0.719s] -- Up-to-date: /root/csci_420_robotics_labs/lab6_ws/install/keyboard_msgs/share/keyboard_msgs/local_setup.zsh
[0.720s] -- Up-to-date: /root/csci_420_robotics_labs/lab6_ws/install/keyboard_msgs/share/keyboard_msgs/local_setup.dsv
[0.720s] -- Installing: /root/csci_420_robotics_labs/lab6_ws/install/keyboard_msgs/share/keyboard_msgs/package.dsv
[0.722s] -- Up-to-date: /root/csci_420_robotics_labs/lab6_ws/install/keyboard_msgs/share/ament_index/resource_index/packages/keyboard_msgs
[0.724s] -- Up-to-date: /root/csci_420_robotics_labs/lab6_ws/install/keyboard_msgs/share/keyboard_msgs/cmake/export_keyboard_msgs__rosidl_generator_cExport.cmake
[0.724s] -- Up-to-date: /root/csci_420_robotics_labs/lab6_ws/install/keyboard_msgs/share/keyboard_msgs/cmake/export_keyboard_msgs__rosidl_generator_cExport-noconfig.cmake
[0.725s] -- Up-to-date: /root/csci_420_robotics_labs/lab6_ws/install/keyboard_msgs/share/keyboard_msgs/cmake/export_keyboard_msgs__rosidl_typesupport_fastrtps_cExport.cmake
[0.726s] -- Up-to-date: /root/csci_420_robotics_labs/lab6_ws/install/keyboard_msgs/share/keyboard_msgs/cmake/export_keyboard_msgs__rosidl_typesupport_fastrtps_cExport-noconfig.cmake
[0.727s] -- Up-to-date: /root/csci_420_robotics_labs/lab6_ws/install/keyboard_msgs/share/keyboard_msgs/cmake/export_keyboard_msgs__rosidl_generator_cppExport.cmake
[0.728s] -- Up-to-date: /root/csci_420_robotics_labs/lab6_ws/install/keyboard_msgs/share/keyboard_msgs/cmake/export_keyboard_msgs__rosidl_typesupport_fastrtps_cppExport.cmake
[0.728s] -- Up-to-date: /root/csci_420_robotics_labs/lab6_ws/install/keyboard_msgs/share/keyboard_msgs/cmake/export_keyboard_msgs__rosidl_typesupport_fastrtps_cppExport-noconfig.cmake
[0.729s] -- Up-to-date: /root/csci_420_robotics_labs/lab6_ws/install/keyboard_msgs/share/keyboard_msgs/cmake/keyboard_msgs__rosidl_typesupport_introspection_cExport.cmake
[0.730s] -- Up-to-date: /root/csci_420_robotics_labs/lab6_ws/install/keyboard_msgs/share/keyboard_msgs/cmake/keyboard_msgs__rosidl_typesupport_introspection_cExport-noconfig.cmake
[0.731s] -- Up-to-date: /root/csci_420_robotics_labs/lab6_ws/install/keyboard_msgs/share/keyboard_msgs/cmake/keyboard_msgs__rosidl_typesupport_cExport.cmake
[0.731s] -- Up-to-date: /root/csci_420_robotics_labs/lab6_ws/install/keyboard_msgs/share/keyboard_msgs/cmake/keyboard_msgs__rosidl_typesupport_cExport-noconfig.cmake
[0.732s] -- Up-to-date: /root/csci_420_robotics_labs/lab6_ws/install/keyboard_msgs/share/keyboard_msgs/cmake/keyboard_msgs__rosidl_typesupport_introspection_cppExport.cmake
[0.733s] -- Up-to-date: /root/csci_420_robotics_labs/lab6_ws/install/keyboard_msgs/share/keyboard_msgs/cmake/keyboard_msgs__rosidl_typesupport_introspection_cppExport-noconfig.cmake
[0.733s] -- Up-to-date: /root/csci_420_robotics_labs/lab6_ws/install/keyboard_msgs/share/keyboard_msgs/cmake/keyboard_msgs__rosidl_typesupport_cppExport.cmake
[0.734s] -- Up-to-date: /root/csci_420_robotics_labs/lab6_ws/install/keyboard_msgs/share/keyboard_msgs/cmake/keyboard_msgs__rosidl_typesupport_cppExport-noconfig.cmake
[0.734s] -- Up-to-date: /root/csci_420_robotics_labs/lab6_ws/install/keyboard_msgs/share/keyboard_msgs/cmake/export_keyboard_msgs__rosidl_generator_pyExport.cmake
[0.735s] -- Up-to-date: /root/csci_420_robotics_labs/lab6_ws/install/keyboard_msgs/share/keyboard_msgs/cmake/export_keyboard_msgs__rosidl_generator_pyExport-noconfig.cmake
[0.735s] -- Up-to-date: /root/csci_420_robotics_labs/lab6_ws/install/keyboard_msgs/share/keyboard_msgs/cmake/rosidl_cmake-extras.cmake
[0.736s] -- Up-to-date: /root/csci_420_robotics_labs/lab6_ws/install/keyboard_msgs/share/keyboard_msgs/cmake/ament_cmake_export_dependencies-extras.cmake
[0.736s] -- Up-to-date: /root/csci_420_robotics_labs/lab6_ws/install/keyboard_msgs/share/keyboard_msgs/cmake/ament_cmake_export_include_directories-extras.cmake
[0.737s] -- Up-to-date: /root/csci_420_robotics_labs/lab6_ws/install/keyboard_msgs/share/keyboard_msgs/cmake/ament_cmake_export_libraries-extras.cmake
[0.737s] -- Up-to-date: /root/csci_420_robotics_labs/lab6_ws/install/keyboard_msgs/share/keyboard_msgs/cmake/ament_cmake_export_targets-extras.cmake
[0.737s] -- Up-to-date: /root/csci_420_robotics_labs/lab6_ws/install/keyboard_msgs/share/keyboard_msgs/cmake/rosidl_cmake_export_typesupport_targets-extras.cmake
[0.738s] -- Up-to-date: /root/csci_420_robotics_labs/lab6_ws/install/keyboard_msgs/share/keyboard_msgs/cmake/rosidl_cmake_export_typesupport_libraries-extras.cmake
[0.738s] -- Up-to-date: /root/csci_420_robotics_labs/lab6_ws/install/keyboard_msgs/share/keyboard_msgs/cmake/keyboard_msgsConfig.cmake
[0.739s] -- Up-to-date: /root/csci_420_robotics_labs/lab6_ws/install/keyboard_msgs/share/keyboard_msgs/cmake/keyboard_msgsConfig-version.cmake
[0.739s] -- Up-to-date: /root/csci_420_robotics_labs/lab6_ws/install/keyboard_msgs/share/keyboard_msgs/package.xml
[0.742s] Invoked command in '/root/csci_420_robotics_labs/lab6_ws/build/keyboard_msgs' returned '0': CMAKE_PREFIX_PATH=${CMAKE_PREFIX_PATH}:/opt/ros/kilted /usr/bin/cmake --install /root/csci_420_robotics_labs/lab6_ws/build/keyboard_msgs
