running egg_info
creating ../../build/simple_sim/simple_sim.egg-info
writing ../../build/simple_sim/simple_sim.egg-info/PKG-INFO
writing dependency_links to ../../build/simple_sim/simple_sim.egg-info/dependency_links.txt
writing entry points to ../../build/simple_sim/simple_sim.egg-info/entry_points.txt
writing requirements to ../../build/simple_sim/simple_sim.egg-info/requires.txt
writing top-level names to ../../build/simple_sim/simple_sim.egg-info/top_level.txt
writing manifest file '../../build/simple_sim/simple_sim.egg-info/SOURCES.txt'
reading manifest file '../../build/simple_sim/simple_sim.egg-info/SOURCES.txt'
writing manifest file '../../build/simple_sim/simple_sim.egg-info/SOURCES.txt'
running build
running build_py
creating /root/csci_420_robotics_labs/lab6_ws/build/simple_sim/build
creating /root/csci_420_robotics_labs/lab6_ws/build/simple_sim/build/lib
creating /root/csci_420_robotics_labs/lab6_ws/build/simple_sim/build/lib/simple_sim
copying simple_sim/__init__.py -> /root/csci_420_robotics_labs/lab6_ws/build/simple_sim/build/lib/simple_sim
copying simple_sim/simple_sim_node.py -> /root/csci_420_robotics_labs/lab6_ws/build/simple_sim/build/lib/simple_sim
running install
running install_lib
creating /root/csci_420_robotics_labs/lab6_ws/install/simple_sim/lib/python3.12/site-packages/simple_sim
copying /root/csci_420_robotics_labs/lab6_ws/build/simple_sim/build/lib/simple_sim/__init__.py -> /root/csci_420_robotics_labs/lab6_ws/install/simple_sim/lib/python3.12/site-packages/simple_sim
copying /root/csci_420_robotics_labs/lab6_ws/build/simple_sim/build/lib/simple_sim/simple_sim_node.py -> /root/csci_420_robotics_labs/lab6_ws/install/simple_sim/lib/python3.12/site-packages/simple_sim
byte-compiling /root/csci_420_robotics_labs/lab6_ws/install/simple_sim/lib/python3.12/site-packages/simple_sim/__init__.py to __init__.cpython-312.pyc
byte-compiling /root/csci_420_robotics_labs/lab6_ws/install/simple_sim/lib/python3.12/site-packages/simple_sim/simple_sim_node.py to simple_sim_node.cpython-312.pyc
running install_data
creating /root/csci_420_robotics_labs/lab6_ws/install/simple_sim/share/ament_index
creating /root/csci_420_robotics_labs/lab6_ws/install/simple_sim/share/ament_index/resource_index
creating /root/csci_420_robotics_labs/lab6_ws/install/simple_sim/share/ament_index/resource_index/packages
copying resource/simple_sim -> /root/csci_420_robotics_labs/lab6_ws/install/simple_sim/share/ament_index/resource_index/packages
copying package.xml -> /root/csci_420_robotics_labs/lab6_ws/install/simple_sim/share/simple_sim
running install_egg_info
Copying ../../build/simple_sim/simple_sim.egg-info to /root/csci_420_robotics_labs/lab6_ws/install/simple_sim/lib/python3.12/site-packages/simple_sim-0.0.0-py3.12.egg-info
running install_scripts
Installing simple_sim_node script to /root/csci_420_robotics_labs/lab6_ws/install/simple_sim/lib/simple_sim
writing list of installed files to '/root/csci_420_robotics_labs/lab6_ws/build/simple_sim/install.log'
