/root/csci_420_robotics_labs/lab6_ws/install/simple_control/lib/python3.12/site-packages/simple_control/geofence_and_mission.py
/root/csci_420_robotics_labs/lab6_ws/install/simple_control/lib/python3.12/site-packages/simple_control/test_astar.py
/root/csci_420_robotics_labs/lab6_ws/install/simple_control/lib/python3.12/site-packages/simple_control/keyboard_manager.py
/root/csci_420_robotics_labs/lab6_ws/install/simple_control/lib/python3.12/site-packages/simple_control/path_planner.py
/root/csci_420_robotics_labs/lab6_ws/install/simple_control/lib/python3.12/site-packages/simple_control/__init__.py
/root/csci_420_robotics_labs/lab6_ws/install/simple_control/lib/python3.12/site-packages/simple_control/astar_class.py
/root/csci_420_robotics_labs/lab6_ws/install/simple_control/lib/python3.12/site-packages/simple_control/__pycache__/geofence_and_mission.cpython-312.pyc
/root/csci_420_robotics_labs/lab6_ws/install/simple_control/lib/python3.12/site-packages/simple_control/__pycache__/test_astar.cpython-312.pyc
/root/csci_420_robotics_labs/lab6_ws/install/simple_control/lib/python3.12/site-packages/simple_control/__pycache__/keyboard_manager.cpython-312.pyc
/root/csci_420_robotics_labs/lab6_ws/install/simple_control/lib/python3.12/site-packages/simple_control/__pycache__/path_planner.cpython-312.pyc
/root/csci_420_robotics_labs/lab6_ws/install/simple_control/lib/python3.12/site-packages/simple_control/__pycache__/__init__.cpython-312.pyc
/root/csci_420_robotics_labs/lab6_ws/install/simple_control/lib/python3.12/site-packages/simple_control/__pycache__/astar_class.cpython-312.pyc
/root/csci_420_robotics_labs/lab6_ws/install/simple_control/share/ament_index/resource_index/packages/simple_control
/root/csci_420_robotics_labs/lab6_ws/install/simple_control/share/simple_control/package.xml
/root/csci_420_robotics_labs/lab6_ws/install/simple_control/lib/simple_control/astar_class.py
/root/csci_420_robotics_labs/lab6_ws/install/simple_control/lib/python3.12/site-packages/simple_control-0.0.0-py3.12.egg-info/PKG-INFO
/root/csci_420_robotics_labs/lab6_ws/install/simple_control/lib/python3.12/site-packages/simple_control-0.0.0-py3.12.egg-info/zip-safe
/root/csci_420_robotics_labs/lab6_ws/install/simple_control/lib/python3.12/site-packages/simple_control-0.0.0-py3.12.egg-info/SOURCES.txt
/root/csci_420_robotics_labs/lab6_ws/install/simple_control/lib/python3.12/site-packages/simple_control-0.0.0-py3.12.egg-info/entry_points.txt
/root/csci_420_robotics_labs/lab6_ws/install/simple_control/lib/python3.12/site-packages/simple_control-0.0.0-py3.12.egg-info/requires.txt
/root/csci_420_robotics_labs/lab6_ws/install/simple_control/lib/python3.12/site-packages/simple_control-0.0.0-py3.12.egg-info/top_level.txt
/root/csci_420_robotics_labs/lab6_ws/install/simple_control/lib/python3.12/site-packages/simple_control-0.0.0-py3.12.egg-info/dependency_links.txt
/root/csci_420_robotics_labs/lab6_ws/install/simple_control/lib/simple_control/geofence_and_mission
/root/csci_420_robotics_labs/lab6_ws/install/simple_control/lib/simple_control/path_planner
