[0.042s] Invoking command in '/root/csci_420_robotics_labs/lab6_ws/build/flightgoggles': CMAKE_PREFIX_PATH=${CMAKE_PREFIX_PATH}:/root/csci_420_robotics_labs/lab6_ws/install/simple_sim:/root/csci_420_robotics_labs/lab6_ws/install/simple_control:/opt/ros/kilted /usr/bin/cmake --build /root/csci_420_robotics_labs/lab6_ws/build/flightgoggles -- -j8 -l8
[0.422s] Invoked command in '/root/csci_420_robotics_labs/lab6_ws/build/flightgoggles' returned '0': CMAKE_PREFIX_PATH=${CMAKE_PREFIX_PATH}:/root/csci_420_robotics_labs/lab6_ws/install/simple_sim:/root/csci_420_robotics_labs/lab6_ws/install/simple_control:/opt/ros/kilted /usr/bin/cmake --build /root/csci_420_robotics_labs/lab6_ws/build/flightgoggles -- -j8 -l8
[0.423s] Invoking command in '/root/csci_420_robotics_labs/lab6_ws/build/flightgoggles': CMAKE_PREFIX_PATH=${CMAKE_PREFIX_PATH}:/root/csci_420_robotics_labs/lab6_ws/install/simple_sim:/root/csci_420_robotics_labs/lab6_ws/install/simple_control:/opt/ros/kilted /usr/bin/cmake --install /root/csci_420_robotics_labs/lab6_ws/build/flightgoggles
[0.446s] -- Install configuration: ""
[0.447s] -- Up-to-date: /root/csci_420_robotics_labs/lab6_ws/install/flightgoggles/share/flightgoggles/launch
[0.448s] -- Up-to-date: /root/csci_420_robotics_labs/lab6_ws/install/flightgoggles/share/flightgoggles/launch/core.launch
[0.448s] -- Up-to-date: /root/csci_420_robotics_labs/lab6_ws/install/flightgoggles/share/ament_index/resource_index/package_run_dependencies/flightgoggles
[0.448s] -- Up-to-date: /root/csci_420_robotics_labs/lab6_ws/install/flightgoggles/share/ament_index/resource_index/parent_prefix_path/flightgoggles
[0.449s] -- Up-to-date: /root/csci_420_robotics_labs/lab6_ws/install/flightgoggles/share/flightgoggles/environment/ament_prefix_path.sh
[0.449s] -- Up-to-date: /root/csci_420_robotics_labs/lab6_ws/install/flightgoggles/share/flightgoggles/environment/ament_prefix_path.dsv
[0.450s] -- Up-to-date: /root/csci_420_robotics_labs/lab6_ws/install/flightgoggles/share/flightgoggles/environment/path.sh
[0.452s] -- Up-to-date: /root/csci_420_robotics_labs/lab6_ws/install/flightgoggles/share/flightgoggles/environment/path.dsv
[0.453s] -- Up-to-date: /root/csci_420_robotics_labs/lab6_ws/install/flightgoggles/share/flightgoggles/local_setup.bash
[0.454s] -- Up-to-date: /root/csci_420_robotics_labs/lab6_ws/install/flightgoggles/share/flightgoggles/local_setup.sh
[0.455s] -- Up-to-date: /root/csci_420_robotics_labs/lab6_ws/install/flightgoggles/share/flightgoggles/local_setup.zsh
[0.455s] -- Up-to-date: /root/csci_420_robotics_labs/lab6_ws/install/flightgoggles/share/flightgoggles/local_setup.dsv
[0.455s] -- Installing: /root/csci_420_robotics_labs/lab6_ws/install/flightgoggles/share/flightgoggles/package.dsv
[0.463s] -- Up-to-date: /root/csci_420_robotics_labs/lab6_ws/install/flightgoggles/share/ament_index/resource_index/packages/flightgoggles
[0.466s] -- Up-to-date: /root/csci_420_robotics_labs/lab6_ws/install/flightgoggles/share/flightgoggles/cmake/flightgogglesConfig.cmake
[0.467s] -- Up-to-date: /root/csci_420_robotics_labs/lab6_ws/install/flightgoggles/share/flightgoggles/cmake/flightgogglesConfig-version.cmake
[0.469s] -- Up-to-date: /root/csci_420_robotics_labs/lab6_ws/install/flightgoggles/share/flightgoggles/package.xml
[0.488s] Invoked command in '/root/csci_420_robotics_labs/lab6_ws/build/flightgoggles' returned '0': CMAKE_PREFIX_PATH=${CMAKE_PREFIX_PATH}:/root/csci_420_robotics_labs/lab6_ws/install/simple_sim:/root/csci_420_robotics_labs/lab6_ws/install/simple_control:/opt/ros/kilted /usr/bin/cmake --install /root/csci_420_robotics_labs/lab6_ws/build/flightgoggles
