[0.032s] Invoking command in '/root/csci_420_robotics_labs/lab6_ws/build/flightgoggles_uav_dynamics': CMAKE_PREFIX_PATH=${CMAKE_PREFIX_PATH}:/opt/ros/kilted /usr/bin/cmake --build /root/csci_420_robotics_labs/lab6_ws/build/flightgoggles_uav_dynamics -- -j8 -l8
[0.371s] [ 33%] Built target inertialMeasurementSim
[0.372s] [ 66%] Built target multicopterDynamicsSim
[0.373s] [100%] Built target flightgoggles_uav_dynamics_node
[0.391s] Invoked command in '/root/csci_420_robotics_labs/lab6_ws/build/flightgoggles_uav_dynamics' returned '0': CMAKE_PREFIX_PATH=${CMAKE_PREFIX_PATH}:/opt/ros/kilted /usr/bin/cmake --build /root/csci_420_robotics_labs/lab6_ws/build/flightgoggles_uav_dynamics -- -j8 -l8
[0.402s] Invoking command in '/root/csci_420_robotics_labs/lab6_ws/build/flightgoggles_uav_dynamics': CMAKE_PREFIX_PATH=${CMAKE_PREFIX_PATH}:/opt/ros/kilted /usr/bin/cmake --install /root/csci_420_robotics_labs/lab6_ws/build/flightgoggles_uav_dynamics
[0.453s] -- Install configuration: ""
[0.454s] -- Up-to-date: /root/csci_420_robotics_labs/lab6_ws/install/flightgoggles_uav_dynamics/lib/flightgoggles_uav_dynamics/node
[0.455s] -- Up-to-date: /root/csci_420_robotics_labs/lab6_ws/install/flightgoggles_uav_dynamics/share/ament_index/resource_index/package_run_dependencies/flightgoggles_uav_dynamics
[0.458s] -- Up-to-date: /root/csci_420_robotics_labs/lab6_ws/install/flightgoggles_uav_dynamics/share/ament_index/resource_index/parent_prefix_path/flightgoggles_uav_dynamics
[0.459s] -- Up-to-date: /root/csci_420_robotics_labs/lab6_ws/install/flightgoggles_uav_dynamics/share/flightgoggles_uav_dynamics/environment/ament_prefix_path.sh
[0.461s] -- Up-to-date: /root/csci_420_robotics_labs/lab6_ws/install/flightgoggles_uav_dynamics/share/flightgoggles_uav_dynamics/environment/ament_prefix_path.dsv
[0.463s] -- Up-to-date: /root/csci_420_robotics_labs/lab6_ws/install/flightgoggles_uav_dynamics/share/flightgoggles_uav_dynamics/environment/path.sh
[0.464s] -- Up-to-date: /root/csci_420_robotics_labs/lab6_ws/install/flightgoggles_uav_dynamics/share/flightgoggles_uav_dynamics/environment/path.dsv
[0.466s] -- Up-to-date: /root/csci_420_robotics_labs/lab6_ws/install/flightgoggles_uav_dynamics/share/flightgoggles_uav_dynamics/local_setup.bash
[0.467s] -- Up-to-date: /root/csci_420_robotics_labs/lab6_ws/install/flightgoggles_uav_dynamics/share/flightgoggles_uav_dynamics/local_setup.sh
[0.470s] -- Up-to-date: /root/csci_420_robotics_labs/lab6_ws/install/flightgoggles_uav_dynamics/share/flightgoggles_uav_dynamics/local_setup.zsh
[0.471s] -- Up-to-date: /root/csci_420_robotics_labs/lab6_ws/install/flightgoggles_uav_dynamics/share/flightgoggles_uav_dynamics/local_setup.dsv
[0.473s] -- Installing: /root/csci_420_robotics_labs/lab6_ws/install/flightgoggles_uav_dynamics/share/flightgoggles_uav_dynamics/package.dsv
[0.473s] -- Up-to-date: /root/csci_420_robotics_labs/lab6_ws/install/flightgoggles_uav_dynamics/share/ament_index/resource_index/packages/flightgoggles_uav_dynamics
[0.477s] -- Up-to-date: /root/csci_420_robotics_labs/lab6_ws/install/flightgoggles_uav_dynamics/share/flightgoggles_uav_dynamics/cmake/flightgoggles_uav_dynamicsConfig.cmake
[0.479s] -- Up-to-date: /root/csci_420_robotics_labs/lab6_ws/install/flightgoggles_uav_dynamics/share/flightgoggles_uav_dynamics/cmake/flightgoggles_uav_dynamicsConfig-version.cmake
[0.480s] -- Up-to-date: /root/csci_420_robotics_labs/lab6_ws/install/flightgoggles_uav_dynamics/share/flightgoggles_uav_dynamics/package.xml
[0.544s] Invoked command in '/root/csci_420_robotics_labs/lab6_ws/build/flightgoggles_uav_dynamics' returned '0': CMAKE_PREFIX_PATH=${CMAKE_PREFIX_PATH}:/opt/ros/kilted /usr/bin/cmake --install /root/csci_420_robotics_labs/lab6_ws/build/flightgoggles_uav_dynamics
