[0.014s] Invoking command in '/root/csci_420_robotics_labs/lab6_ws/build/keyboard': AMENT_PREFIX_PATH=/root/csci_420_robotics_labs/lab6_ws/install/keyboard_msgs:${AMENT_PREFIX_PATH} CMAKE_PREFIX_PATH=/root/csci_420_robotics_labs/lab6_ws/install/keyboard_msgs:/opt/ros/kilted/opt/gz_sim_vendor:/opt/ros/kilted/opt/gz_sensors_vendor:/opt/ros/kilted/opt/gz_physics_vendor:/opt/ros/kilted/opt/sdformat_vendor:/opt/ros/kilted/opt/gz_gui_vendor:/opt/ros/kilted/opt/gz_transport_vendor:/opt/ros/kilted/opt/gz_rendering_vendor:/opt/ros/kilted/opt/gz_plugin_vendor:/opt/ros/kilted/opt/gz_fuel_tools_vendor:/opt/ros/kilted/opt/gz_msgs_vendor:/opt/ros/kilted/opt/gz_common_vendor:/opt/ros/kilted/opt/gz_math_vendor:/opt/ros/kilted/opt/gz_utils_vendor:/opt/ros/kilted/opt/gz_tools_vendor:/opt/ros/kilted/opt/gz_ogre_next_vendor:/opt/ros/kilted/opt/gz_dartsim_vendor:/opt/ros/kilted/opt/gz_cmake_vendor:/opt/ros/kilted LD_LIBRARY_PATH=/root/csci_420_robotics_labs/lab6_ws/install/keyboard_msgs/lib:${LD_LIBRARY_PATH} PYTHONPATH=/root/csci_420_robotics_labs/lab6_ws/install/keyboard_msgs/lib/python3.12/site-packages:${PYTHONPATH} /usr/bin/cmake --build /root/csci_420_robotics_labs/lab6_ws/build/keyboard -- -j8 -l8
[0.145s] [100%] Built target keyboard
[0.154s] Invoked command in '/root/csci_420_robotics_labs/lab6_ws/build/keyboard' returned '0': AMENT_PREFIX_PATH=/root/csci_420_robotics_labs/lab6_ws/install/keyboard_msgs:${AMENT_PREFIX_PATH} CMAKE_PREFIX_PATH=/root/csci_420_robotics_labs/lab6_ws/install/keyboard_msgs:/opt/ros/kilted/opt/gz_sim_vendor:/opt/ros/kilted/opt/gz_sensors_vendor:/opt/ros/kilted/opt/gz_physics_vendor:/opt/ros/kilted/opt/sdformat_vendor:/opt/ros/kilted/opt/gz_gui_vendor:/opt/ros/kilted/opt/gz_transport_vendor:/opt/ros/kilted/opt/gz_rendering_vendor:/opt/ros/kilted/opt/gz_plugin_vendor:/opt/ros/kilted/opt/gz_fuel_tools_vendor:/opt/ros/kilted/opt/gz_msgs_vendor:/opt/ros/kilted/opt/gz_common_vendor:/opt/ros/kilted/opt/gz_math_vendor:/opt/ros/kilted/opt/gz_utils_vendor:/opt/ros/kilted/opt/gz_tools_vendor:/opt/ros/kilted/opt/gz_ogre_next_vendor:/opt/ros/kilted/opt/gz_dartsim_vendor:/opt/ros/kilted/opt/gz_cmake_vendor:/opt/ros/kilted LD_LIBRARY_PATH=/root/csci_420_robotics_labs/lab6_ws/install/keyboard_msgs/lib:${LD_LIBRARY_PATH} PYTHONPATH=/root/csci_420_robotics_labs/lab6_ws/install/keyboard_msgs/lib/python3.12/site-packages:${PYTHONPATH} /usr/bin/cmake --build /root/csci_420_robotics_labs/lab6_ws/build/keyboard -- -j8 -l8
[0.158s] Invoking command in '/root/csci_420_robotics_labs/lab6_ws/build/keyboard': AMENT_PREFIX_PATH=/root/csci_420_robotics_labs/lab6_ws/install/keyboard_msgs:${AMENT_PREFIX_PATH} CMAKE_PREFIX_PATH=/root/csci_420_robotics_labs/lab6_ws/install/keyboard_msgs:/opt/ros/kilted/opt/gz_sim_vendor:/opt/ros/kilted/opt/gz_sensors_vendor:/opt/ros/kilted/opt/gz_physics_vendor:/opt/ros/kilted/opt/sdformat_vendor:/opt/ros/kilted/opt/gz_gui_vendor:/opt/ros/kilted/opt/gz_transport_vendor:/opt/ros/kilted/opt/gz_rendering_vendor:/opt/ros/kilted/opt/gz_plugin_vendor:/opt/ros/kilted/opt/gz_fuel_tools_vendor:/opt/ros/kilted/opt/gz_msgs_vendor:/opt/ros/kilted/opt/gz_common_vendor:/opt/ros/kilted/opt/gz_math_vendor:/opt/ros/kilted/opt/gz_utils_vendor:/opt/ros/kilted/opt/gz_tools_vendor:/opt/ros/kilted/opt/gz_ogre_next_vendor:/opt/ros/kilted/opt/gz_dartsim_vendor:/opt/ros/kilted/opt/gz_cmake_vendor:/opt/ros/kilted LD_LIBRARY_PATH=/root/csci_420_robotics_labs/lab6_ws/install/keyboard_msgs/lib:${LD_LIBRARY_PATH} PYTHONPATH=/root/csci_420_robotics_labs/lab6_ws/install/keyboard_msgs/lib/python3.12/site-packages:${PYTHONPATH} /usr/bin/cmake --install /root/csci_420_robotics_labs/lab6_ws/build/keyboard
[0.165s] -- Install configuration: "Release"
[0.168s] -- Up-to-date: /root/csci_420_robotics_labs/lab6_ws/install/keyboard/lib/keyboard/keyboard
[0.170s] -- Up-to-date: /root/csci_420_robotics_labs/lab6_ws/install/keyboard/lib/keyboard/keyboard_to_joy.py
[0.170s] -- Up-to-date: /root/csci_420_robotics_labs/lab6_ws/install/keyboard/share/keyboard/config
[0.170s] -- Up-to-date: /root/csci_420_robotics_labs/lab6_ws/install/keyboard/share/keyboard/config/example_config.yaml
[0.171s] -- Up-to-date: /root/csci_420_robotics_labs/lab6_ws/install/keyboard/share/ament_index/resource_index/package_run_dependencies/keyboard
[0.171s] -- Up-to-date: /root/csci_420_robotics_labs/lab6_ws/install/keyboard/share/ament_index/resource_index/parent_prefix_path/keyboard
[0.172s] -- Up-to-date: /root/csci_420_robotics_labs/lab6_ws/install/keyboard/share/keyboard/environment/ament_prefix_path.sh
[0.172s] -- Up-to-date: /root/csci_420_robotics_labs/lab6_ws/install/keyboard/share/keyboard/environment/ament_prefix_path.dsv
[0.172s] -- Up-to-date: /root/csci_420_robotics_labs/lab6_ws/install/keyboard/share/keyboard/environment/path.sh
[0.172s] -- Up-to-date: /root/csci_420_robotics_labs/lab6_ws/install/keyboard/share/keyboard/environment/path.dsv
[0.173s] -- Up-to-date: /root/csci_420_robotics_labs/lab6_ws/install/keyboard/share/keyboard/local_setup.bash
[0.173s] -- Up-to-date: /root/csci_420_robotics_labs/lab6_ws/install/keyboard/share/keyboard/local_setup.sh
[0.174s] -- Up-to-date: /root/csci_420_robotics_labs/lab6_ws/install/keyboard/share/keyboard/local_setup.zsh
[0.174s] -- Up-to-date: /root/csci_420_robotics_labs/lab6_ws/install/keyboard/share/keyboard/local_setup.dsv
[0.175s] -- Installing: /root/csci_420_robotics_labs/lab6_ws/install/keyboard/share/keyboard/package.dsv
[0.177s] -- Up-to-date: /root/csci_420_robotics_labs/lab6_ws/install/keyboard/share/ament_index/resource_index/packages/keyboard
[0.177s] -- Up-to-date: /root/csci_420_robotics_labs/lab6_ws/install/keyboard/share/keyboard/cmake/keyboardConfig.cmake
[0.177s] -- Up-to-date: /root/csci_420_robotics_labs/lab6_ws/install/keyboard/share/keyboard/cmake/keyboardConfig-version.cmake
[0.177s] -- Up-to-date: /root/csci_420_robotics_labs/lab6_ws/install/keyboard/share/keyboard/package.xml
[0.180s] Invoked command in '/root/csci_420_robotics_labs/lab6_ws/build/keyboard' returned '0': AMENT_PREFIX_PATH=/root/csci_420_robotics_labs/lab6_ws/install/keyboard_msgs:${AMENT_PREFIX_PATH} CMAKE_PREFIX_PATH=/root/csci_420_robotics_labs/lab6_ws/install/keyboard_msgs:/opt/ros/kilted/opt/gz_sim_vendor:/opt/ros/kilted/opt/gz_sensors_vendor:/opt/ros/kilted/opt/gz_physics_vendor:/opt/ros/kilted/opt/sdformat_vendor:/opt/ros/kilted/opt/gz_gui_vendor:/opt/ros/kilted/opt/gz_transport_vendor:/opt/ros/kilted/opt/gz_rendering_vendor:/opt/ros/kilted/opt/gz_plugin_vendor:/opt/ros/kilted/opt/gz_fuel_tools_vendor:/opt/ros/kilted/opt/gz_msgs_vendor:/opt/ros/kilted/opt/gz_common_vendor:/opt/ros/kilted/opt/gz_math_vendor:/opt/ros/kilted/opt/gz_utils_vendor:/opt/ros/kilted/opt/gz_tools_vendor:/opt/ros/kilted/opt/gz_ogre_next_vendor:/opt/ros/kilted/opt/gz_dartsim_vendor:/opt/ros/kilted/opt/gz_cmake_vendor:/opt/ros/kilted LD_LIBRARY_PATH=/root/csci_420_robotics_labs/lab6_ws/install/keyboard_msgs/lib:${LD_LIBRARY_PATH} PYTHONPATH=/root/csci_420_robotics_labs/lab6_ws/install/keyboard_msgs/lib/python3.12/site-packages:${PYTHONPATH} /usr/bin/cmake --install /root/csci_420_robotics_labs/lab6_ws/build/keyboard
