[0.043s] Invoking command in '/root/csci_420_robotics_labs/lab6_ws/build/flightcontroller': CMAKE_PREFIX_PATH=${CMAKE_PREFIX_PATH}:/root/csci_420_robotics_labs/lab6_ws/install/simple_sim:/root/csci_420_robotics_labs/lab6_ws/install/simple_control:/opt/ros/kilted /usr/bin/cmake --build /root/csci_420_robotics_labs/lab6_ws/build/flightcontroller -- -j8 -l8
[0.463s] Invoked command in '/root/csci_420_robotics_labs/lab6_ws/build/flightcontroller' returned '0': CMAKE_PREFIX_PATH=${CMAKE_PREFIX_PATH}:/root/csci_420_robotics_labs/lab6_ws/install/simple_sim:/root/csci_420_robotics_labs/lab6_ws/install/simple_control:/opt/ros/kilted /usr/bin/cmake --build /root/csci_420_robotics_labs/lab6_ws/build/flightcontroller -- -j8 -l8
[0.466s] Invoking command in '/root/csci_420_robotics_labs/lab6_ws/build/flightcontroller': CMAKE_PREFIX_PATH=${CMAKE_PREFIX_PATH}:/root/csci_420_robotics_labs/lab6_ws/install/simple_sim:/root/csci_420_robotics_labs/lab6_ws/install/simple_control:/opt/ros/kilted /usr/bin/cmake --install /root/csci_420_robotics_labs/lab6_ws/build/flightcontroller
[0.483s] -- Install configuration: ""
[0.484s] -- Up-to-date: /root/csci_420_robotics_labs/lab6_ws/install/flightcontroller/share/flightcontroller/launch
[0.485s] -- Up-to-date: /root/csci_420_robotics_labs/lab6_ws/install/flightcontroller/share/flightcontroller/launch/angle.launch
[0.485s] -- Up-to-date: /root/csci_420_robotics_labs/lab6_ws/install/flightcontroller/share/flightcontroller/launch/position.launch
[0.487s] -- Up-to-date: /root/csci_420_robotics_labs/lab6_ws/install/flightcontroller/share/flightcontroller/launch/fly.launch
[0.488s] -- Up-to-date: /root/csci_420_robotics_labs/lab6_ws/install/flightcontroller/share/flightcontroller/launch/velocity.launch
[0.488s] -- Up-to-date: /root/csci_420_robotics_labs/lab6_ws/install/flightcontroller/share/flightcontroller/maps
[0.489s] -- Up-to-date: /root/csci_420_robotics_labs/lab6_ws/install/flightcontroller/share/flightcontroller/maps/map_small0.yaml
[0.489s] -- Installing: /root/csci_420_robotics_labs/lab6_ws/install/flightcontroller/share/flightcontroller/maps/mybugmap.png
[0.491s] -- Up-to-date: /root/csci_420_robotics_labs/lab6_ws/install/flightcontroller/share/flightcontroller/maps/map_medium0.pgm
[0.493s] -- Up-to-date: /root/csci_420_robotics_labs/lab6_ws/install/flightcontroller/share/flightcontroller/maps/map_medium2.yaml
[0.494s] -- Up-to-date: /root/csci_420_robotics_labs/lab6_ws/install/flightcontroller/share/flightcontroller/maps/map_medium1.yaml
[0.496s] -- Up-to-date: /root/csci_420_robotics_labs/lab6_ws/install/flightcontroller/share/flightcontroller/maps/map_medium0.yaml
[0.498s] -- Up-to-date: /root/csci_420_robotics_labs/lab6_ws/install/flightcontroller/share/flightcontroller/maps/mybugmap.yaml
[0.498s] -- Up-to-date: /root/csci_420_robotics_labs/lab6_ws/install/flightcontroller/share/flightcontroller/maps/map_large0.png
[0.502s] -- Up-to-date: /root/csci_420_robotics_labs/lab6_ws/install/flightcontroller/share/flightcontroller/maps/map_medium2.png
[0.505s] -- Up-to-date: /root/csci_420_robotics_labs/lab6_ws/install/flightcontroller/share/flightcontroller/maps/map_medium0.png
[0.507s] -- Up-to-date: /root/csci_420_robotics_labs/lab6_ws/install/flightcontroller/share/flightcontroller/maps/map_small0.png
[0.509s] -- Up-to-date: /root/csci_420_robotics_labs/lab6_ws/install/flightcontroller/share/flightcontroller/maps/map_medium1.png
[0.512s] -- Up-to-date: /root/csci_420_robotics_labs/lab6_ws/install/flightcontroller/share/flightcontroller/maps/map_large0.yaml
[0.518s] -- Up-to-date: /root/csci_420_robotics_labs/lab6_ws/install/flightcontroller/lib/flightcontroller/angle_calculator.py
[0.520s] -- Up-to-date: /root/csci_420_robotics_labs/lab6_ws/install/flightcontroller/lib/flightcontroller/angle_controller.py
[0.522s] -- Up-to-date: /root/csci_420_robotics_labs/lab6_ws/install/flightcontroller/lib/flightcontroller/position_controller.py
[0.523s] -- Up-to-date: /root/csci_420_robotics_labs/lab6_ws/install/flightcontroller/lib/flightcontroller/velocity_controller.py
[0.526s] -- Up-to-date: /root/csci_420_robotics_labs/lab6_ws/install/flightcontroller/lib/flightcontroller/pid_class.py
[0.527s] -- Up-to-date: /root/csci_420_robotics_labs/lab6_ws/install/flightcontroller/share/ament_index/resource_index/package_run_dependencies/flightcontroller
[0.528s] -- Up-to-date: /root/csci_420_robotics_labs/lab6_ws/install/flightcontroller/share/ament_index/resource_index/parent_prefix_path/flightcontroller
[0.528s] -- Up-to-date: /root/csci_420_robotics_labs/lab6_ws/install/flightcontroller/share/flightcontroller/environment/ament_prefix_path.sh
[0.529s] -- Up-to-date: /root/csci_420_robotics_labs/lab6_ws/install/flightcontroller/share/flightcontroller/environment/ament_prefix_path.dsv
[0.531s] -- Up-to-date: /root/csci_420_robotics_labs/lab6_ws/install/flightcontroller/share/flightcontroller/environment/path.sh
[0.532s] -- Up-to-date: /root/csci_420_robotics_labs/lab6_ws/install/flightcontroller/share/flightcontroller/environment/path.dsv
[0.537s] -- Up-to-date: /root/csci_420_robotics_labs/lab6_ws/install/flightcontroller/share/flightcontroller/local_setup.bash
[0.542s] -- Up-to-date: /root/csci_420_robotics_labs/lab6_ws/install/flightcontroller/share/flightcontroller/local_setup.sh
[0.544s] -- Up-to-date: /root/csci_420_robotics_labs/lab6_ws/install/flightcontroller/share/flightcontroller/local_setup.zsh
[0.547s] -- Up-to-date: /root/csci_420_robotics_labs/lab6_ws/install/flightcontroller/share/flightcontroller/local_setup.dsv
[0.548s] -- Installing: /root/csci_420_robotics_labs/lab6_ws/install/flightcontroller/share/flightcontroller/package.dsv
[0.551s] -- Up-to-date: /root/csci_420_robotics_labs/lab6_ws/install/flightcontroller/share/ament_index/resource_index/packages/flightcontroller
[0.552s] -- Up-to-date: /root/csci_420_robotics_labs/lab6_ws/install/flightcontroller/share/flightcontroller/cmake/flightcontrollerConfig.cmake
[0.553s] -- Up-to-date: /root/csci_420_robotics_labs/lab6_ws/install/flightcontroller/share/flightcontroller/cmake/flightcontrollerConfig-version.cmake
[0.554s] -- Up-to-date: /root/csci_420_robotics_labs/lab6_ws/install/flightcontroller/share/flightcontroller/package.xml
[0.658s] Invoked command in '/root/csci_420_robotics_labs/lab6_ws/build/flightcontroller' returned '0': CMAKE_PREFIX_PATH=${CMAKE_PREFIX_PATH}:/root/csci_420_robotics_labs/lab6_ws/install/simple_sim:/root/csci_420_robotics_labs/lab6_ws/install/simple_control:/opt/ros/kilted /usr/bin/cmake --install /root/csci_420_robotics_labs/lab6_ws/build/flightcontroller
