[0.037s] Invoking command in '/root/csci_420_robotics_labs/lab6_ws/build/flightgoggles': CMAKE_PREFIX_PATH=${CMAKE_PREFIX_PATH}:/root/csci_420_robotics_labs/lab6_ws/install/simple_sim:/root/csci_420_robotics_labs/lab6_ws/install/simple_control:/opt/ros/kilted /usr/bin/cmake /root/csci_420_robotics_labs/lab6_ws/src/flightgoggles/flightgoggles -DCMAKE_INSTALL_PREFIX=/root/csci_420_robotics_labs/lab6_ws/install/flightgoggles
[0.595s] -- The C compiler identification is GNU 13.3.0
[0.596s] -- The CXX compiler identification is GNU 13.3.0
[0.596s] -- Detecting C compiler ABI info
[0.597s] -- Detecting C compiler ABI info - done
[0.612s] -- Check for working C compiler: /usr/bin/cc - skipped
[0.612s] -- Detecting C compile features
[0.613s] -- Detecting C compile features - done
[0.625s] -- Detecting CXX compiler ABI info
[0.923s] -- Detecting CXX compiler ABI info - done
[0.965s] -- Check for working CXX compiler: /usr/bin/c++ - skipped
[0.966s] -- Detecting CXX compile features
[0.969s] -- Detecting CXX compile features - done
[1.008s] -- Found ament_cmake: 2.7.3 (/opt/ros/kilted/share/ament_cmake/cmake)
[2.966s] -- Found Python3: /usr/bin/python3 (found version "3.12.3") found components: Interpreter 
[3.341s] -- Found rclcpp: 29.5.2 (/opt/ros/kilted/share/rclcpp/cmake)
[3.533s] -- Found rosidl_generator_c: 4.9.5 (/opt/ros/kilted/share/rosidl_generator_c/cmake)
[3.611s] -- Found rosidl_generator_cpp: 4.9.5 (/opt/ros/kilted/share/rosidl_generator_cpp/cmake)
[3.698s] -- Using all available rosidl_typesupport_c: rosidl_typesupport_fastrtps_c;rosidl_typesupport_introspection_c
[3.788s] -- Using all available rosidl_typesupport_cpp: rosidl_typesupport_fastrtps_cpp;rosidl_typesupport_introspection_cpp
[4.035s] -- Found rmw_implementation_cmake: 7.8.2 (/opt/ros/kilted/share/rmw_implementation_cmake/cmake)
[4.076s] -- Found rmw_fastrtps_cpp: 9.3.2 (/opt/ros/kilted/share/rmw_fastrtps_cpp/cmake)
[4.389s] -- Found OpenSSL: /usr/lib/aarch64-linux-gnu/libcrypto.so (found version "3.0.13")  
[4.405s] -- Using RMW implementation 'rmw_fastrtps_cpp' as default
[4.639s] -- Found std_msgs: 5.5.0 (/opt/ros/kilted/share/std_msgs/cmake)
[4.806s] -- Configuring done (4.8s)
[4.870s] -- Generating done (0.1s)
[4.905s] -- Build files have been written to: /root/csci_420_robotics_labs/lab6_ws/build/flightgoggles
[4.908s] Invoked command in '/root/csci_420_robotics_labs/lab6_ws/build/flightgoggles' returned '0': CMAKE_PREFIX_PATH=${CMAKE_PREFIX_PATH}:/root/csci_420_robotics_labs/lab6_ws/install/simple_sim:/root/csci_420_robotics_labs/lab6_ws/install/simple_control:/opt/ros/kilted /usr/bin/cmake /root/csci_420_robotics_labs/lab6_ws/src/flightgoggles/flightgoggles -DCMAKE_INSTALL_PREFIX=/root/csci_420_robotics_labs/lab6_ws/install/flightgoggles
[4.909s] Invoking command in '/root/csci_420_robotics_labs/lab6_ws/build/flightgoggles': CMAKE_PREFIX_PATH=${CMAKE_PREFIX_PATH}:/root/csci_420_robotics_labs/lab6_ws/install/simple_sim:/root/csci_420_robotics_labs/lab6_ws/install/simple_control:/opt/ros/kilted /usr/bin/cmake --build /root/csci_420_robotics_labs/lab6_ws/build/flightgoggles -- -j8 -l8
[4.939s] Invoked command in '/root/csci_420_robotics_labs/lab6_ws/build/flightgoggles' returned '0': CMAKE_PREFIX_PATH=${CMAKE_PREFIX_PATH}:/root/csci_420_robotics_labs/lab6_ws/install/simple_sim:/root/csci_420_robotics_labs/lab6_ws/install/simple_control:/opt/ros/kilted /usr/bin/cmake --build /root/csci_420_robotics_labs/lab6_ws/build/flightgoggles -- -j8 -l8
[4.941s] Invoking command in '/root/csci_420_robotics_labs/lab6_ws/build/flightgoggles': CMAKE_PREFIX_PATH=${CMAKE_PREFIX_PATH}:/root/csci_420_robotics_labs/lab6_ws/install/simple_sim:/root/csci_420_robotics_labs/lab6_ws/install/simple_control:/opt/ros/kilted /usr/bin/cmake --install /root/csci_420_robotics_labs/lab6_ws/build/flightgoggles
[4.948s] -- Install configuration: ""
[4.949s] -- Installing: /root/csci_420_robotics_labs/lab6_ws/install/flightgoggles/share/flightgoggles/launch
[4.950s] -- Installing: /root/csci_420_robotics_labs/lab6_ws/install/flightgoggles/share/flightgoggles/launch/core.launch
[4.971s] -- Installing: /root/csci_420_robotics_labs/lab6_ws/install/flightgoggles/share/ament_index/resource_index/package_run_dependencies/flightgoggles
[4.989s] -- Installing: /root/csci_420_robotics_labs/lab6_ws/install/flightgoggles/share/ament_index/resource_index/parent_prefix_path/flightgoggles
[4.992s] -- Installing: /root/csci_420_robotics_labs/lab6_ws/install/flightgoggles/share/flightgoggles/environment/ament_prefix_path.sh
[4.995s] -- Installing: /root/csci_420_robotics_labs/lab6_ws/install/flightgoggles/share/flightgoggles/environment/ament_prefix_path.dsv
[4.997s] -- Installing: /root/csci_420_robotics_labs/lab6_ws/install/flightgoggles/share/flightgoggles/environment/path.sh
[5.000s] -- Installing: /root/csci_420_robotics_labs/lab6_ws/install/flightgoggles/share/flightgoggles/environment/path.dsv
[5.005s] -- Installing: /root/csci_420_robotics_labs/lab6_ws/install/flightgoggles/share/flightgoggles/local_setup.bash
[5.008s] -- Installing: /root/csci_420_robotics_labs/lab6_ws/install/flightgoggles/share/flightgoggles/local_setup.sh
[5.010s] -- Installing: /root/csci_420_robotics_labs/lab6_ws/install/flightgoggles/share/flightgoggles/local_setup.zsh
[5.014s] -- Installing: /root/csci_420_robotics_labs/lab6_ws/install/flightgoggles/share/flightgoggles/local_setup.dsv
[5.015s] -- Installing: /root/csci_420_robotics_labs/lab6_ws/install/flightgoggles/share/flightgoggles/package.dsv
[5.019s] -- Installing: /root/csci_420_robotics_labs/lab6_ws/install/flightgoggles/share/ament_index/resource_index/packages/flightgoggles
[5.021s] -- Installing: /root/csci_420_robotics_labs/lab6_ws/install/flightgoggles/share/flightgoggles/cmake/flightgogglesConfig.cmake
[5.024s] -- Installing: /root/csci_420_robotics_labs/lab6_ws/install/flightgoggles/share/flightgoggles/cmake/flightgogglesConfig-version.cmake
[5.026s] -- Installing: /root/csci_420_robotics_labs/lab6_ws/install/flightgoggles/share/flightgoggles/package.xml
[5.031s] Invoked command in '/root/csci_420_robotics_labs/lab6_ws/build/flightgoggles' returned '0': CMAKE_PREFIX_PATH=${CMAKE_PREFIX_PATH}:/root/csci_420_robotics_labs/lab6_ws/install/simple_sim:/root/csci_420_robotics_labs/lab6_ws/install/simple_control:/opt/ros/kilted /usr/bin/cmake --install /root/csci_420_robotics_labs/lab6_ws/build/flightgoggles
