[0.436s] Invoking command in '/root/csci_420_robotics_labs/lab6_ws/build/visualizer': CMAKE_PREFIX_PATH=${CMAKE_PREFIX_PATH}:/root/csci_420_robotics_labs/lab6_ws/install/simple_sim:/root/csci_420_robotics_labs/lab6_ws/install/simple_control:/opt/ros/kilted /usr/bin/cmake --build /root/csci_420_robotics_labs/lab6_ws/build/visualizer -- -j8 -l8
[0.584s] Built target ament_cmake_python_copy_src
[0.771s] running egg_info
[0.787s] writing src.egg-info/PKG-INFO
[0.788s] writing dependency_links to src.egg-info/dependency_links.txt
[0.789s] writing top-level names to src.egg-info/top_level.txt
[0.831s] reading manifest file 'src.egg-info/SOURCES.txt'
[0.833s] writing manifest file 'src.egg-info/SOURCES.txt'
[0.854s] Built target ament_cmake_python_build_src_egg
[0.873s] Invoked command in '/root/csci_420_robotics_labs/lab6_ws/build/visualizer' returned '0': CMAKE_PREFIX_PATH=${CMAKE_PREFIX_PATH}:/root/csci_420_robotics_labs/lab6_ws/install/simple_sim:/root/csci_420_robotics_labs/lab6_ws/install/simple_control:/opt/ros/kilted /usr/bin/cmake --build /root/csci_420_robotics_labs/lab6_ws/build/visualizer -- -j8 -l8
[0.876s] Invoking command in '/root/csci_420_robotics_labs/lab6_ws/build/visualizer': CMAKE_PREFIX_PATH=${CMAKE_PREFIX_PATH}:/root/csci_420_robotics_labs/lab6_ws/install/simple_sim:/root/csci_420_robotics_labs/lab6_ws/install/simple_control:/opt/ros/kilted /usr/bin/cmake --install /root/csci_420_robotics_labs/lab6_ws/build/visualizer
[0.889s] -- Install configuration: ""
[0.890s] -- Up-to-date: /root/csci_420_robotics_labs/lab6_ws/install/visualizer/share/visualizer/environment/pythonpath.sh
[0.890s] -- Up-to-date: /root/csci_420_robotics_labs/lab6_ws/install/visualizer/share/visualizer/environment/pythonpath.dsv
[0.891s] -- Up-to-date: /root/csci_420_robotics_labs/lab6_ws/install/visualizer/lib/python3.12/site-packages/src-0.0.1-py3.12.egg-info
[0.891s] -- Installing: /root/csci_420_robotics_labs/lab6_ws/install/visualizer/lib/python3.12/site-packages/src-0.0.1-py3.12.egg-info/PKG-INFO
[0.894s] -- Installing: /root/csci_420_robotics_labs/lab6_ws/install/visualizer/lib/python3.12/site-packages/src-0.0.1-py3.12.egg-info/SOURCES.txt
[0.895s] -- Installing: /root/csci_420_robotics_labs/lab6_ws/install/visualizer/lib/python3.12/site-packages/src-0.0.1-py3.12.egg-info/top_level.txt
[0.897s] -- Installing: /root/csci_420_robotics_labs/lab6_ws/install/visualizer/lib/python3.12/site-packages/src-0.0.1-py3.12.egg-info/dependency_links.txt
[0.898s] -- Up-to-date: /root/csci_420_robotics_labs/lab6_ws/install/visualizer/lib/python3.12/site-packages/src
[0.899s] -- Up-to-date: /root/csci_420_robotics_labs/lab6_ws/install/visualizer/lib/python3.12/site-packages/src/gui_controller.py
[0.899s] -- Up-to-date: /root/csci_420_robotics_labs/lab6_ws/install/visualizer/lib/python3.12/site-packages/src/__init__.py
[0.900s] -- Up-to-date: /root/csci_420_robotics_labs/lab6_ws/install/visualizer/lib/python3.12/site-packages/src/gui.py
[0.927s] Listing '/root/csci_420_robotics_labs/lab6_ws/install/visualizer/lib/python3.12/site-packages/src'...
[0.933s] -- Up-to-date: /root/csci_420_robotics_labs/lab6_ws/install/visualizer/lib/visualizer/gui.py
[0.934s] -- Up-to-date: /root/csci_420_robotics_labs/lab6_ws/install/visualizer/lib/visualizer/gui_controller.py
[0.934s] -- Up-to-date: /root/csci_420_robotics_labs/lab6_ws/install/visualizer/share/visualizer/launch
[0.935s] -- Up-to-date: /root/csci_420_robotics_labs/lab6_ws/install/visualizer/share/visualizer/launch/view.launch
[0.935s] -- Up-to-date: /root/csci_420_robotics_labs/lab6_ws/install/visualizer/share/ament_index/resource_index/package_run_dependencies/visualizer
[0.936s] -- Up-to-date: /root/csci_420_robotics_labs/lab6_ws/install/visualizer/share/ament_index/resource_index/parent_prefix_path/visualizer
[0.940s] -- Up-to-date: /root/csci_420_robotics_labs/lab6_ws/install/visualizer/share/visualizer/environment/ament_prefix_path.sh
[0.940s] -- Up-to-date: /root/csci_420_robotics_labs/lab6_ws/install/visualizer/share/visualizer/environment/ament_prefix_path.dsv
[0.941s] -- Up-to-date: /root/csci_420_robotics_labs/lab6_ws/install/visualizer/share/visualizer/environment/path.sh
[0.942s] -- Up-to-date: /root/csci_420_robotics_labs/lab6_ws/install/visualizer/share/visualizer/environment/path.dsv
[0.942s] -- Up-to-date: /root/csci_420_robotics_labs/lab6_ws/install/visualizer/share/visualizer/local_setup.bash
[0.943s] -- Up-to-date: /root/csci_420_robotics_labs/lab6_ws/install/visualizer/share/visualizer/local_setup.sh
[0.943s] -- Up-to-date: /root/csci_420_robotics_labs/lab6_ws/install/visualizer/share/visualizer/local_setup.zsh
[0.944s] -- Up-to-date: /root/csci_420_robotics_labs/lab6_ws/install/visualizer/share/visualizer/local_setup.dsv
[0.944s] -- Installing: /root/csci_420_robotics_labs/lab6_ws/install/visualizer/share/visualizer/package.dsv
[0.945s] -- Up-to-date: /root/csci_420_robotics_labs/lab6_ws/install/visualizer/share/ament_index/resource_index/packages/visualizer
[0.946s] -- Up-to-date: /root/csci_420_robotics_labs/lab6_ws/install/visualizer/share/visualizer/cmake/visualizerConfig.cmake
[0.946s] -- Up-to-date: /root/csci_420_robotics_labs/lab6_ws/install/visualizer/share/visualizer/cmake/visualizerConfig-version.cmake
[0.947s] -- Up-to-date: /root/csci_420_robotics_labs/lab6_ws/install/visualizer/share/visualizer/package.xml
[0.948s] Invoked command in '/root/csci_420_robotics_labs/lab6_ws/build/visualizer' returned '0': CMAKE_PREFIX_PATH=${CMAKE_PREFIX_PATH}:/root/csci_420_robotics_labs/lab6_ws/install/simple_sim:/root/csci_420_robotics_labs/lab6_ws/install/simple_control:/opt/ros/kilted /usr/bin/cmake --install /root/csci_420_robotics_labs/lab6_ws/build/visualizer
