[0.047s] Invoking command in '/root/csci_420_robotics_labs/lab6_ws/build/sensor_simulation': CMAKE_PREFIX_PATH=${CMAKE_PREFIX_PATH}:/root/csci_420_robotics_labs/lab6_ws/install/simple_sim:/root/csci_420_robotics_labs/lab6_ws/install/simple_control:/opt/ros/kilted /usr/bin/cmake --build /root/csci_420_robotics_labs/lab6_ws/build/sensor_simulation -- -j8 -l8
[0.443s] Built target ament_cmake_python_copy_src
[0.443s] running egg_info
[0.443s] writing src.egg-info/PKG-INFO
[0.443s] writing dependency_links to src.egg-info/dependency_links.txt
[0.444s] writing top-level names to src.egg-info/top_level.txt
[0.444s] reading manifest file 'src.egg-info/SOURCES.txt'
[0.444s] writing manifest file 'src.egg-info/SOURCES.txt'
[0.444s] Built target ament_cmake_python_build_src_egg
[0.456s] Invoked command in '/root/csci_420_robotics_labs/lab6_ws/build/sensor_simulation' returned '0': CMAKE_PREFIX_PATH=${CMAKE_PREFIX_PATH}:/root/csci_420_robotics_labs/lab6_ws/install/simple_sim:/root/csci_420_robotics_labs/lab6_ws/install/simple_control:/opt/ros/kilted /usr/bin/cmake --build /root/csci_420_robotics_labs/lab6_ws/build/sensor_simulation -- -j8 -l8
[0.459s] Invoking command in '/root/csci_420_robotics_labs/lab6_ws/build/sensor_simulation': CMAKE_PREFIX_PATH=${CMAKE_PREFIX_PATH}:/root/csci_420_robotics_labs/lab6_ws/install/simple_sim:/root/csci_420_robotics_labs/lab6_ws/install/simple_control:/opt/ros/kilted /usr/bin/cmake --install /root/csci_420_robotics_labs/lab6_ws/build/sensor_simulation
[0.516s] -- Install configuration: ""
[0.519s] -- Up-to-date: /root/csci_420_robotics_labs/lab6_ws/install/sensor_simulation/share/sensor_simulation/environment/pythonpath.sh
[0.521s] -- Up-to-date: /root/csci_420_robotics_labs/lab6_ws/install/sensor_simulation/share/sensor_simulation/environment/pythonpath.dsv
[0.523s] -- Up-to-date: /root/csci_420_robotics_labs/lab6_ws/install/sensor_simulation/lib/python3.12/site-packages/src-0.0.0-py3.12.egg-info
[0.525s] -- Installing: /root/csci_420_robotics_labs/lab6_ws/install/sensor_simulation/lib/python3.12/site-packages/src-0.0.0-py3.12.egg-info/PKG-INFO
[0.530s] -- Installing: /root/csci_420_robotics_labs/lab6_ws/install/sensor_simulation/lib/python3.12/site-packages/src-0.0.0-py3.12.egg-info/SOURCES.txt
[0.532s] -- Installing: /root/csci_420_robotics_labs/lab6_ws/install/sensor_simulation/lib/python3.12/site-packages/src-0.0.0-py3.12.egg-info/top_level.txt
[0.535s] -- Installing: /root/csci_420_robotics_labs/lab6_ws/install/sensor_simulation/lib/python3.12/site-packages/src-0.0.0-py3.12.egg-info/dependency_links.txt
[0.536s] -- Up-to-date: /root/csci_420_robotics_labs/lab6_ws/install/sensor_simulation/lib/python3.12/site-packages/src
[0.536s] -- Up-to-date: /root/csci_420_robotics_labs/lab6_ws/install/sensor_simulation/lib/python3.12/site-packages/src/pressure.py
[0.537s] -- Up-to-date: /root/csci_420_robotics_labs/lab6_ws/install/sensor_simulation/lib/python3.12/site-packages/src/__init__.py
[0.537s] -- Up-to-date: /root/csci_420_robotics_labs/lab6_ws/install/sensor_simulation/lib/python3.12/site-packages/src/down_facing_camera.py
[0.538s] Listing '/root/csci_420_robotics_labs/lab6_ws/install/sensor_simulation/lib/python3.12/site-packages/src'...
[0.539s] -- Up-to-date: /root/csci_420_robotics_labs/lab6_ws/install/sensor_simulation/lib/sensor_simulation/pressure.py
[0.540s] -- Up-to-date: /root/csci_420_robotics_labs/lab6_ws/install/sensor_simulation/lib/sensor_simulation/down_facing_camera.py
[0.540s] -- Up-to-date: /root/csci_420_robotics_labs/lab6_ws/install/sensor_simulation/share/sensor_simulation/launch
[0.541s] -- Up-to-date: /root/csci_420_robotics_labs/lab6_ws/install/sensor_simulation/share/sensor_simulation/launch/sensors.launch
[0.542s] -- Up-to-date: /root/csci_420_robotics_labs/lab6_ws/install/sensor_simulation/lib/sensor_simulation/data
[0.543s] -- Up-to-date: /root/csci_420_robotics_labs/lab6_ws/install/sensor_simulation/lib/sensor_simulation/data/construction.jpeg
[0.543s] -- Up-to-date: /root/csci_420_robotics_labs/lab6_ws/install/sensor_simulation/share/ament_index/resource_index/package_run_dependencies/sensor_simulation
[0.545s] -- Up-to-date: /root/csci_420_robotics_labs/lab6_ws/install/sensor_simulation/share/ament_index/resource_index/parent_prefix_path/sensor_simulation
[0.549s] -- Up-to-date: /root/csci_420_robotics_labs/lab6_ws/install/sensor_simulation/share/sensor_simulation/environment/ament_prefix_path.sh
[0.550s] -- Up-to-date: /root/csci_420_robotics_labs/lab6_ws/install/sensor_simulation/share/sensor_simulation/environment/ament_prefix_path.dsv
[0.551s] -- Up-to-date: /root/csci_420_robotics_labs/lab6_ws/install/sensor_simulation/share/sensor_simulation/environment/path.sh
[0.551s] -- Up-to-date: /root/csci_420_robotics_labs/lab6_ws/install/sensor_simulation/share/sensor_simulation/environment/path.dsv
[0.552s] -- Up-to-date: /root/csci_420_robotics_labs/lab6_ws/install/sensor_simulation/share/sensor_simulation/local_setup.bash
[0.552s] -- Up-to-date: /root/csci_420_robotics_labs/lab6_ws/install/sensor_simulation/share/sensor_simulation/local_setup.sh
[0.553s] -- Up-to-date: /root/csci_420_robotics_labs/lab6_ws/install/sensor_simulation/share/sensor_simulation/local_setup.zsh
[0.553s] -- Up-to-date: /root/csci_420_robotics_labs/lab6_ws/install/sensor_simulation/share/sensor_simulation/local_setup.dsv
[0.553s] -- Installing: /root/csci_420_robotics_labs/lab6_ws/install/sensor_simulation/share/sensor_simulation/package.dsv
[0.554s] -- Up-to-date: /root/csci_420_robotics_labs/lab6_ws/install/sensor_simulation/share/ament_index/resource_index/packages/sensor_simulation
[0.555s] -- Up-to-date: /root/csci_420_robotics_labs/lab6_ws/install/sensor_simulation/share/sensor_simulation/cmake/sensor_simulationConfig.cmake
[0.556s] -- Up-to-date: /root/csci_420_robotics_labs/lab6_ws/install/sensor_simulation/share/sensor_simulation/cmake/sensor_simulationConfig-version.cmake
[0.556s] -- Up-to-date: /root/csci_420_robotics_labs/lab6_ws/install/sensor_simulation/share/sensor_simulation/package.xml
[0.652s] Invoked command in '/root/csci_420_robotics_labs/lab6_ws/build/sensor_simulation' returned '0': CMAKE_PREFIX_PATH=${CMAKE_PREFIX_PATH}:/root/csci_420_robotics_labs/lab6_ws/install/simple_sim:/root/csci_420_robotics_labs/lab6_ws/install/simple_control:/opt/ros/kilted /usr/bin/cmake --install /root/csci_420_robotics_labs/lab6_ws/build/sensor_simulation
