[0.036s] Invoking command in '/root/csci_420_robotics_labs/lab6_ws/build/flightgoggles_uav_dynamics': CMAKE_PREFIX_PATH=${CMAKE_PREFIX_PATH}:/opt/ros/kilted /usr/bin/cmake --build /root/csci_420_robotics_labs/lab6_ws/build/flightgoggles_uav_dynamics -- -j8 -l8
[0.317s] [ 33%] Built target inertialMeasurementSim
[0.318s] [ 66%] Built target multicopterDynamicsSim
[0.318s] [100%] Built target flightgoggles_uav_dynamics_node
[0.330s] Invoked command in '/root/csci_420_robotics_labs/lab6_ws/build/flightgoggles_uav_dynamics' returned '0': CMAKE_PREFIX_PATH=${CMAKE_PREFIX_PATH}:/opt/ros/kilted /usr/bin/cmake --build /root/csci_420_robotics_labs/lab6_ws/build/flightgoggles_uav_dynamics -- -j8 -l8
[0.333s] Invoking command in '/root/csci_420_robotics_labs/lab6_ws/build/flightgoggles_uav_dynamics': CMAKE_PREFIX_PATH=${CMAKE_PREFIX_PATH}:/opt/ros/kilted /usr/bin/cmake --install /root/csci_420_robotics_labs/lab6_ws/build/flightgoggles_uav_dynamics
[0.350s] -- Install configuration: ""
[0.358s] -- Up-to-date: /root/csci_420_robotics_labs/lab6_ws/install/flightgoggles_uav_dynamics/lib/flightgoggles_uav_dynamics/node
[0.365s] -- Up-to-date: /root/csci_420_robotics_labs/lab6_ws/install/flightgoggles_uav_dynamics/share/ament_index/resource_index/package_run_dependencies/flightgoggles_uav_dynamics
[0.370s] -- Up-to-date: /root/csci_420_robotics_labs/lab6_ws/install/flightgoggles_uav_dynamics/share/ament_index/resource_index/parent_prefix_path/flightgoggles_uav_dynamics
[0.370s] -- Up-to-date: /root/csci_420_robotics_labs/lab6_ws/install/flightgoggles_uav_dynamics/share/flightgoggles_uav_dynamics/environment/ament_prefix_path.sh
[0.371s] -- Up-to-date: /root/csci_420_robotics_labs/lab6_ws/install/flightgoggles_uav_dynamics/share/flightgoggles_uav_dynamics/environment/ament_prefix_path.dsv
[0.373s] -- Up-to-date: /root/csci_420_robotics_labs/lab6_ws/install/flightgoggles_uav_dynamics/share/flightgoggles_uav_dynamics/environment/path.sh
[0.375s] -- Up-to-date: /root/csci_420_robotics_labs/lab6_ws/install/flightgoggles_uav_dynamics/share/flightgoggles_uav_dynamics/environment/path.dsv
[0.379s] -- Up-to-date: /root/csci_420_robotics_labs/lab6_ws/install/flightgoggles_uav_dynamics/share/flightgoggles_uav_dynamics/local_setup.bash
[0.382s] -- Up-to-date: /root/csci_420_robotics_labs/lab6_ws/install/flightgoggles_uav_dynamics/share/flightgoggles_uav_dynamics/local_setup.sh
[0.383s] -- Up-to-date: /root/csci_420_robotics_labs/lab6_ws/install/flightgoggles_uav_dynamics/share/flightgoggles_uav_dynamics/local_setup.zsh
[0.385s] -- Up-to-date: /root/csci_420_robotics_labs/lab6_ws/install/flightgoggles_uav_dynamics/share/flightgoggles_uav_dynamics/local_setup.dsv
[0.388s] -- Installing: /root/csci_420_robotics_labs/lab6_ws/install/flightgoggles_uav_dynamics/share/flightgoggles_uav_dynamics/package.dsv
[0.392s] -- Up-to-date: /root/csci_420_robotics_labs/lab6_ws/install/flightgoggles_uav_dynamics/share/ament_index/resource_index/packages/flightgoggles_uav_dynamics
[0.393s] -- Up-to-date: /root/csci_420_robotics_labs/lab6_ws/install/flightgoggles_uav_dynamics/share/flightgoggles_uav_dynamics/cmake/flightgoggles_uav_dynamicsConfig.cmake
[0.394s] -- Up-to-date: /root/csci_420_robotics_labs/lab6_ws/install/flightgoggles_uav_dynamics/share/flightgoggles_uav_dynamics/cmake/flightgoggles_uav_dynamicsConfig-version.cmake
[0.395s] -- Up-to-date: /root/csci_420_robotics_labs/lab6_ws/install/flightgoggles_uav_dynamics/share/flightgoggles_uav_dynamics/package.xml
[0.452s] Invoked command in '/root/csci_420_robotics_labs/lab6_ws/build/flightgoggles_uav_dynamics' returned '0': CMAKE_PREFIX_PATH=${CMAKE_PREFIX_PATH}:/opt/ros/kilted /usr/bin/cmake --install /root/csci_420_robotics_labs/lab6_ws/build/flightgoggles_uav_dynamics
