[0.044s] Invoking command in '/root/csci_420_robotics_labs/lab6_ws/build/keyboard_msgs': CMAKE_PREFIX_PATH=${CMAKE_PREFIX_PATH}:/root/csci_420_robotics_labs/lab6_ws/install/simple_sim:/root/csci_420_robotics_labs/lab6_ws/install/simple_control:/opt/ros/kilted /usr/bin/cmake --build /root/csci_420_robotics_labs/lab6_ws/build/keyboard_msgs -- -j8 -l8
[0.459s] [  2%] Built target keyboard_msgs__rosidl_generator_type_description
[0.461s] [  5%] Built target keyboard_msgs__cpp
[0.461s] [ 11%] Built target ament_cmake_python_copy_keyboard_msgs
[0.462s] [ 20%] Built target keyboard_msgs__rosidl_generator_c
[0.462s] [ 29%] Built target keyboard_msgs__rosidl_typesupport_c
[0.463s] [ 38%] Built target keyboard_msgs__rosidl_typesupport_introspection_cpp
[0.463s] [ 61%] Built target keyboard_msgs__rosidl_typesupport_introspection_c
[0.463s] [ 61%] Built target keyboard_msgs__rosidl_typesupport_fastrtps_cpp
[0.463s] [ 73%] Built target keyboard_msgs__rosidl_typesupport_cpp
[0.463s] [ 73%] Built target keyboard_msgs__rosidl_typesupport_fastrtps_c
[0.464s] [ 73%] Built target keyboard_msgs
[0.464s] [ 76%] Built target keyboard_msgs__py
[0.464s] running egg_info
[0.464s] writing keyboard_msgs.egg-info/PKG-INFO
[0.465s] writing dependency_links to keyboard_msgs.egg-info/dependency_links.txt
[0.465s] writing top-level names to keyboard_msgs.egg-info/top_level.txt
[0.465s] [ 82%] Built target keyboard_msgs__rosidl_generator_py
[0.465s] reading manifest file 'keyboard_msgs.egg-info/SOURCES.txt'
[0.465s] [ 94%] Built target keyboard_msgs_s__rosidl_typesupport_introspection_c
[0.465s] [ 94%] Built target keyboard_msgs_s__rosidl_typesupport_fastrtps_c
[0.466s] [100%] Built target keyboard_msgs_s__rosidl_typesupport_c
[0.466s] writing manifest file 'keyboard_msgs.egg-info/SOURCES.txt'
[0.468s] [100%] Built target ament_cmake_python_build_keyboard_msgs_egg
[0.555s] Invoked command in '/root/csci_420_robotics_labs/lab6_ws/build/keyboard_msgs' returned '0': CMAKE_PREFIX_PATH=${CMAKE_PREFIX_PATH}:/root/csci_420_robotics_labs/lab6_ws/install/simple_sim:/root/csci_420_robotics_labs/lab6_ws/install/simple_control:/opt/ros/kilted /usr/bin/cmake --build /root/csci_420_robotics_labs/lab6_ws/build/keyboard_msgs -- -j8 -l8
[0.560s] Invoking command in '/root/csci_420_robotics_labs/lab6_ws/build/keyboard_msgs': CMAKE_PREFIX_PATH=${CMAKE_PREFIX_PATH}:/root/csci_420_robotics_labs/lab6_ws/install/simple_sim:/root/csci_420_robotics_labs/lab6_ws/install/simple_control:/opt/ros/kilted /usr/bin/cmake --install /root/csci_420_robotics_labs/lab6_ws/build/keyboard_msgs
[0.566s] -- Install configuration: ""
[0.566s] -- Up-to-date: /root/csci_420_robotics_labs/lab6_ws/install/keyboard_msgs/share/ament_index/resource_index/rosidl_interfaces/keyboard_msgs
[0.568s] -- Up-to-date: /root/csci_420_robotics_labs/lab6_ws/install/keyboard_msgs/share/keyboard_msgs/msg/Key.json
[0.568s] -- Up-to-date: /root/csci_420_robotics_labs/lab6_ws/install/keyboard_msgs/include/keyboard_msgs/keyboard_msgs
[0.569s] -- Up-to-date: /root/csci_420_robotics_labs/lab6_ws/install/keyboard_msgs/include/keyboard_msgs/keyboard_msgs/msg
[0.569s] -- Up-to-date: /root/csci_420_robotics_labs/lab6_ws/install/keyboard_msgs/include/keyboard_msgs/keyboard_msgs/msg/rosidl_generator_c__visibility_control.h
[0.571s] -- Up-to-date: /root/csci_420_robotics_labs/lab6_ws/install/keyboard_msgs/include/keyboard_msgs/keyboard_msgs/msg/key.h
[0.572s] -- Up-to-date: /root/csci_420_robotics_labs/lab6_ws/install/keyboard_msgs/include/keyboard_msgs/keyboard_msgs/msg/detail
[0.574s] -- Up-to-date: /root/csci_420_robotics_labs/lab6_ws/install/keyboard_msgs/include/keyboard_msgs/keyboard_msgs/msg/detail/key__type_support.c
[0.576s] -- Up-to-date: /root/csci_420_robotics_labs/lab6_ws/install/keyboard_msgs/include/keyboard_msgs/keyboard_msgs/msg/detail/key__functions.h
[0.577s] -- Up-to-date: /root/csci_420_robotics_labs/lab6_ws/install/keyboard_msgs/include/keyboard_msgs/keyboard_msgs/msg/detail/key__type_support.h
[0.578s] -- Up-to-date: /root/csci_420_robotics_labs/lab6_ws/install/keyboard_msgs/include/keyboard_msgs/keyboard_msgs/msg/detail/key__functions.c
[0.582s] -- Up-to-date: /root/csci_420_robotics_labs/lab6_ws/install/keyboard_msgs/include/keyboard_msgs/keyboard_msgs/msg/detail/key__struct.h
[0.585s] -- Up-to-date: /root/csci_420_robotics_labs/lab6_ws/install/keyboard_msgs/include/keyboard_msgs/keyboard_msgs/msg/detail/key__description.c
[0.586s] -- Up-to-date: /root/csci_420_robotics_labs/lab6_ws/install/keyboard_msgs/share/keyboard_msgs/environment/library_path.sh
[0.587s] -- Up-to-date: /root/csci_420_robotics_labs/lab6_ws/install/keyboard_msgs/share/keyboard_msgs/environment/library_path.dsv
[0.589s] -- Up-to-date: /root/csci_420_robotics_labs/lab6_ws/install/keyboard_msgs/lib/libkeyboard_msgs__rosidl_generator_c.so
[0.590s] -- Up-to-date: /root/csci_420_robotics_labs/lab6_ws/install/keyboard_msgs/include/keyboard_msgs/keyboard_msgs
[0.591s] -- Up-to-date: /root/csci_420_robotics_labs/lab6_ws/install/keyboard_msgs/include/keyboard_msgs/keyboard_msgs/msg
[0.591s] -- Up-to-date: /root/csci_420_robotics_labs/lab6_ws/install/keyboard_msgs/include/keyboard_msgs/keyboard_msgs/msg/detail
[0.593s] -- Up-to-date: /root/csci_420_robotics_labs/lab6_ws/install/keyboard_msgs/include/keyboard_msgs/keyboard_msgs/msg/detail/key__rosidl_typesupport_fastrtps_c.h
[0.593s] -- Up-to-date: /root/csci_420_robotics_labs/lab6_ws/install/keyboard_msgs/include/keyboard_msgs/keyboard_msgs/msg/rosidl_typesupport_fastrtps_c__visibility_control.h
[0.594s] -- Up-to-date: /root/csci_420_robotics_labs/lab6_ws/install/keyboard_msgs/lib/libkeyboard_msgs__rosidl_typesupport_fastrtps_c.so
[0.596s] -- Up-to-date: /root/csci_420_robotics_labs/lab6_ws/install/keyboard_msgs/include/keyboard_msgs/keyboard_msgs
[0.597s] -- Up-to-date: /root/csci_420_robotics_labs/lab6_ws/install/keyboard_msgs/include/keyboard_msgs/keyboard_msgs/msg
[0.598s] -- Up-to-date: /root/csci_420_robotics_labs/lab6_ws/install/keyboard_msgs/include/keyboard_msgs/keyboard_msgs/msg/key.hpp
[0.598s] -- Up-to-date: /root/csci_420_robotics_labs/lab6_ws/install/keyboard_msgs/include/keyboard_msgs/keyboard_msgs/msg/detail
[0.599s] -- Up-to-date: /root/csci_420_robotics_labs/lab6_ws/install/keyboard_msgs/include/keyboard_msgs/keyboard_msgs/msg/detail/key__type_support.hpp
[0.600s] -- Up-to-date: /root/csci_420_robotics_labs/lab6_ws/install/keyboard_msgs/include/keyboard_msgs/keyboard_msgs/msg/detail/key__struct.hpp
[0.600s] -- Up-to-date: /root/csci_420_robotics_labs/lab6_ws/install/keyboard_msgs/include/keyboard_msgs/keyboard_msgs/msg/detail/key__builder.hpp
[0.601s] -- Up-to-date: /root/csci_420_robotics_labs/lab6_ws/install/keyboard_msgs/include/keyboard_msgs/keyboard_msgs/msg/detail/key__traits.hpp
[0.601s] -- Up-to-date: /root/csci_420_robotics_labs/lab6_ws/install/keyboard_msgs/include/keyboard_msgs/keyboard_msgs/msg/rosidl_generator_cpp__visibility_control.hpp
[0.602s] -- Up-to-date: /root/csci_420_robotics_labs/lab6_ws/install/keyboard_msgs/include/keyboard_msgs/keyboard_msgs
[0.602s] -- Up-to-date: /root/csci_420_robotics_labs/lab6_ws/install/keyboard_msgs/include/keyboard_msgs/keyboard_msgs/msg
[0.603s] -- Up-to-date: /root/csci_420_robotics_labs/lab6_ws/install/keyboard_msgs/include/keyboard_msgs/keyboard_msgs/msg/rosidl_typesupport_fastrtps_cpp__visibility_control.h
[0.604s] -- Up-to-date: /root/csci_420_robotics_labs/lab6_ws/install/keyboard_msgs/include/keyboard_msgs/keyboard_msgs/msg/detail
[0.607s] -- Up-to-date: /root/csci_420_robotics_labs/lab6_ws/install/keyboard_msgs/include/keyboard_msgs/keyboard_msgs/msg/detail/key__rosidl_typesupport_fastrtps_cpp.hpp
[0.608s] -- Up-to-date: /root/csci_420_robotics_labs/lab6_ws/install/keyboard_msgs/include/keyboard_msgs/keyboard_msgs/msg/detail/dds_fastrtps
[0.611s] -- Up-to-date: /root/csci_420_robotics_labs/lab6_ws/install/keyboard_msgs/lib/libkeyboard_msgs__rosidl_typesupport_fastrtps_cpp.so
[0.614s] -- Up-to-date: /root/csci_420_robotics_labs/lab6_ws/install/keyboard_msgs/include/keyboard_msgs/keyboard_msgs
[0.617s] -- Up-to-date: /root/csci_420_robotics_labs/lab6_ws/install/keyboard_msgs/include/keyboard_msgs/keyboard_msgs/msg
[0.618s] -- Up-to-date: /root/csci_420_robotics_labs/lab6_ws/install/keyboard_msgs/include/keyboard_msgs/keyboard_msgs/msg/detail
[0.620s] -- Up-to-date: /root/csci_420_robotics_labs/lab6_ws/install/keyboard_msgs/include/keyboard_msgs/keyboard_msgs/msg/detail/key__rosidl_typesupport_introspection_c.h
[0.622s] -- Up-to-date: /root/csci_420_robotics_labs/lab6_ws/install/keyboard_msgs/include/keyboard_msgs/keyboard_msgs/msg/detail/key__type_support.c
[0.623s] -- Up-to-date: /root/csci_420_robotics_labs/lab6_ws/install/keyboard_msgs/include/keyboard_msgs/keyboard_msgs/msg/rosidl_typesupport_introspection_c__visibility_control.h
[0.626s] -- Up-to-date: /root/csci_420_robotics_labs/lab6_ws/install/keyboard_msgs/lib/libkeyboard_msgs__rosidl_typesupport_introspection_c.so
[0.628s] -- Up-to-date: /root/csci_420_robotics_labs/lab6_ws/install/keyboard_msgs/lib/libkeyboard_msgs__rosidl_typesupport_c.so
[0.633s] -- Up-to-date: /root/csci_420_robotics_labs/lab6_ws/install/keyboard_msgs/include/keyboard_msgs/keyboard_msgs
[0.636s] -- Up-to-date: /root/csci_420_robotics_labs/lab6_ws/install/keyboard_msgs/include/keyboard_msgs/keyboard_msgs/msg
[0.637s] -- Up-to-date: /root/csci_420_robotics_labs/lab6_ws/install/keyboard_msgs/include/keyboard_msgs/keyboard_msgs/msg/detail
[0.638s] -- Up-to-date: /root/csci_420_robotics_labs/lab6_ws/install/keyboard_msgs/include/keyboard_msgs/keyboard_msgs/msg/detail/key__rosidl_typesupport_introspection_cpp.hpp
[0.639s] -- Up-to-date: /root/csci_420_robotics_labs/lab6_ws/install/keyboard_msgs/include/keyboard_msgs/keyboard_msgs/msg/detail/key__type_support.cpp
[0.639s] -- Up-to-date: /root/csci_420_robotics_labs/lab6_ws/install/keyboard_msgs/lib/libkeyboard_msgs__rosidl_typesupport_introspection_cpp.so
[0.640s] -- Up-to-date: /root/csci_420_robotics_labs/lab6_ws/install/keyboard_msgs/lib/libkeyboard_msgs__rosidl_typesupport_cpp.so
[0.641s] -- Up-to-date: /root/csci_420_robotics_labs/lab6_ws/install/keyboard_msgs/share/keyboard_msgs/environment/pythonpath.sh
[0.642s] -- Up-to-date: /root/csci_420_robotics_labs/lab6_ws/install/keyboard_msgs/share/keyboard_msgs/environment/pythonpath.dsv
[0.648s] -- Up-to-date: /root/csci_420_robotics_labs/lab6_ws/install/keyboard_msgs/lib/python3.12/site-packages/keyboard_msgs-1.0.0-py3.12.egg-info
[0.648s] -- Installing: /root/csci_420_robotics_labs/lab6_ws/install/keyboard_msgs/lib/python3.12/site-packages/keyboard_msgs-1.0.0-py3.12.egg-info/PKG-INFO
[0.649s] -- Installing: /root/csci_420_robotics_labs/lab6_ws/install/keyboard_msgs/lib/python3.12/site-packages/keyboard_msgs-1.0.0-py3.12.egg-info/SOURCES.txt
[0.649s] -- Installing: /root/csci_420_robotics_labs/lab6_ws/install/keyboard_msgs/lib/python3.12/site-packages/keyboard_msgs-1.0.0-py3.12.egg-info/top_level.txt
[0.650s] -- Installing: /root/csci_420_robotics_labs/lab6_ws/install/keyboard_msgs/lib/python3.12/site-packages/keyboard_msgs-1.0.0-py3.12.egg-info/dependency_links.txt
[0.650s] -- Up-to-date: /root/csci_420_robotics_labs/lab6_ws/install/keyboard_msgs/lib/python3.12/site-packages/keyboard_msgs
[0.651s] -- Up-to-date: /root/csci_420_robotics_labs/lab6_ws/install/keyboard_msgs/lib/python3.12/site-packages/keyboard_msgs/keyboard_msgs_s__rosidl_typesupport_c.so
[0.652s] -- Up-to-date: /root/csci_420_robotics_labs/lab6_ws/install/keyboard_msgs/lib/python3.12/site-packages/keyboard_msgs/_keyboard_msgs_s.ep.rosidl_typesupport_c.c
[0.652s] -- Up-to-date: /root/csci_420_robotics_labs/lab6_ws/install/keyboard_msgs/lib/python3.12/site-packages/keyboard_msgs/_keyboard_msgs_s.ep.rosidl_typesupport_introspection_c.c
[0.653s] -- Up-to-date: /root/csci_420_robotics_labs/lab6_ws/install/keyboard_msgs/lib/python3.12/site-packages/keyboard_msgs/_keyboard_msgs_s.ep.rosidl_typesupport_fastrtps_c.c
[0.653s] -- Up-to-date: /root/csci_420_robotics_labs/lab6_ws/install/keyboard_msgs/lib/python3.12/site-packages/keyboard_msgs/msg
[0.654s] -- Up-to-date: /root/csci_420_robotics_labs/lab6_ws/install/keyboard_msgs/lib/python3.12/site-packages/keyboard_msgs/msg/__init__.py
[0.655s] -- Up-to-date: /root/csci_420_robotics_labs/lab6_ws/install/keyboard_msgs/lib/python3.12/site-packages/keyboard_msgs/msg/_key.py
[0.657s] -- Up-to-date: /root/csci_420_robotics_labs/lab6_ws/install/keyboard_msgs/lib/python3.12/site-packages/keyboard_msgs/msg/_key_s.c
[0.658s] -- Up-to-date: /root/csci_420_robotics_labs/lab6_ws/install/keyboard_msgs/lib/python3.12/site-packages/keyboard_msgs/__init__.py
[0.658s] -- Up-to-date: /root/csci_420_robotics_labs/lab6_ws/install/keyboard_msgs/lib/python3.12/site-packages/keyboard_msgs/keyboard_msgs_s__rosidl_typesupport_introspection_c.so
[0.658s] -- Up-to-date: /root/csci_420_robotics_labs/lab6_ws/install/keyboard_msgs/lib/python3.12/site-packages/keyboard_msgs/keyboard_msgs_s__rosidl_typesupport_fastrtps_c.so
[0.659s] Listing '/root/csci_420_robotics_labs/lab6_ws/install/keyboard_msgs/lib/python3.12/site-packages/keyboard_msgs'...
[0.660s] Listing '/root/csci_420_robotics_labs/lab6_ws/install/keyboard_msgs/lib/python3.12/site-packages/keyboard_msgs/msg'...
[0.664s] -- Up-to-date: /root/csci_420_robotics_labs/lab6_ws/install/keyboard_msgs/lib/python3.12/site-packages/keyboard_msgs/keyboard_msgs_s__rosidl_typesupport_fastrtps_c.so
[0.665s] -- Up-to-date: /root/csci_420_robotics_labs/lab6_ws/install/keyboard_msgs/lib/python3.12/site-packages/keyboard_msgs/keyboard_msgs_s__rosidl_typesupport_introspection_c.so
[0.666s] -- Up-to-date: /root/csci_420_robotics_labs/lab6_ws/install/keyboard_msgs/lib/python3.12/site-packages/keyboard_msgs/keyboard_msgs_s__rosidl_typesupport_c.so
[0.668s] -- Up-to-date: /root/csci_420_robotics_labs/lab6_ws/install/keyboard_msgs/lib/libkeyboard_msgs__rosidl_generator_py.so
[0.670s] -- Up-to-date: /root/csci_420_robotics_labs/lab6_ws/install/keyboard_msgs/share/keyboard_msgs/msg/Key.idl
[0.670s] -- Up-to-date: /root/csci_420_robotics_labs/lab6_ws/install/keyboard_msgs/share/keyboard_msgs/msg/Key.msg
[0.671s] -- Up-to-date: /root/csci_420_robotics_labs/lab6_ws/install/keyboard_msgs/share/ament_index/resource_index/package_run_dependencies/keyboard_msgs
[0.672s] -- Up-to-date: /root/csci_420_robotics_labs/lab6_ws/install/keyboard_msgs/share/ament_index/resource_index/parent_prefix_path/keyboard_msgs
[0.673s] -- Up-to-date: /root/csci_420_robotics_labs/lab6_ws/install/keyboard_msgs/share/keyboard_msgs/environment/ament_prefix_path.sh
[0.673s] -- Up-to-date: /root/csci_420_robotics_labs/lab6_ws/install/keyboard_msgs/share/keyboard_msgs/environment/ament_prefix_path.dsv
[0.674s] -- Up-to-date: /root/csci_420_robotics_labs/lab6_ws/install/keyboard_msgs/share/keyboard_msgs/environment/path.sh
[0.675s] -- Up-to-date: /root/csci_420_robotics_labs/lab6_ws/install/keyboard_msgs/share/keyboard_msgs/environment/path.dsv
[0.675s] -- Up-to-date: /root/csci_420_robotics_labs/lab6_ws/install/keyboard_msgs/share/keyboard_msgs/local_setup.bash
[0.676s] -- Up-to-date: /root/csci_420_robotics_labs/lab6_ws/install/keyboard_msgs/share/keyboard_msgs/local_setup.sh
[0.676s] -- Up-to-date: /root/csci_420_robotics_labs/lab6_ws/install/keyboard_msgs/share/keyboard_msgs/local_setup.zsh
[0.677s] -- Up-to-date: /root/csci_420_robotics_labs/lab6_ws/install/keyboard_msgs/share/keyboard_msgs/local_setup.dsv
[0.678s] -- Installing: /root/csci_420_robotics_labs/lab6_ws/install/keyboard_msgs/share/keyboard_msgs/package.dsv
[0.680s] -- Up-to-date: /root/csci_420_robotics_labs/lab6_ws/install/keyboard_msgs/share/ament_index/resource_index/packages/keyboard_msgs
[0.682s] -- Up-to-date: /root/csci_420_robotics_labs/lab6_ws/install/keyboard_msgs/share/keyboard_msgs/cmake/export_keyboard_msgs__rosidl_generator_cExport.cmake
[0.683s] -- Up-to-date: /root/csci_420_robotics_labs/lab6_ws/install/keyboard_msgs/share/keyboard_msgs/cmake/export_keyboard_msgs__rosidl_generator_cExport-noconfig.cmake
[0.683s] -- Up-to-date: /root/csci_420_robotics_labs/lab6_ws/install/keyboard_msgs/share/keyboard_msgs/cmake/export_keyboard_msgs__rosidl_typesupport_fastrtps_cExport.cmake
[0.685s] -- Up-to-date: /root/csci_420_robotics_labs/lab6_ws/install/keyboard_msgs/share/keyboard_msgs/cmake/export_keyboard_msgs__rosidl_typesupport_fastrtps_cExport-noconfig.cmake
[0.688s] -- Up-to-date: /root/csci_420_robotics_labs/lab6_ws/install/keyboard_msgs/share/keyboard_msgs/cmake/export_keyboard_msgs__rosidl_generator_cppExport.cmake
[0.688s] -- Up-to-date: /root/csci_420_robotics_labs/lab6_ws/install/keyboard_msgs/share/keyboard_msgs/cmake/export_keyboard_msgs__rosidl_typesupport_fastrtps_cppExport.cmake
[0.689s] -- Up-to-date: /root/csci_420_robotics_labs/lab6_ws/install/keyboard_msgs/share/keyboard_msgs/cmake/export_keyboard_msgs__rosidl_typesupport_fastrtps_cppExport-noconfig.cmake
[0.689s] -- Up-to-date: /root/csci_420_robotics_labs/lab6_ws/install/keyboard_msgs/share/keyboard_msgs/cmake/keyboard_msgs__rosidl_typesupport_introspection_cExport.cmake
[0.690s] -- Up-to-date: /root/csci_420_robotics_labs/lab6_ws/install/keyboard_msgs/share/keyboard_msgs/cmake/keyboard_msgs__rosidl_typesupport_introspection_cExport-noconfig.cmake
[0.692s] -- Up-to-date: /root/csci_420_robotics_labs/lab6_ws/install/keyboard_msgs/share/keyboard_msgs/cmake/keyboard_msgs__rosidl_typesupport_cExport.cmake
[0.694s] -- Up-to-date: /root/csci_420_robotics_labs/lab6_ws/install/keyboard_msgs/share/keyboard_msgs/cmake/keyboard_msgs__rosidl_typesupport_cExport-noconfig.cmake
[0.695s] -- Up-to-date: /root/csci_420_robotics_labs/lab6_ws/install/keyboard_msgs/share/keyboard_msgs/cmake/keyboard_msgs__rosidl_typesupport_introspection_cppExport.cmake
[0.695s] -- Up-to-date: /root/csci_420_robotics_labs/lab6_ws/install/keyboard_msgs/share/keyboard_msgs/cmake/keyboard_msgs__rosidl_typesupport_introspection_cppExport-noconfig.cmake
[0.698s] -- Up-to-date: /root/csci_420_robotics_labs/lab6_ws/install/keyboard_msgs/share/keyboard_msgs/cmake/keyboard_msgs__rosidl_typesupport_cppExport.cmake
[0.699s] -- Up-to-date: /root/csci_420_robotics_labs/lab6_ws/install/keyboard_msgs/share/keyboard_msgs/cmake/keyboard_msgs__rosidl_typesupport_cppExport-noconfig.cmake
[0.700s] -- Up-to-date: /root/csci_420_robotics_labs/lab6_ws/install/keyboard_msgs/share/keyboard_msgs/cmake/export_keyboard_msgs__rosidl_generator_pyExport.cmake
[0.701s] -- Up-to-date: /root/csci_420_robotics_labs/lab6_ws/install/keyboard_msgs/share/keyboard_msgs/cmake/export_keyboard_msgs__rosidl_generator_pyExport-noconfig.cmake
[0.701s] -- Up-to-date: /root/csci_420_robotics_labs/lab6_ws/install/keyboard_msgs/share/keyboard_msgs/cmake/rosidl_cmake-extras.cmake
[0.702s] -- Up-to-date: /root/csci_420_robotics_labs/lab6_ws/install/keyboard_msgs/share/keyboard_msgs/cmake/ament_cmake_export_dependencies-extras.cmake
[0.703s] -- Up-to-date: /root/csci_420_robotics_labs/lab6_ws/install/keyboard_msgs/share/keyboard_msgs/cmake/ament_cmake_export_include_directories-extras.cmake
[0.707s] -- Up-to-date: /root/csci_420_robotics_labs/lab6_ws/install/keyboard_msgs/share/keyboard_msgs/cmake/ament_cmake_export_libraries-extras.cmake
[0.708s] -- Up-to-date: /root/csci_420_robotics_labs/lab6_ws/install/keyboard_msgs/share/keyboard_msgs/cmake/ament_cmake_export_targets-extras.cmake
[0.708s] -- Up-to-date: /root/csci_420_robotics_labs/lab6_ws/install/keyboard_msgs/share/keyboard_msgs/cmake/rosidl_cmake_export_typesupport_targets-extras.cmake
[0.709s] -- Up-to-date: /root/csci_420_robotics_labs/lab6_ws/install/keyboard_msgs/share/keyboard_msgs/cmake/rosidl_cmake_export_typesupport_libraries-extras.cmake
[0.710s] -- Up-to-date: /root/csci_420_robotics_labs/lab6_ws/install/keyboard_msgs/share/keyboard_msgs/cmake/keyboard_msgsConfig.cmake
[0.711s] -- Up-to-date: /root/csci_420_robotics_labs/lab6_ws/install/keyboard_msgs/share/keyboard_msgs/cmake/keyboard_msgsConfig-version.cmake
[0.711s] -- Up-to-date: /root/csci_420_robotics_labs/lab6_ws/install/keyboard_msgs/share/keyboard_msgs/package.xml
[0.780s] Invoked command in '/root/csci_420_robotics_labs/lab6_ws/build/keyboard_msgs' returned '0': CMAKE_PREFIX_PATH=${CMAKE_PREFIX_PATH}:/root/csci_420_robotics_labs/lab6_ws/install/simple_sim:/root/csci_420_robotics_labs/lab6_ws/install/simple_control:/opt/ros/kilted /usr/bin/cmake --install /root/csci_420_robotics_labs/lab6_ws/build/keyboard_msgs
