[0.030s] Invoking command in '/root/csci_420_robotics_labs/lab6_ws/build/flightgoggles': CMAKE_PREFIX_PATH=${CMAKE_PREFIX_PATH}:/opt/ros/kilted /usr/bin/cmake --build /root/csci_420_robotics_labs/lab6_ws/build/flightgoggles -- -j8 -l8
[0.384s] Invoked command in '/root/csci_420_robotics_labs/lab6_ws/build/flightgoggles' returned '0': CMAKE_PREFIX_PATH=${CMAKE_PREFIX_PATH}:/opt/ros/kilted /usr/bin/cmake --build /root/csci_420_robotics_labs/lab6_ws/build/flightgoggles -- -j8 -l8
[0.390s] Invoking command in '/root/csci_420_robotics_labs/lab6_ws/build/flightgoggles': CMAKE_PREFIX_PATH=${CMAKE_PREFIX_PATH}:/opt/ros/kilted /usr/bin/cmake --install /root/csci_420_robotics_labs/lab6_ws/build/flightgoggles
[0.442s] -- Install configuration: ""
[0.443s] -- Up-to-date: /root/csci_420_robotics_labs/lab6_ws/install/flightgoggles/share/flightgoggles/launch
[0.443s] -- Up-to-date: /root/csci_420_robotics_labs/lab6_ws/install/flightgoggles/share/flightgoggles/launch/core.launch
[0.444s] -- Up-to-date: /root/csci_420_robotics_labs/lab6_ws/install/flightgoggles/share/ament_index/resource_index/package_run_dependencies/flightgoggles
[0.445s] -- Up-to-date: /root/csci_420_robotics_labs/lab6_ws/install/flightgoggles/share/ament_index/resource_index/parent_prefix_path/flightgoggles
[0.446s] -- Up-to-date: /root/csci_420_robotics_labs/lab6_ws/install/flightgoggles/share/flightgoggles/environment/ament_prefix_path.sh
[0.446s] -- Up-to-date: /root/csci_420_robotics_labs/lab6_ws/install/flightgoggles/share/flightgoggles/environment/ament_prefix_path.dsv
[0.447s] -- Up-to-date: /root/csci_420_robotics_labs/lab6_ws/install/flightgoggles/share/flightgoggles/environment/path.sh
[0.450s] -- Up-to-date: /root/csci_420_robotics_labs/lab6_ws/install/flightgoggles/share/flightgoggles/environment/path.dsv
[0.451s] -- Up-to-date: /root/csci_420_robotics_labs/lab6_ws/install/flightgoggles/share/flightgoggles/local_setup.bash
[0.452s] -- Up-to-date: /root/csci_420_robotics_labs/lab6_ws/install/flightgoggles/share/flightgoggles/local_setup.sh
[0.453s] -- Up-to-date: /root/csci_420_robotics_labs/lab6_ws/install/flightgoggles/share/flightgoggles/local_setup.zsh
[0.454s] -- Up-to-date: /root/csci_420_robotics_labs/lab6_ws/install/flightgoggles/share/flightgoggles/local_setup.dsv
[0.454s] -- Installing: /root/csci_420_robotics_labs/lab6_ws/install/flightgoggles/share/flightgoggles/package.dsv
[0.461s] -- Up-to-date: /root/csci_420_robotics_labs/lab6_ws/install/flightgoggles/share/ament_index/resource_index/packages/flightgoggles
[0.462s] -- Up-to-date: /root/csci_420_robotics_labs/lab6_ws/install/flightgoggles/share/flightgoggles/cmake/flightgogglesConfig.cmake
[0.464s] -- Up-to-date: /root/csci_420_robotics_labs/lab6_ws/install/flightgoggles/share/flightgoggles/cmake/flightgogglesConfig-version.cmake
[0.468s] -- Up-to-date: /root/csci_420_robotics_labs/lab6_ws/install/flightgoggles/share/flightgoggles/package.xml
[0.497s] Invoked command in '/root/csci_420_robotics_labs/lab6_ws/build/flightgoggles' returned '0': CMAKE_PREFIX_PATH=${CMAKE_PREFIX_PATH}:/opt/ros/kilted /usr/bin/cmake --install /root/csci_420_robotics_labs/lab6_ws/build/flightgoggles
