[0.773s] Invoking command in '/root/csci_420_robotics_labs/lab6_ws/src/simple_control': PYTHONPATH=/root/csci_420_robotics_labs/lab6_ws/build/simple_control/prefix_override:/usr/lib/python3/dist-packages/colcon_core/task/python/colcon_distutils_commands:/root/csci_420_robotics_labs/lab6_ws/install/simple_control/lib/python3.12/site-packages:${PYTHONPATH} /usr/bin/python3 -W ignore:setup.py install is deprecated -W ignore:easy_install command is deprecated setup.py egg_info --egg-base ../../build/simple_control build --build-base /root/csci_420_robotics_labs/lab6_ws/build/simple_control/build install --record /root/csci_420_robotics_labs/lab6_ws/build/simple_control/install.log --single-version-externally-managed install_data
[0.940s] running egg_info
[0.950s] writing ../../build/simple_control/simple_control.egg-info/PKG-INFO
[0.951s] writing dependency_links to ../../build/simple_control/simple_control.egg-info/dependency_links.txt
[0.951s] writing entry points to ../../build/simple_control/simple_control.egg-info/entry_points.txt
[0.952s] writing requirements to ../../build/simple_control/simple_control.egg-info/requires.txt
[0.952s] writing top-level names to ../../build/simple_control/simple_control.egg-info/top_level.txt
[0.978s] reading manifest file '../../build/simple_control/simple_control.egg-info/SOURCES.txt'
[0.979s] writing manifest file '../../build/simple_control/simple_control.egg-info/SOURCES.txt'
[0.980s] running build
[0.980s] running build_py
[0.981s] copying simple_control/test_astar.py -> /root/csci_420_robotics_labs/lab6_ws/build/simple_control/build/lib/simple_control
[0.982s] copying simple_control/path_planner.py -> /root/csci_420_robotics_labs/lab6_ws/build/simple_control/build/lib/simple_control
[0.985s] running install
[0.986s] running install_lib
[1.000s] copying /root/csci_420_robotics_labs/lab6_ws/build/simple_control/build/lib/simple_control/test_astar.py -> /root/csci_420_robotics_labs/lab6_ws/install/simple_control/lib/python3.12/site-packages/simple_control
[1.002s] copying /root/csci_420_robotics_labs/lab6_ws/build/simple_control/build/lib/simple_control/path_planner.py -> /root/csci_420_robotics_labs/lab6_ws/install/simple_control/lib/python3.12/site-packages/simple_control
[1.003s] byte-compiling /root/csci_420_robotics_labs/lab6_ws/install/simple_control/lib/python3.12/site-packages/simple_control/test_astar.py to test_astar.cpython-312.pyc
[1.005s] byte-compiling /root/csci_420_robotics_labs/lab6_ws/install/simple_control/lib/python3.12/site-packages/simple_control/path_planner.py to path_planner.cpython-312.pyc
[1.006s] running install_data
[1.008s] running install_egg_info
[1.026s] removing '/root/csci_420_robotics_labs/lab6_ws/install/simple_control/lib/python3.12/site-packages/simple_control-0.0.0-py3.12.egg-info' (and everything under it)
[1.032s] Copying ../../build/simple_control/simple_control.egg-info to /root/csci_420_robotics_labs/lab6_ws/install/simple_control/lib/python3.12/site-packages/simple_control-0.0.0-py3.12.egg-info
[1.042s] running install_scripts
[1.120s] Installing geofence_and_mission script to /root/csci_420_robotics_labs/lab6_ws/install/simple_control/lib/simple_control
[1.121s] Installing path_planner script to /root/csci_420_robotics_labs/lab6_ws/install/simple_control/lib/simple_control
[1.122s] writing list of installed files to '/root/csci_420_robotics_labs/lab6_ws/build/simple_control/install.log'
[1.137s] Invoked command in '/root/csci_420_robotics_labs/lab6_ws/src/simple_control' returned '0': PYTHONPATH=/root/csci_420_robotics_labs/lab6_ws/build/simple_control/prefix_override:/usr/lib/python3/dist-packages/colcon_core/task/python/colcon_distutils_commands:/root/csci_420_robotics_labs/lab6_ws/install/simple_control/lib/python3.12/site-packages:${PYTHONPATH} /usr/bin/python3 -W ignore:setup.py install is deprecated -W ignore:easy_install command is deprecated setup.py egg_info --egg-base ../../build/simple_control build --build-base /root/csci_420_robotics_labs/lab6_ws/build/simple_control/build install --record /root/csci_420_robotics_labs/lab6_ws/build/simple_control/install.log --single-version-externally-managed install_data
