[ 33%] Built target inertialMeasurementSim
[ 66%] Built target multicopterDynamicsSim
[100%] Built target flightgoggles_uav_dynamics_node
-- Install configuration: ""
-- Up-to-date: /root/csci_420_robotics_labs/lab6_ws/install/flightgoggles_uav_dynamics/lib/flightgoggles_uav_dynamics/node
-- Up-to-date: /root/csci_420_robotics_labs/lab6_ws/install/flightgoggles_uav_dynamics/share/ament_index/resource_index/package_run_dependencies/flightgoggles_uav_dynamics
-- Up-to-date: /root/csci_420_robotics_labs/lab6_ws/install/flightgoggles_uav_dynamics/share/ament_index/resource_index/parent_prefix_path/flightgoggles_uav_dynamics
-- Up-to-date: /root/csci_420_robotics_labs/lab6_ws/install/flightgoggles_uav_dynamics/share/flightgoggles_uav_dynamics/environment/ament_prefix_path.sh
-- Up-to-date: /root/csci_420_robotics_labs/lab6_ws/install/flightgoggles_uav_dynamics/share/flightgoggles_uav_dynamics/environment/ament_prefix_path.dsv
-- Up-to-date: /root/csci_420_robotics_labs/lab6_ws/install/flightgoggles_uav_dynamics/share/flightgoggles_uav_dynamics/environment/path.sh
-- Up-to-date: /root/csci_420_robotics_labs/lab6_ws/install/flightgoggles_uav_dynamics/share/flightgoggles_uav_dynamics/environment/path.dsv
-- Up-to-date: /root/csci_420_robotics_labs/lab6_ws/install/flightgoggles_uav_dynamics/share/flightgoggles_uav_dynamics/local_setup.bash
-- Up-to-date: /root/csci_420_robotics_labs/lab6_ws/install/flightgoggles_uav_dynamics/share/flightgoggles_uav_dynamics/local_setup.sh
-- Up-to-date: /root/csci_420_robotics_labs/lab6_ws/install/flightgoggles_uav_dynamics/share/flightgoggles_uav_dynamics/local_setup.zsh
-- Up-to-date: /root/csci_420_robotics_labs/lab6_ws/install/flightgoggles_uav_dynamics/share/flightgoggles_uav_dynamics/local_setup.dsv
-- Installing: /root/csci_420_robotics_labs/lab6_ws/install/flightgoggles_uav_dynamics/share/flightgoggles_uav_dynamics/package.dsv
-- Up-to-date: /root/csci_420_robotics_labs/lab6_ws/install/flightgoggles_uav_dynamics/share/ament_index/resource_index/packages/flightgoggles_uav_dynamics
-- Up-to-date: /root/csci_420_robotics_labs/lab6_ws/install/flightgoggles_uav_dynamics/share/flightgoggles_uav_dynamics/cmake/flightgoggles_uav_dynamicsConfig.cmake
-- Up-to-date: /root/csci_420_robotics_labs/lab6_ws/install/flightgoggles_uav_dynamics/share/flightgoggles_uav_dynamics/cmake/flightgoggles_uav_dynamicsConfig-version.cmake
-- Up-to-date: /root/csci_420_robotics_labs/lab6_ws/install/flightgoggles_uav_dynamics/share/flightgoggles_uav_dynamics/package.xml
