[100%] Built target keyboard
-- Install configuration: "Release"
-- Up-to-date: /root/csci_420_robotics_labs/lab6_ws/install/keyboard/lib/keyboard/keyboard
-- Up-to-date: /root/csci_420_robotics_labs/lab6_ws/install/keyboard/lib/keyboard/keyboard_to_joy.py
-- Up-to-date: /root/csci_420_robotics_labs/lab6_ws/install/keyboard/share/keyboard/config
-- Up-to-date: /root/csci_420_robotics_labs/lab6_ws/install/keyboard/share/keyboard/config/example_config.yaml
-- Up-to-date: /root/csci_420_robotics_labs/lab6_ws/install/keyboard/share/ament_index/resource_index/package_run_dependencies/keyboard
-- Up-to-date: /root/csci_420_robotics_labs/lab6_ws/install/keyboard/share/ament_index/resource_index/parent_prefix_path/keyboard
-- Up-to-date: /root/csci_420_robotics_labs/lab6_ws/install/keyboard/share/keyboard/environment/ament_prefix_path.sh
-- Up-to-date: /root/csci_420_robotics_labs/lab6_ws/install/keyboard/share/keyboard/environment/ament_prefix_path.dsv
-- Up-to-date: /root/csci_420_robotics_labs/lab6_ws/install/keyboard/share/keyboard/environment/path.sh
-- Up-to-date: /root/csci_420_robotics_labs/lab6_ws/install/keyboard/share/keyboard/environment/path.dsv
-- Up-to-date: /root/csci_420_robotics_labs/lab6_ws/install/keyboard/share/keyboard/local_setup.bash
-- Up-to-date: /root/csci_420_robotics_labs/lab6_ws/install/keyboard/share/keyboard/local_setup.sh
-- Up-to-date: /root/csci_420_robotics_labs/lab6_ws/install/keyboard/share/keyboard/local_setup.zsh
-- Up-to-date: /root/csci_420_robotics_labs/lab6_ws/install/keyboard/share/keyboard/local_setup.dsv
-- Installing: /root/csci_420_robotics_labs/lab6_ws/install/keyboard/share/keyboard/package.dsv
-- Up-to-date: /root/csci_420_robotics_labs/lab6_ws/install/keyboard/share/ament_index/resource_index/packages/keyboard
-- Up-to-date: /root/csci_420_robotics_labs/lab6_ws/install/keyboard/share/keyboard/cmake/keyboardConfig.cmake
-- Up-to-date: /root/csci_420_robotics_labs/lab6_ws/install/keyboard/share/keyboard/cmake/keyboardConfig-version.cmake
-- Up-to-date: /root/csci_420_robotics_labs/lab6_ws/install/keyboard/share/keyboard/package.xml
