[0.041s] Invoking command in '/root/csci_420_robotics_labs/lab6_ws/build/sensor_simulation': CMAKE_PREFIX_PATH=${CMAKE_PREFIX_PATH}:/root/csci_420_robotics_labs/lab6_ws/install/simple_sim:/root/csci_420_robotics_labs/lab6_ws/install/simple_control:/opt/ros/kilted /usr/bin/cmake --build /root/csci_420_robotics_labs/lab6_ws/build/sensor_simulation -- -j8 -l8
[0.387s] Built target ament_cmake_python_copy_src
[0.387s] running egg_info
[0.388s] writing src.egg-info/PKG-INFO
[0.388s] writing dependency_links to src.egg-info/dependency_links.txt
[0.388s] writing top-level names to src.egg-info/top_level.txt
[0.391s] reading manifest file 'src.egg-info/SOURCES.txt'
[0.391s] writing manifest file 'src.egg-info/SOURCES.txt'
[0.461s] Built target ament_cmake_python_build_src_egg
[0.568s] Invoked command in '/root/csci_420_robotics_labs/lab6_ws/build/sensor_simulation' returned '0': CMAKE_PREFIX_PATH=${CMAKE_PREFIX_PATH}:/root/csci_420_robotics_labs/lab6_ws/install/simple_sim:/root/csci_420_robotics_labs/lab6_ws/install/simple_control:/opt/ros/kilted /usr/bin/cmake --build /root/csci_420_robotics_labs/lab6_ws/build/sensor_simulation -- -j8 -l8
[0.569s] Invoking command in '/root/csci_420_robotics_labs/lab6_ws/build/sensor_simulation': CMAKE_PREFIX_PATH=${CMAKE_PREFIX_PATH}:/root/csci_420_robotics_labs/lab6_ws/install/simple_sim:/root/csci_420_robotics_labs/lab6_ws/install/simple_control:/opt/ros/kilted /usr/bin/cmake --install /root/csci_420_robotics_labs/lab6_ws/build/sensor_simulation
[0.634s] -- Install configuration: ""
[0.635s] -- Up-to-date: /root/csci_420_robotics_labs/lab6_ws/install/sensor_simulation/share/sensor_simulation/environment/pythonpath.sh
[0.635s] -- Up-to-date: /root/csci_420_robotics_labs/lab6_ws/install/sensor_simulation/share/sensor_simulation/environment/pythonpath.dsv
[0.636s] -- Up-to-date: /root/csci_420_robotics_labs/lab6_ws/install/sensor_simulation/lib/python3.12/site-packages/src-0.0.0-py3.12.egg-info
[0.636s] -- Installing: /root/csci_420_robotics_labs/lab6_ws/install/sensor_simulation/lib/python3.12/site-packages/src-0.0.0-py3.12.egg-info/PKG-INFO
[0.637s] -- Installing: /root/csci_420_robotics_labs/lab6_ws/install/sensor_simulation/lib/python3.12/site-packages/src-0.0.0-py3.12.egg-info/SOURCES.txt
[0.637s] -- Installing: /root/csci_420_robotics_labs/lab6_ws/install/sensor_simulation/lib/python3.12/site-packages/src-0.0.0-py3.12.egg-info/top_level.txt
[0.638s] -- Installing: /root/csci_420_robotics_labs/lab6_ws/install/sensor_simulation/lib/python3.12/site-packages/src-0.0.0-py3.12.egg-info/dependency_links.txt
[0.639s] -- Up-to-date: /root/csci_420_robotics_labs/lab6_ws/install/sensor_simulation/lib/python3.12/site-packages/src
[0.639s] -- Up-to-date: /root/csci_420_robotics_labs/lab6_ws/install/sensor_simulation/lib/python3.12/site-packages/src/pressure.py
[0.641s] -- Up-to-date: /root/csci_420_robotics_labs/lab6_ws/install/sensor_simulation/lib/python3.12/site-packages/src/__init__.py
[0.641s] -- Up-to-date: /root/csci_420_robotics_labs/lab6_ws/install/sensor_simulation/lib/python3.12/site-packages/src/down_facing_camera.py
[0.683s] Listing '/root/csci_420_robotics_labs/lab6_ws/install/sensor_simulation/lib/python3.12/site-packages/src'...
[0.683s] -- Up-to-date: /root/csci_420_robotics_labs/lab6_ws/install/sensor_simulation/lib/sensor_simulation/pressure.py
[0.684s] -- Up-to-date: /root/csci_420_robotics_labs/lab6_ws/install/sensor_simulation/lib/sensor_simulation/down_facing_camera.py
[0.685s] -- Up-to-date: /root/csci_420_robotics_labs/lab6_ws/install/sensor_simulation/share/sensor_simulation/launch
[0.686s] -- Up-to-date: /root/csci_420_robotics_labs/lab6_ws/install/sensor_simulation/share/sensor_simulation/launch/sensors.launch
[0.686s] -- Up-to-date: /root/csci_420_robotics_labs/lab6_ws/install/sensor_simulation/lib/sensor_simulation/data
[0.686s] -- Up-to-date: /root/csci_420_robotics_labs/lab6_ws/install/sensor_simulation/lib/sensor_simulation/data/construction.jpeg
[0.686s] -- Up-to-date: /root/csci_420_robotics_labs/lab6_ws/install/sensor_simulation/share/ament_index/resource_index/package_run_dependencies/sensor_simulation
[0.687s] -- Up-to-date: /root/csci_420_robotics_labs/lab6_ws/install/sensor_simulation/share/ament_index/resource_index/parent_prefix_path/sensor_simulation
[0.688s] -- Up-to-date: /root/csci_420_robotics_labs/lab6_ws/install/sensor_simulation/share/sensor_simulation/environment/ament_prefix_path.sh
[0.688s] -- Up-to-date: /root/csci_420_robotics_labs/lab6_ws/install/sensor_simulation/share/sensor_simulation/environment/ament_prefix_path.dsv
[0.690s] -- Up-to-date: /root/csci_420_robotics_labs/lab6_ws/install/sensor_simulation/share/sensor_simulation/environment/path.sh
[0.690s] -- Up-to-date: /root/csci_420_robotics_labs/lab6_ws/install/sensor_simulation/share/sensor_simulation/environment/path.dsv
[0.691s] -- Up-to-date: /root/csci_420_robotics_labs/lab6_ws/install/sensor_simulation/share/sensor_simulation/local_setup.bash
[0.691s] -- Up-to-date: /root/csci_420_robotics_labs/lab6_ws/install/sensor_simulation/share/sensor_simulation/local_setup.sh
[0.691s] -- Up-to-date: /root/csci_420_robotics_labs/lab6_ws/install/sensor_simulation/share/sensor_simulation/local_setup.zsh
[0.693s] -- Up-to-date: /root/csci_420_robotics_labs/lab6_ws/install/sensor_simulation/share/sensor_simulation/local_setup.dsv
[0.693s] -- Installing: /root/csci_420_robotics_labs/lab6_ws/install/sensor_simulation/share/sensor_simulation/package.dsv
[0.694s] -- Up-to-date: /root/csci_420_robotics_labs/lab6_ws/install/sensor_simulation/share/ament_index/resource_index/packages/sensor_simulation
[0.694s] -- Up-to-date: /root/csci_420_robotics_labs/lab6_ws/install/sensor_simulation/share/sensor_simulation/cmake/sensor_simulationConfig.cmake
[0.694s] -- Up-to-date: /root/csci_420_robotics_labs/lab6_ws/install/sensor_simulation/share/sensor_simulation/cmake/sensor_simulationConfig-version.cmake
[0.696s] -- Up-to-date: /root/csci_420_robotics_labs/lab6_ws/install/sensor_simulation/share/sensor_simulation/package.xml
[0.696s] Invoked command in '/root/csci_420_robotics_labs/lab6_ws/build/sensor_simulation' returned '0': CMAKE_PREFIX_PATH=${CMAKE_PREFIX_PATH}:/root/csci_420_robotics_labs/lab6_ws/install/simple_sim:/root/csci_420_robotics_labs/lab6_ws/install/simple_control:/opt/ros/kilted /usr/bin/cmake --install /root/csci_420_robotics_labs/lab6_ws/build/sensor_simulation
