-- The C compiler identification is GNU 13.3.0
-- The CXX compiler identification is GNU 13.3.0
-- Detecting C compiler ABI info
-- Detecting C compiler ABI info - done
-- Check for working C compiler: /usr/bin/cc - skipped
-- Detecting C compile features
-- Detecting C compile features - done
-- Detecting CXX compiler ABI info
-- Detecting CXX compiler ABI info - done
-- Check for working CXX compiler: /usr/bin/c++ - skipped
-- Detecting CXX compile features
-- Detecting CXX compile features - done
-- Found ament_cmake: 2.7.3 (/opt/ros/kilted/share/ament_cmake/cmake)
-- Found Python3: /usr/bin/python3 (found version "3.12.3") found components: Interpreter 
-- Found rclcpp: 29.5.2 (/opt/ros/kilted/share/rclcpp/cmake)
-- Found rosidl_generator_c: 4.9.5 (/opt/ros/kilted/share/rosidl_generator_c/cmake)
-- Found rosidl_generator_cpp: 4.9.5 (/opt/ros/kilted/share/rosidl_generator_cpp/cmake)
-- Using all available rosidl_typesupport_c: rosidl_typesupport_fastrtps_c;rosidl_typesupport_introspection_c
-- Using all available rosidl_typesupport_cpp: rosidl_typesupport_fastrtps_cpp;rosidl_typesupport_introspection_cpp
-- Found rmw_implementation_cmake: 7.8.2 (/opt/ros/kilted/share/rmw_implementation_cmake/cmake)
-- Found rmw_fastrtps_cpp: 9.3.2 (/opt/ros/kilted/share/rmw_fastrtps_cpp/cmake)
-- Found OpenSSL: /usr/lib/aarch64-linux-gnu/libcrypto.so (found version "3.0.13")  
-- Using RMW implementation 'rmw_fastrtps_cpp' as default
-- Found std_msgs: 5.5.0 (/opt/ros/kilted/share/std_msgs/cmake)
-- Performing Test CMAKE_HAVE_LIBC_PTHREAD
-- Performing Test CMAKE_HAVE_LIBC_PTHREAD - Success
-- Found Threads: TRUE  
-- Found SDL: /usr/lib/aarch64-linux-gnu/libSDLmain.a;/usr/lib/aarch64-linux-gnu/libSDL.so (found version "1.2.68") 
-- Found keyboard_msgs: 1.0.0 (/root/csci_420_robotics_labs/lab6_ws/install/keyboard_msgs/share/keyboard_msgs/cmake)
-- Found ament_lint_auto: 0.19.2 (/opt/ros/kilted/share/ament_lint_auto/cmake)
-- Added test 'copyright' to check source files copyright and LICENSE
-- Added test 'cppcheck' to perform static code analysis on C / C++ code
-- Configured cppcheck include dirs: $<BUILD_INTERFACE:/root/csci_420_robotics_labs/lab6_ws/src/ros2-keyboard/keyboard/include>
-- Configured cppcheck exclude dirs and/or files: 
-- Added test 'cpplint' to check C / C++ code against the Google style
-- Configured cpplint exclude dirs and/or files: 
-- Added test 'flake8' to check Python code syntax and style conventions
-- Configured 'flake8' exclude dirs and/or files: 
-- Added test 'lint_cmake' to check CMake code style
-- Added test 'pep257' to check Python code against some of the docstring style conventions in PEP 257
-- Added test 'uncrustify' to check C / C++ code style
-- Configured uncrustify additional arguments: 
-- Added test 'xmllint' to check XML markup files
-- Configuring done (2.7s)
-- Generating done (0.0s)
-- Build files have been written to: /root/csci_420_robotics_labs/lab6_ws/build/keyboard
[ 50%] [32mBuilding CXX object CMakeFiles/keyboard.dir/src/keyboard.cpp.o[0m
[100%] [32m[1mLinking CXX executable keyboard[0m
[100%] Built target keyboard
-- Install configuration: "Release"
-- Installing: /root/csci_420_robotics_labs/lab6_ws/install/keyboard/lib/keyboard/keyboard
-- Set non-toolchain portion of runtime path of "/root/csci_420_robotics_labs/lab6_ws/install/keyboard/lib/keyboard/keyboard" to ""
-- Installing: /root/csci_420_robotics_labs/lab6_ws/install/keyboard/lib/keyboard/keyboard_to_joy.py
-- Installing: /root/csci_420_robotics_labs/lab6_ws/install/keyboard/share/keyboard/config
-- Installing: /root/csci_420_robotics_labs/lab6_ws/install/keyboard/share/keyboard/config/example_config.yaml
-- Installing: /root/csci_420_robotics_labs/lab6_ws/install/keyboard/share/ament_index/resource_index/package_run_dependencies/keyboard
-- Installing: /root/csci_420_robotics_labs/lab6_ws/install/keyboard/share/ament_index/resource_index/parent_prefix_path/keyboard
-- Installing: /root/csci_420_robotics_labs/lab6_ws/install/keyboard/share/keyboard/environment/ament_prefix_path.sh
-- Installing: /root/csci_420_robotics_labs/lab6_ws/install/keyboard/share/keyboard/environment/ament_prefix_path.dsv
-- Installing: /root/csci_420_robotics_labs/lab6_ws/install/keyboard/share/keyboard/environment/path.sh
-- Installing: /root/csci_420_robotics_labs/lab6_ws/install/keyboard/share/keyboard/environment/path.dsv
-- Installing: /root/csci_420_robotics_labs/lab6_ws/install/keyboard/share/keyboard/local_setup.bash
-- Installing: /root/csci_420_robotics_labs/lab6_ws/install/keyboard/share/keyboard/local_setup.sh
-- Installing: /root/csci_420_robotics_labs/lab6_ws/install/keyboard/share/keyboard/local_setup.zsh
-- Installing: /root/csci_420_robotics_labs/lab6_ws/install/keyboard/share/keyboard/local_setup.dsv
-- Installing: /root/csci_420_robotics_labs/lab6_ws/install/keyboard/share/keyboard/package.dsv
-- Installing: /root/csci_420_robotics_labs/lab6_ws/install/keyboard/share/ament_index/resource_index/packages/keyboard
-- Installing: /root/csci_420_robotics_labs/lab6_ws/install/keyboard/share/keyboard/cmake/keyboardConfig.cmake
-- Installing: /root/csci_420_robotics_labs/lab6_ws/install/keyboard/share/keyboard/cmake/keyboardConfig-version.cmake
-- Installing: /root/csci_420_robotics_labs/lab6_ws/install/keyboard/share/keyboard/package.xml
