[0.043s] Invoking command in '/root/csci_420_robotics_labs/lab6_ws/build/keyboard_msgs': CMAKE_PREFIX_PATH=${CMAKE_PREFIX_PATH}:/root/csci_420_robotics_labs/lab6_ws/install/simple_sim:/root/csci_420_robotics_labs/lab6_ws/install/simple_control:/opt/ros/kilted /usr/bin/cmake --build /root/csci_420_robotics_labs/lab6_ws/build/keyboard_msgs -- -j8 -l8
[0.393s] [  2%] Built target keyboard_msgs__rosidl_generator_type_description
[0.394s] [  5%] Built target keyboard_msgs__cpp
[0.395s] [ 11%] Built target ament_cmake_python_copy_keyboard_msgs
[0.395s] [ 20%] Built target keyboard_msgs__rosidl_generator_c
[0.396s] [ 29%] Built target keyboard_msgs__rosidl_typesupport_introspection_c
[0.396s] [ 38%] Built target keyboard_msgs__rosidl_typesupport_c
[0.396s] [ 47%] Built target keyboard_msgs__rosidl_typesupport_fastrtps_cpp
[0.397s] [ 64%] Built target keyboard_msgs__rosidl_typesupport_cpp
[0.397s] [ 73%] Built target keyboard_msgs__rosidl_typesupport_introspection_cpp
[0.397s] [ 73%] Built target keyboard_msgs__rosidl_typesupport_fastrtps_c
[0.397s] [ 73%] Built target keyboard_msgs
[0.398s] [ 76%] Built target keyboard_msgs__py
[0.398s] [ 82%] Built target keyboard_msgs__rosidl_generator_py
[0.398s] running egg_info
[0.401s] [100%] Built target keyboard_msgs_s__rosidl_typesupport_introspection_c
[0.402s] [100%] Built target keyboard_msgs_s__rosidl_typesupport_fastrtps_c
[0.402s] [100%] Built target keyboard_msgs_s__rosidl_typesupport_c
[0.407s] writing keyboard_msgs.egg-info/PKG-INFO
[0.408s] writing dependency_links to keyboard_msgs.egg-info/dependency_links.txt
[0.409s] writing top-level names to keyboard_msgs.egg-info/top_level.txt
[0.504s] reading manifest file 'keyboard_msgs.egg-info/SOURCES.txt'
[0.504s] writing manifest file 'keyboard_msgs.egg-info/SOURCES.txt'
[0.517s] [100%] Built target ament_cmake_python_build_keyboard_msgs_egg
[0.584s] Invoked command in '/root/csci_420_robotics_labs/lab6_ws/build/keyboard_msgs' returned '0': CMAKE_PREFIX_PATH=${CMAKE_PREFIX_PATH}:/root/csci_420_robotics_labs/lab6_ws/install/simple_sim:/root/csci_420_robotics_labs/lab6_ws/install/simple_control:/opt/ros/kilted /usr/bin/cmake --build /root/csci_420_robotics_labs/lab6_ws/build/keyboard_msgs -- -j8 -l8
[0.585s] Invoking command in '/root/csci_420_robotics_labs/lab6_ws/build/keyboard_msgs': CMAKE_PREFIX_PATH=${CMAKE_PREFIX_PATH}:/root/csci_420_robotics_labs/lab6_ws/install/simple_sim:/root/csci_420_robotics_labs/lab6_ws/install/simple_control:/opt/ros/kilted /usr/bin/cmake --install /root/csci_420_robotics_labs/lab6_ws/build/keyboard_msgs
[0.661s] -- Install configuration: ""
[0.662s] -- Up-to-date: /root/csci_420_robotics_labs/lab6_ws/install/keyboard_msgs/share/ament_index/resource_index/rosidl_interfaces/keyboard_msgs
[0.662s] -- Up-to-date: /root/csci_420_robotics_labs/lab6_ws/install/keyboard_msgs/share/keyboard_msgs/msg/Key.json
[0.663s] -- Up-to-date: /root/csci_420_robotics_labs/lab6_ws/install/keyboard_msgs/include/keyboard_msgs/keyboard_msgs
[0.667s] -- Up-to-date: /root/csci_420_robotics_labs/lab6_ws/install/keyboard_msgs/include/keyboard_msgs/keyboard_msgs/msg
[0.668s] -- Up-to-date: /root/csci_420_robotics_labs/lab6_ws/install/keyboard_msgs/include/keyboard_msgs/keyboard_msgs/msg/rosidl_generator_c__visibility_control.h
[0.668s] -- Up-to-date: /root/csci_420_robotics_labs/lab6_ws/install/keyboard_msgs/include/keyboard_msgs/keyboard_msgs/msg/key.h
[0.669s] -- Up-to-date: /root/csci_420_robotics_labs/lab6_ws/install/keyboard_msgs/include/keyboard_msgs/keyboard_msgs/msg/detail
[0.669s] -- Up-to-date: /root/csci_420_robotics_labs/lab6_ws/install/keyboard_msgs/include/keyboard_msgs/keyboard_msgs/msg/detail/key__type_support.c
[0.670s] -- Up-to-date: /root/csci_420_robotics_labs/lab6_ws/install/keyboard_msgs/include/keyboard_msgs/keyboard_msgs/msg/detail/key__functions.h
[0.671s] -- Up-to-date: /root/csci_420_robotics_labs/lab6_ws/install/keyboard_msgs/include/keyboard_msgs/keyboard_msgs/msg/detail/key__type_support.h
[0.672s] -- Up-to-date: /root/csci_420_robotics_labs/lab6_ws/install/keyboard_msgs/include/keyboard_msgs/keyboard_msgs/msg/detail/key__functions.c
[0.673s] -- Up-to-date: /root/csci_420_robotics_labs/lab6_ws/install/keyboard_msgs/include/keyboard_msgs/keyboard_msgs/msg/detail/key__struct.h
[0.673s] -- Up-to-date: /root/csci_420_robotics_labs/lab6_ws/install/keyboard_msgs/include/keyboard_msgs/keyboard_msgs/msg/detail/key__description.c
[0.674s] -- Up-to-date: /root/csci_420_robotics_labs/lab6_ws/install/keyboard_msgs/share/keyboard_msgs/environment/library_path.sh
[0.674s] -- Up-to-date: /root/csci_420_robotics_labs/lab6_ws/install/keyboard_msgs/share/keyboard_msgs/environment/library_path.dsv
[0.674s] -- Up-to-date: /root/csci_420_robotics_labs/lab6_ws/install/keyboard_msgs/lib/libkeyboard_msgs__rosidl_generator_c.so
[0.675s] -- Up-to-date: /root/csci_420_robotics_labs/lab6_ws/install/keyboard_msgs/include/keyboard_msgs/keyboard_msgs
[0.675s] -- Up-to-date: /root/csci_420_robotics_labs/lab6_ws/install/keyboard_msgs/include/keyboard_msgs/keyboard_msgs/msg
[0.676s] -- Up-to-date: /root/csci_420_robotics_labs/lab6_ws/install/keyboard_msgs/include/keyboard_msgs/keyboard_msgs/msg/detail
[0.676s] -- Up-to-date: /root/csci_420_robotics_labs/lab6_ws/install/keyboard_msgs/include/keyboard_msgs/keyboard_msgs/msg/detail/key__rosidl_typesupport_fastrtps_c.h
[0.677s] -- Up-to-date: /root/csci_420_robotics_labs/lab6_ws/install/keyboard_msgs/include/keyboard_msgs/keyboard_msgs/msg/rosidl_typesupport_fastrtps_c__visibility_control.h
[0.677s] -- Up-to-date: /root/csci_420_robotics_labs/lab6_ws/install/keyboard_msgs/lib/libkeyboard_msgs__rosidl_typesupport_fastrtps_c.so
[0.682s] -- Up-to-date: /root/csci_420_robotics_labs/lab6_ws/install/keyboard_msgs/include/keyboard_msgs/keyboard_msgs
[0.682s] -- Up-to-date: /root/csci_420_robotics_labs/lab6_ws/install/keyboard_msgs/include/keyboard_msgs/keyboard_msgs/msg
[0.683s] -- Up-to-date: /root/csci_420_robotics_labs/lab6_ws/install/keyboard_msgs/include/keyboard_msgs/keyboard_msgs/msg/key.hpp
[0.684s] -- Up-to-date: /root/csci_420_robotics_labs/lab6_ws/install/keyboard_msgs/include/keyboard_msgs/keyboard_msgs/msg/detail
[0.684s] -- Up-to-date: /root/csci_420_robotics_labs/lab6_ws/install/keyboard_msgs/include/keyboard_msgs/keyboard_msgs/msg/detail/key__type_support.hpp
[0.685s] -- Up-to-date: /root/csci_420_robotics_labs/lab6_ws/install/keyboard_msgs/include/keyboard_msgs/keyboard_msgs/msg/detail/key__struct.hpp
[0.685s] -- Up-to-date: /root/csci_420_robotics_labs/lab6_ws/install/keyboard_msgs/include/keyboard_msgs/keyboard_msgs/msg/detail/key__builder.hpp
[0.686s] -- Up-to-date: /root/csci_420_robotics_labs/lab6_ws/install/keyboard_msgs/include/keyboard_msgs/keyboard_msgs/msg/detail/key__traits.hpp
[0.686s] -- Up-to-date: /root/csci_420_robotics_labs/lab6_ws/install/keyboard_msgs/include/keyboard_msgs/keyboard_msgs/msg/rosidl_generator_cpp__visibility_control.hpp
[0.687s] -- Up-to-date: /root/csci_420_robotics_labs/lab6_ws/install/keyboard_msgs/include/keyboard_msgs/keyboard_msgs
[0.687s] -- Up-to-date: /root/csci_420_robotics_labs/lab6_ws/install/keyboard_msgs/include/keyboard_msgs/keyboard_msgs/msg
[0.687s] -- Up-to-date: /root/csci_420_robotics_labs/lab6_ws/install/keyboard_msgs/include/keyboard_msgs/keyboard_msgs/msg/rosidl_typesupport_fastrtps_cpp__visibility_control.h
[0.688s] -- Up-to-date: /root/csci_420_robotics_labs/lab6_ws/install/keyboard_msgs/include/keyboard_msgs/keyboard_msgs/msg/detail
[0.688s] -- Up-to-date: /root/csci_420_robotics_labs/lab6_ws/install/keyboard_msgs/include/keyboard_msgs/keyboard_msgs/msg/detail/key__rosidl_typesupport_fastrtps_cpp.hpp
[0.688s] -- Up-to-date: /root/csci_420_robotics_labs/lab6_ws/install/keyboard_msgs/include/keyboard_msgs/keyboard_msgs/msg/detail/dds_fastrtps
[0.691s] -- Up-to-date: /root/csci_420_robotics_labs/lab6_ws/install/keyboard_msgs/lib/libkeyboard_msgs__rosidl_typesupport_fastrtps_cpp.so
[0.694s] -- Up-to-date: /root/csci_420_robotics_labs/lab6_ws/install/keyboard_msgs/include/keyboard_msgs/keyboard_msgs
[0.694s] -- Up-to-date: /root/csci_420_robotics_labs/lab6_ws/install/keyboard_msgs/include/keyboard_msgs/keyboard_msgs/msg
[0.696s] -- Up-to-date: /root/csci_420_robotics_labs/lab6_ws/install/keyboard_msgs/include/keyboard_msgs/keyboard_msgs/msg/detail
[0.696s] -- Up-to-date: /root/csci_420_robotics_labs/lab6_ws/install/keyboard_msgs/include/keyboard_msgs/keyboard_msgs/msg/detail/key__rosidl_typesupport_introspection_c.h
[0.697s] -- Up-to-date: /root/csci_420_robotics_labs/lab6_ws/install/keyboard_msgs/include/keyboard_msgs/keyboard_msgs/msg/detail/key__type_support.c
[0.698s] -- Up-to-date: /root/csci_420_robotics_labs/lab6_ws/install/keyboard_msgs/include/keyboard_msgs/keyboard_msgs/msg/rosidl_typesupport_introspection_c__visibility_control.h
[0.700s] -- Up-to-date: /root/csci_420_robotics_labs/lab6_ws/install/keyboard_msgs/lib/libkeyboard_msgs__rosidl_typesupport_introspection_c.so
[0.700s] -- Up-to-date: /root/csci_420_robotics_labs/lab6_ws/install/keyboard_msgs/lib/libkeyboard_msgs__rosidl_typesupport_c.so
[0.700s] -- Up-to-date: /root/csci_420_robotics_labs/lab6_ws/install/keyboard_msgs/include/keyboard_msgs/keyboard_msgs
[0.701s] -- Up-to-date: /root/csci_420_robotics_labs/lab6_ws/install/keyboard_msgs/include/keyboard_msgs/keyboard_msgs/msg
[0.701s] -- Up-to-date: /root/csci_420_robotics_labs/lab6_ws/install/keyboard_msgs/include/keyboard_msgs/keyboard_msgs/msg/detail
[0.701s] -- Up-to-date: /root/csci_420_robotics_labs/lab6_ws/install/keyboard_msgs/include/keyboard_msgs/keyboard_msgs/msg/detail/key__rosidl_typesupport_introspection_cpp.hpp
[0.702s] -- Up-to-date: /root/csci_420_robotics_labs/lab6_ws/install/keyboard_msgs/include/keyboard_msgs/keyboard_msgs/msg/detail/key__type_support.cpp
[0.704s] -- Up-to-date: /root/csci_420_robotics_labs/lab6_ws/install/keyboard_msgs/lib/libkeyboard_msgs__rosidl_typesupport_introspection_cpp.so
[0.706s] -- Up-to-date: /root/csci_420_robotics_labs/lab6_ws/install/keyboard_msgs/lib/libkeyboard_msgs__rosidl_typesupport_cpp.so
[0.708s] -- Up-to-date: /root/csci_420_robotics_labs/lab6_ws/install/keyboard_msgs/share/keyboard_msgs/environment/pythonpath.sh
[0.709s] -- Up-to-date: /root/csci_420_robotics_labs/lab6_ws/install/keyboard_msgs/share/keyboard_msgs/environment/pythonpath.dsv
[0.709s] -- Up-to-date: /root/csci_420_robotics_labs/lab6_ws/install/keyboard_msgs/lib/python3.12/site-packages/keyboard_msgs-1.0.0-py3.12.egg-info
[0.712s] -- Installing: /root/csci_420_robotics_labs/lab6_ws/install/keyboard_msgs/lib/python3.12/site-packages/keyboard_msgs-1.0.0-py3.12.egg-info/PKG-INFO
[0.712s] -- Installing: /root/csci_420_robotics_labs/lab6_ws/install/keyboard_msgs/lib/python3.12/site-packages/keyboard_msgs-1.0.0-py3.12.egg-info/SOURCES.txt
[0.715s] -- Installing: /root/csci_420_robotics_labs/lab6_ws/install/keyboard_msgs/lib/python3.12/site-packages/keyboard_msgs-1.0.0-py3.12.egg-info/top_level.txt
[0.716s] -- Installing: /root/csci_420_robotics_labs/lab6_ws/install/keyboard_msgs/lib/python3.12/site-packages/keyboard_msgs-1.0.0-py3.12.egg-info/dependency_links.txt
[0.716s] -- Up-to-date: /root/csci_420_robotics_labs/lab6_ws/install/keyboard_msgs/lib/python3.12/site-packages/keyboard_msgs
[0.717s] -- Up-to-date: /root/csci_420_robotics_labs/lab6_ws/install/keyboard_msgs/lib/python3.12/site-packages/keyboard_msgs/keyboard_msgs_s__rosidl_typesupport_c.so
[0.717s] -- Up-to-date: /root/csci_420_robotics_labs/lab6_ws/install/keyboard_msgs/lib/python3.12/site-packages/keyboard_msgs/_keyboard_msgs_s.ep.rosidl_typesupport_c.c
[0.718s] -- Up-to-date: /root/csci_420_robotics_labs/lab6_ws/install/keyboard_msgs/lib/python3.12/site-packages/keyboard_msgs/_keyboard_msgs_s.ep.rosidl_typesupport_introspection_c.c
[0.718s] -- Up-to-date: /root/csci_420_robotics_labs/lab6_ws/install/keyboard_msgs/lib/python3.12/site-packages/keyboard_msgs/_keyboard_msgs_s.ep.rosidl_typesupport_fastrtps_c.c
[0.718s] -- Up-to-date: /root/csci_420_robotics_labs/lab6_ws/install/keyboard_msgs/lib/python3.12/site-packages/keyboard_msgs/msg
[0.719s] -- Up-to-date: /root/csci_420_robotics_labs/lab6_ws/install/keyboard_msgs/lib/python3.12/site-packages/keyboard_msgs/msg/__init__.py
[0.719s] -- Up-to-date: /root/csci_420_robotics_labs/lab6_ws/install/keyboard_msgs/lib/python3.12/site-packages/keyboard_msgs/msg/_key.py
[0.720s] -- Up-to-date: /root/csci_420_robotics_labs/lab6_ws/install/keyboard_msgs/lib/python3.12/site-packages/keyboard_msgs/msg/_key_s.c
[0.720s] -- Up-to-date: /root/csci_420_robotics_labs/lab6_ws/install/keyboard_msgs/lib/python3.12/site-packages/keyboard_msgs/__init__.py
[0.721s] -- Up-to-date: /root/csci_420_robotics_labs/lab6_ws/install/keyboard_msgs/lib/python3.12/site-packages/keyboard_msgs/keyboard_msgs_s__rosidl_typesupport_introspection_c.so
[0.721s] -- Up-to-date: /root/csci_420_robotics_labs/lab6_ws/install/keyboard_msgs/lib/python3.12/site-packages/keyboard_msgs/keyboard_msgs_s__rosidl_typesupport_fastrtps_c.so
[0.722s] Listing '/root/csci_420_robotics_labs/lab6_ws/install/keyboard_msgs/lib/python3.12/site-packages/keyboard_msgs'...
[0.722s] Listing '/root/csci_420_robotics_labs/lab6_ws/install/keyboard_msgs/lib/python3.12/site-packages/keyboard_msgs/msg'...
[0.725s] -- Up-to-date: /root/csci_420_robotics_labs/lab6_ws/install/keyboard_msgs/lib/python3.12/site-packages/keyboard_msgs/keyboard_msgs_s__rosidl_typesupport_fastrtps_c.so
[0.725s] -- Up-to-date: /root/csci_420_robotics_labs/lab6_ws/install/keyboard_msgs/lib/python3.12/site-packages/keyboard_msgs/keyboard_msgs_s__rosidl_typesupport_introspection_c.so
[0.726s] -- Up-to-date: /root/csci_420_robotics_labs/lab6_ws/install/keyboard_msgs/lib/python3.12/site-packages/keyboard_msgs/keyboard_msgs_s__rosidl_typesupport_c.so
[0.726s] -- Up-to-date: /root/csci_420_robotics_labs/lab6_ws/install/keyboard_msgs/lib/libkeyboard_msgs__rosidl_generator_py.so
[0.726s] -- Up-to-date: /root/csci_420_robotics_labs/lab6_ws/install/keyboard_msgs/share/keyboard_msgs/msg/Key.idl
[0.727s] -- Up-to-date: /root/csci_420_robotics_labs/lab6_ws/install/keyboard_msgs/share/keyboard_msgs/msg/Key.msg
[0.727s] -- Up-to-date: /root/csci_420_robotics_labs/lab6_ws/install/keyboard_msgs/share/ament_index/resource_index/package_run_dependencies/keyboard_msgs
[0.728s] -- Up-to-date: /root/csci_420_robotics_labs/lab6_ws/install/keyboard_msgs/share/ament_index/resource_index/parent_prefix_path/keyboard_msgs
[0.729s] -- Up-to-date: /root/csci_420_robotics_labs/lab6_ws/install/keyboard_msgs/share/keyboard_msgs/environment/ament_prefix_path.sh
[0.729s] -- Up-to-date: /root/csci_420_robotics_labs/lab6_ws/install/keyboard_msgs/share/keyboard_msgs/environment/ament_prefix_path.dsv
[0.729s] -- Up-to-date: /root/csci_420_robotics_labs/lab6_ws/install/keyboard_msgs/share/keyboard_msgs/environment/path.sh
[0.730s] -- Up-to-date: /root/csci_420_robotics_labs/lab6_ws/install/keyboard_msgs/share/keyboard_msgs/environment/path.dsv
[0.730s] -- Up-to-date: /root/csci_420_robotics_labs/lab6_ws/install/keyboard_msgs/share/keyboard_msgs/local_setup.bash
[0.731s] -- Up-to-date: /root/csci_420_robotics_labs/lab6_ws/install/keyboard_msgs/share/keyboard_msgs/local_setup.sh
[0.731s] -- Up-to-date: /root/csci_420_robotics_labs/lab6_ws/install/keyboard_msgs/share/keyboard_msgs/local_setup.zsh
[0.732s] -- Up-to-date: /root/csci_420_robotics_labs/lab6_ws/install/keyboard_msgs/share/keyboard_msgs/local_setup.dsv
[0.734s] -- Installing: /root/csci_420_robotics_labs/lab6_ws/install/keyboard_msgs/share/keyboard_msgs/package.dsv
[0.739s] -- Up-to-date: /root/csci_420_robotics_labs/lab6_ws/install/keyboard_msgs/share/ament_index/resource_index/packages/keyboard_msgs
[0.740s] -- Up-to-date: /root/csci_420_robotics_labs/lab6_ws/install/keyboard_msgs/share/keyboard_msgs/cmake/export_keyboard_msgs__rosidl_generator_cExport.cmake
[0.740s] -- Up-to-date: /root/csci_420_robotics_labs/lab6_ws/install/keyboard_msgs/share/keyboard_msgs/cmake/export_keyboard_msgs__rosidl_generator_cExport-noconfig.cmake
[0.740s] -- Up-to-date: /root/csci_420_robotics_labs/lab6_ws/install/keyboard_msgs/share/keyboard_msgs/cmake/export_keyboard_msgs__rosidl_typesupport_fastrtps_cExport.cmake
[0.741s] -- Up-to-date: /root/csci_420_robotics_labs/lab6_ws/install/keyboard_msgs/share/keyboard_msgs/cmake/export_keyboard_msgs__rosidl_typesupport_fastrtps_cExport-noconfig.cmake
[0.745s] -- Up-to-date: /root/csci_420_robotics_labs/lab6_ws/install/keyboard_msgs/share/keyboard_msgs/cmake/export_keyboard_msgs__rosidl_generator_cppExport.cmake
[0.748s] -- Up-to-date: /root/csci_420_robotics_labs/lab6_ws/install/keyboard_msgs/share/keyboard_msgs/cmake/export_keyboard_msgs__rosidl_typesupport_fastrtps_cppExport.cmake
[0.748s] -- Up-to-date: /root/csci_420_robotics_labs/lab6_ws/install/keyboard_msgs/share/keyboard_msgs/cmake/export_keyboard_msgs__rosidl_typesupport_fastrtps_cppExport-noconfig.cmake
[0.748s] -- Up-to-date: /root/csci_420_robotics_labs/lab6_ws/install/keyboard_msgs/share/keyboard_msgs/cmake/keyboard_msgs__rosidl_typesupport_introspection_cExport.cmake
[0.748s] -- Up-to-date: /root/csci_420_robotics_labs/lab6_ws/install/keyboard_msgs/share/keyboard_msgs/cmake/keyboard_msgs__rosidl_typesupport_introspection_cExport-noconfig.cmake
[0.748s] -- Up-to-date: /root/csci_420_robotics_labs/lab6_ws/install/keyboard_msgs/share/keyboard_msgs/cmake/keyboard_msgs__rosidl_typesupport_cExport.cmake
[0.749s] -- Up-to-date: /root/csci_420_robotics_labs/lab6_ws/install/keyboard_msgs/share/keyboard_msgs/cmake/keyboard_msgs__rosidl_typesupport_cExport-noconfig.cmake
[0.749s] -- Up-to-date: /root/csci_420_robotics_labs/lab6_ws/install/keyboard_msgs/share/keyboard_msgs/cmake/keyboard_msgs__rosidl_typesupport_introspection_cppExport.cmake
[0.749s] -- Up-to-date: /root/csci_420_robotics_labs/lab6_ws/install/keyboard_msgs/share/keyboard_msgs/cmake/keyboard_msgs__rosidl_typesupport_introspection_cppExport-noconfig.cmake
[0.749s] -- Up-to-date: /root/csci_420_robotics_labs/lab6_ws/install/keyboard_msgs/share/keyboard_msgs/cmake/keyboard_msgs__rosidl_typesupport_cppExport.cmake
[0.749s] -- Up-to-date: /root/csci_420_robotics_labs/lab6_ws/install/keyboard_msgs/share/keyboard_msgs/cmake/keyboard_msgs__rosidl_typesupport_cppExport-noconfig.cmake
[0.749s] -- Up-to-date: /root/csci_420_robotics_labs/lab6_ws/install/keyboard_msgs/share/keyboard_msgs/cmake/export_keyboard_msgs__rosidl_generator_pyExport.cmake
[0.751s] -- Up-to-date: /root/csci_420_robotics_labs/lab6_ws/install/keyboard_msgs/share/keyboard_msgs/cmake/export_keyboard_msgs__rosidl_generator_pyExport-noconfig.cmake
[0.752s] -- Up-to-date: /root/csci_420_robotics_labs/lab6_ws/install/keyboard_msgs/share/keyboard_msgs/cmake/rosidl_cmake-extras.cmake
[0.752s] -- Up-to-date: /root/csci_420_robotics_labs/lab6_ws/install/keyboard_msgs/share/keyboard_msgs/cmake/ament_cmake_export_dependencies-extras.cmake
[0.752s] -- Up-to-date: /root/csci_420_robotics_labs/lab6_ws/install/keyboard_msgs/share/keyboard_msgs/cmake/ament_cmake_export_include_directories-extras.cmake
[0.752s] -- Up-to-date: /root/csci_420_robotics_labs/lab6_ws/install/keyboard_msgs/share/keyboard_msgs/cmake/ament_cmake_export_libraries-extras.cmake
[0.753s] -- Up-to-date: /root/csci_420_robotics_labs/lab6_ws/install/keyboard_msgs/share/keyboard_msgs/cmake/ament_cmake_export_targets-extras.cmake
[0.754s] -- Up-to-date: /root/csci_420_robotics_labs/lab6_ws/install/keyboard_msgs/share/keyboard_msgs/cmake/rosidl_cmake_export_typesupport_targets-extras.cmake
[0.754s] -- Up-to-date: /root/csci_420_robotics_labs/lab6_ws/install/keyboard_msgs/share/keyboard_msgs/cmake/rosidl_cmake_export_typesupport_libraries-extras.cmake
[0.755s] -- Up-to-date: /root/csci_420_robotics_labs/lab6_ws/install/keyboard_msgs/share/keyboard_msgs/cmake/keyboard_msgsConfig.cmake
[0.755s] -- Up-to-date: /root/csci_420_robotics_labs/lab6_ws/install/keyboard_msgs/share/keyboard_msgs/cmake/keyboard_msgsConfig-version.cmake
[0.755s] -- Up-to-date: /root/csci_420_robotics_labs/lab6_ws/install/keyboard_msgs/share/keyboard_msgs/package.xml
