Built target ament_cmake_python_copy_src
running egg_info
writing src.egg-info/PKG-INFO
writing dependency_links to src.egg-info/dependency_links.txt
writing top-level names to src.egg-info/top_level.txt
reading manifest file 'src.egg-info/SOURCES.txt'
writing manifest file 'src.egg-info/SOURCES.txt'
Built target ament_cmake_python_build_src_egg
-- Install configuration: ""
-- Up-to-date: /root/csci_420_robotics_labs/lab6_ws/install/visualizer/share/visualizer/environment/pythonpath.sh
-- Up-to-date: /root/csci_420_robotics_labs/lab6_ws/install/visualizer/share/visualizer/environment/pythonpath.dsv
-- Up-to-date: /root/csci_420_robotics_labs/lab6_ws/install/visualizer/lib/python3.12/site-packages/src-0.0.1-py3.12.egg-info
-- Installing: /root/csci_420_robotics_labs/lab6_ws/install/visualizer/lib/python3.12/site-packages/src-0.0.1-py3.12.egg-info/PKG-INFO
-- Installing: /root/csci_420_robotics_labs/lab6_ws/install/visualizer/lib/python3.12/site-packages/src-0.0.1-py3.12.egg-info/SOURCES.txt
-- Installing: /root/csci_420_robotics_labs/lab6_ws/install/visualizer/lib/python3.12/site-packages/src-0.0.1-py3.12.egg-info/top_level.txt
-- Installing: /root/csci_420_robotics_labs/lab6_ws/install/visualizer/lib/python3.12/site-packages/src-0.0.1-py3.12.egg-info/dependency_links.txt
-- Up-to-date: /root/csci_420_robotics_labs/lab6_ws/install/visualizer/lib/python3.12/site-packages/src
-- Up-to-date: /root/csci_420_robotics_labs/lab6_ws/install/visualizer/lib/python3.12/site-packages/src/gui_controller.py
-- Up-to-date: /root/csci_420_robotics_labs/lab6_ws/install/visualizer/lib/python3.12/site-packages/src/__init__.py
-- Up-to-date: /root/csci_420_robotics_labs/lab6_ws/install/visualizer/lib/python3.12/site-packages/src/gui.py
Listing '/root/csci_420_robotics_labs/lab6_ws/install/visualizer/lib/python3.12/site-packages/src'...
-- Up-to-date: /root/csci_420_robotics_labs/lab6_ws/install/visualizer/lib/visualizer/gui.py
-- Up-to-date: /root/csci_420_robotics_labs/lab6_ws/install/visualizer/lib/visualizer/gui_controller.py
-- Up-to-date: /root/csci_420_robotics_labs/lab6_ws/install/visualizer/share/visualizer/launch
-- Up-to-date: /root/csci_420_robotics_labs/lab6_ws/install/visualizer/share/visualizer/launch/view.launch
-- Up-to-date: /root/csci_420_robotics_labs/lab6_ws/install/visualizer/share/ament_index/resource_index/package_run_dependencies/visualizer
-- Up-to-date: /root/csci_420_robotics_labs/lab6_ws/install/visualizer/share/ament_index/resource_index/parent_prefix_path/visualizer
-- Up-to-date: /root/csci_420_robotics_labs/lab6_ws/install/visualizer/share/visualizer/environment/ament_prefix_path.sh
-- Up-to-date: /root/csci_420_robotics_labs/lab6_ws/install/visualizer/share/visualizer/environment/ament_prefix_path.dsv
-- Up-to-date: /root/csci_420_robotics_labs/lab6_ws/install/visualizer/share/visualizer/environment/path.sh
-- Up-to-date: /root/csci_420_robotics_labs/lab6_ws/install/visualizer/share/visualizer/environment/path.dsv
-- Up-to-date: /root/csci_420_robotics_labs/lab6_ws/install/visualizer/share/visualizer/local_setup.bash
-- Up-to-date: /root/csci_420_robotics_labs/lab6_ws/install/visualizer/share/visualizer/local_setup.sh
-- Up-to-date: /root/csci_420_robotics_labs/lab6_ws/install/visualizer/share/visualizer/local_setup.zsh
-- Up-to-date: /root/csci_420_robotics_labs/lab6_ws/install/visualizer/share/visualizer/local_setup.dsv
-- Up-to-date: /root/csci_420_robotics_labs/lab6_ws/install/visualizer/share/visualizer/package.dsv
-- Up-to-date: /root/csci_420_robotics_labs/lab6_ws/install/visualizer/share/ament_index/resource_index/packages/visualizer
-- Up-to-date: /root/csci_420_robotics_labs/lab6_ws/install/visualizer/share/visualizer/cmake/visualizerConfig.cmake
-- Up-to-date: /root/csci_420_robotics_labs/lab6_ws/install/visualizer/share/visualizer/cmake/visualizerConfig-version.cmake
-- Up-to-date: /root/csci_420_robotics_labs/lab6_ws/install/visualizer/share/visualizer/package.xml
