[0.383s] Invoking command in '/root/csci_420_robotics_labs/lab6_ws/build/visualizer': CMAKE_PREFIX_PATH=${CMAKE_PREFIX_PATH}:/opt/ros/kilted /usr/bin/cmake --build /root/csci_420_robotics_labs/lab6_ws/build/visualizer -- -j8 -l8
[0.471s] Built target ament_cmake_python_copy_src
[0.598s] running egg_info
[0.610s] writing src.egg-info/PKG-INFO
[0.612s] writing dependency_links to src.egg-info/dependency_links.txt
[0.613s] writing top-level names to src.egg-info/top_level.txt
[0.647s] reading manifest file 'src.egg-info/SOURCES.txt'
[0.648s] writing manifest file 'src.egg-info/SOURCES.txt'
[0.665s] Built target ament_cmake_python_build_src_egg
[0.671s] Invoked command in '/root/csci_420_robotics_labs/lab6_ws/build/visualizer' returned '0': CMAKE_PREFIX_PATH=${CMAKE_PREFIX_PATH}:/opt/ros/kilted /usr/bin/cmake --build /root/csci_420_robotics_labs/lab6_ws/build/visualizer -- -j8 -l8
[0.673s] Invoking command in '/root/csci_420_robotics_labs/lab6_ws/build/visualizer': CMAKE_PREFIX_PATH=${CMAKE_PREFIX_PATH}:/opt/ros/kilted /usr/bin/cmake --install /root/csci_420_robotics_labs/lab6_ws/build/visualizer
[0.679s] -- Install configuration: ""
[0.680s] -- Up-to-date: /root/csci_420_robotics_labs/lab6_ws/install/visualizer/share/visualizer/environment/pythonpath.sh
[0.682s] -- Up-to-date: /root/csci_420_robotics_labs/lab6_ws/install/visualizer/share/visualizer/environment/pythonpath.dsv
[0.683s] -- Up-to-date: /root/csci_420_robotics_labs/lab6_ws/install/visualizer/lib/python3.12/site-packages/src-0.0.1-py3.12.egg-info
[0.683s] -- Installing: /root/csci_420_robotics_labs/lab6_ws/install/visualizer/lib/python3.12/site-packages/src-0.0.1-py3.12.egg-info/PKG-INFO
[0.687s] -- Installing: /root/csci_420_robotics_labs/lab6_ws/install/visualizer/lib/python3.12/site-packages/src-0.0.1-py3.12.egg-info/SOURCES.txt
[0.690s] -- Installing: /root/csci_420_robotics_labs/lab6_ws/install/visualizer/lib/python3.12/site-packages/src-0.0.1-py3.12.egg-info/top_level.txt
[0.691s] -- Installing: /root/csci_420_robotics_labs/lab6_ws/install/visualizer/lib/python3.12/site-packages/src-0.0.1-py3.12.egg-info/dependency_links.txt
[0.694s] -- Up-to-date: /root/csci_420_robotics_labs/lab6_ws/install/visualizer/lib/python3.12/site-packages/src
[0.695s] -- Up-to-date: /root/csci_420_robotics_labs/lab6_ws/install/visualizer/lib/python3.12/site-packages/src/gui_controller.py
[0.695s] -- Up-to-date: /root/csci_420_robotics_labs/lab6_ws/install/visualizer/lib/python3.12/site-packages/src/__init__.py
[0.696s] -- Up-to-date: /root/csci_420_robotics_labs/lab6_ws/install/visualizer/lib/python3.12/site-packages/src/gui.py
[0.718s] Listing '/root/csci_420_robotics_labs/lab6_ws/install/visualizer/lib/python3.12/site-packages/src'...
[0.722s] -- Up-to-date: /root/csci_420_robotics_labs/lab6_ws/install/visualizer/lib/visualizer/gui.py
[0.723s] -- Up-to-date: /root/csci_420_robotics_labs/lab6_ws/install/visualizer/lib/visualizer/gui_controller.py
[0.724s] -- Up-to-date: /root/csci_420_robotics_labs/lab6_ws/install/visualizer/share/visualizer/launch
[0.725s] -- Up-to-date: /root/csci_420_robotics_labs/lab6_ws/install/visualizer/share/visualizer/launch/view.launch
[0.726s] -- Up-to-date: /root/csci_420_robotics_labs/lab6_ws/install/visualizer/share/ament_index/resource_index/package_run_dependencies/visualizer
[0.726s] -- Up-to-date: /root/csci_420_robotics_labs/lab6_ws/install/visualizer/share/ament_index/resource_index/parent_prefix_path/visualizer
[0.727s] -- Up-to-date: /root/csci_420_robotics_labs/lab6_ws/install/visualizer/share/visualizer/environment/ament_prefix_path.sh
[0.727s] -- Up-to-date: /root/csci_420_robotics_labs/lab6_ws/install/visualizer/share/visualizer/environment/ament_prefix_path.dsv
[0.728s] -- Up-to-date: /root/csci_420_robotics_labs/lab6_ws/install/visualizer/share/visualizer/environment/path.sh
[0.728s] -- Up-to-date: /root/csci_420_robotics_labs/lab6_ws/install/visualizer/share/visualizer/environment/path.dsv
[0.729s] -- Up-to-date: /root/csci_420_robotics_labs/lab6_ws/install/visualizer/share/visualizer/local_setup.bash
[0.730s] -- Up-to-date: /root/csci_420_robotics_labs/lab6_ws/install/visualizer/share/visualizer/local_setup.sh
[0.730s] -- Up-to-date: /root/csci_420_robotics_labs/lab6_ws/install/visualizer/share/visualizer/local_setup.zsh
[0.731s] -- Up-to-date: /root/csci_420_robotics_labs/lab6_ws/install/visualizer/share/visualizer/local_setup.dsv
[0.732s] -- Up-to-date: /root/csci_420_robotics_labs/lab6_ws/install/visualizer/share/visualizer/package.dsv
[0.732s] -- Up-to-date: /root/csci_420_robotics_labs/lab6_ws/install/visualizer/share/ament_index/resource_index/packages/visualizer
[0.734s] -- Up-to-date: /root/csci_420_robotics_labs/lab6_ws/install/visualizer/share/visualizer/cmake/visualizerConfig.cmake
[0.734s] -- Up-to-date: /root/csci_420_robotics_labs/lab6_ws/install/visualizer/share/visualizer/cmake/visualizerConfig-version.cmake
[0.735s] -- Up-to-date: /root/csci_420_robotics_labs/lab6_ws/install/visualizer/share/visualizer/package.xml
[0.737s] Invoked command in '/root/csci_420_robotics_labs/lab6_ws/build/visualizer' returned '0': CMAKE_PREFIX_PATH=${CMAKE_PREFIX_PATH}:/opt/ros/kilted /usr/bin/cmake --install /root/csci_420_robotics_labs/lab6_ws/build/visualizer
