-- The C compiler identification is GNU 13.3.0
-- The CXX compiler identification is GNU 13.3.0
-- Detecting C compiler ABI info
-- Detecting C compiler ABI info - done
-- Check for working C compiler: /usr/bin/cc - skipped
-- Detecting C compile features
-- Detecting C compile features - done
-- Detecting CXX compiler ABI info
-- Detecting CXX compiler ABI info - done
-- Check for working CXX compiler: /usr/bin/c++ - skipped
-- Detecting CXX compile features
-- Detecting CXX compile features - done
-- Found ament_cmake: 2.7.3 (/opt/ros/kilted/share/ament_cmake/cmake)
-- Found Python3: /usr/bin/python3 (found version "3.12.3") found components: Interpreter 
-- Found rclcpp: 29.5.2 (/opt/ros/kilted/share/rclcpp/cmake)
-- Found rosidl_generator_c: 4.9.5 (/opt/ros/kilted/share/rosidl_generator_c/cmake)
-- Found rosidl_generator_cpp: 4.9.5 (/opt/ros/kilted/share/rosidl_generator_cpp/cmake)
-- Using all available rosidl_typesupport_c: rosidl_typesupport_fastrtps_c;rosidl_typesupport_introspection_c
-- Using all available rosidl_typesupport_cpp: rosidl_typesupport_fastrtps_cpp;rosidl_typesupport_introspection_cpp
-- Found rmw_implementation_cmake: 7.8.2 (/opt/ros/kilted/share/rmw_implementation_cmake/cmake)
-- Found rmw_fastrtps_cpp: 9.3.2 (/opt/ros/kilted/share/rmw_fastrtps_cpp/cmake)
-- Found OpenSSL: /usr/lib/aarch64-linux-gnu/libcrypto.so (found version "3.0.13")  
-- Using RMW implementation 'rmw_fastrtps_cpp' as default
-- Found std_msgs: 5.5.0 (/opt/ros/kilted/share/std_msgs/cmake)
-- Found geometry_msgs: 5.5.0 (/opt/ros/kilted/share/geometry_msgs/cmake)
-- Configuring done (4.1s)
-- Generating done (0.1s)
-- Build files have been written to: /root/csci_420_robotics_labs/lab6_ws/build/visualizer
Built target ament_cmake_python_copy_src
running egg_info
creating src.egg-info
writing src.egg-info/PKG-INFO
writing dependency_links to src.egg-info/dependency_links.txt
writing top-level names to src.egg-info/top_level.txt
writing manifest file 'src.egg-info/SOURCES.txt'
reading manifest file 'src.egg-info/SOURCES.txt'
writing manifest file 'src.egg-info/SOURCES.txt'
Built target ament_cmake_python_build_src_egg
-- Install configuration: ""
-- Installing: /root/csci_420_robotics_labs/lab6_ws/install/visualizer/share/visualizer/environment/pythonpath.sh
-- Installing: /root/csci_420_robotics_labs/lab6_ws/install/visualizer/share/visualizer/environment/pythonpath.dsv
-- Installing: /root/csci_420_robotics_labs/lab6_ws/install/visualizer/lib/python3.12/site-packages/src-0.0.1-py3.12.egg-info
-- Installing: /root/csci_420_robotics_labs/lab6_ws/install/visualizer/lib/python3.12/site-packages/src-0.0.1-py3.12.egg-info/PKG-INFO
-- Installing: /root/csci_420_robotics_labs/lab6_ws/install/visualizer/lib/python3.12/site-packages/src-0.0.1-py3.12.egg-info/SOURCES.txt
-- Installing: /root/csci_420_robotics_labs/lab6_ws/install/visualizer/lib/python3.12/site-packages/src-0.0.1-py3.12.egg-info/top_level.txt
-- Installing: /root/csci_420_robotics_labs/lab6_ws/install/visualizer/lib/python3.12/site-packages/src-0.0.1-py3.12.egg-info/dependency_links.txt
-- Installing: /root/csci_420_robotics_labs/lab6_ws/install/visualizer/lib/python3.12/site-packages/src
-- Installing: /root/csci_420_robotics_labs/lab6_ws/install/visualizer/lib/python3.12/site-packages/src/gui_controller.py
-- Installing: /root/csci_420_robotics_labs/lab6_ws/install/visualizer/lib/python3.12/site-packages/src/__init__.py
-- Installing: /root/csci_420_robotics_labs/lab6_ws/install/visualizer/lib/python3.12/site-packages/src/gui.py
Listing '/root/csci_420_robotics_labs/lab6_ws/install/visualizer/lib/python3.12/site-packages/src'...
Compiling '/root/csci_420_robotics_labs/lab6_ws/install/visualizer/lib/python3.12/site-packages/src/__init__.py'...
Compiling '/root/csci_420_robotics_labs/lab6_ws/install/visualizer/lib/python3.12/site-packages/src/gui.py'...
Compiling '/root/csci_420_robotics_labs/lab6_ws/install/visualizer/lib/python3.12/site-packages/src/gui_controller.py'...
-- Installing: /root/csci_420_robotics_labs/lab6_ws/install/visualizer/lib/visualizer/gui.py
-- Installing: /root/csci_420_robotics_labs/lab6_ws/install/visualizer/lib/visualizer/gui_controller.py
-- Installing: /root/csci_420_robotics_labs/lab6_ws/install/visualizer/share/visualizer/launch
-- Installing: /root/csci_420_robotics_labs/lab6_ws/install/visualizer/share/visualizer/launch/view.launch
-- Installing: /root/csci_420_robotics_labs/lab6_ws/install/visualizer/share/ament_index/resource_index/package_run_dependencies/visualizer
-- Installing: /root/csci_420_robotics_labs/lab6_ws/install/visualizer/share/ament_index/resource_index/parent_prefix_path/visualizer
-- Installing: /root/csci_420_robotics_labs/lab6_ws/install/visualizer/share/visualizer/environment/ament_prefix_path.sh
-- Installing: /root/csci_420_robotics_labs/lab6_ws/install/visualizer/share/visualizer/environment/ament_prefix_path.dsv
-- Installing: /root/csci_420_robotics_labs/lab6_ws/install/visualizer/share/visualizer/environment/path.sh
-- Installing: /root/csci_420_robotics_labs/lab6_ws/install/visualizer/share/visualizer/environment/path.dsv
-- Installing: /root/csci_420_robotics_labs/lab6_ws/install/visualizer/share/visualizer/local_setup.bash
-- Installing: /root/csci_420_robotics_labs/lab6_ws/install/visualizer/share/visualizer/local_setup.sh
-- Installing: /root/csci_420_robotics_labs/lab6_ws/install/visualizer/share/visualizer/local_setup.zsh
-- Installing: /root/csci_420_robotics_labs/lab6_ws/install/visualizer/share/visualizer/local_setup.dsv
-- Installing: /root/csci_420_robotics_labs/lab6_ws/install/visualizer/share/visualizer/package.dsv
-- Installing: /root/csci_420_robotics_labs/lab6_ws/install/visualizer/share/ament_index/resource_index/packages/visualizer
-- Installing: /root/csci_420_robotics_labs/lab6_ws/install/visualizer/share/visualizer/cmake/visualizerConfig.cmake
-- Installing: /root/csci_420_robotics_labs/lab6_ws/install/visualizer/share/visualizer/cmake/visualizerConfig-version.cmake
-- Installing: /root/csci_420_robotics_labs/lab6_ws/install/visualizer/share/visualizer/package.xml
