running egg_info
creating ../../build/simple_control/simple_control.egg-info
writing ../../build/simple_control/simple_control.egg-info/PKG-INFO
writing dependency_links to ../../build/simple_control/simple_control.egg-info/dependency_links.txt
writing entry points to ../../build/simple_control/simple_control.egg-info/entry_points.txt
writing requirements to ../../build/simple_control/simple_control.egg-info/requires.txt
writing top-level names to ../../build/simple_control/simple_control.egg-info/top_level.txt
writing manifest file '../../build/simple_control/simple_control.egg-info/SOURCES.txt'
reading manifest file '../../build/simple_control/simple_control.egg-info/SOURCES.txt'
writing manifest file '../../build/simple_control/simple_control.egg-info/SOURCES.txt'
running build
running build_py
creating /root/csci_420_robotics_labs/lab6_ws/build/simple_control/build
creating /root/csci_420_robotics_labs/lab6_ws/build/simple_control/build/lib
creating /root/csci_420_robotics_labs/lab6_ws/build/simple_control/build/lib/simple_control
copying simple_control/geofence_and_mission.py -> /root/csci_420_robotics_labs/lab6_ws/build/simple_control/build/lib/simple_control
copying simple_control/test_astar.py -> /root/csci_420_robotics_labs/lab6_ws/build/simple_control/build/lib/simple_control
copying simple_control/keyboard_manager.py -> /root/csci_420_robotics_labs/lab6_ws/build/simple_control/build/lib/simple_control
copying simple_control/path_planner.py -> /root/csci_420_robotics_labs/lab6_ws/build/simple_control/build/lib/simple_control
copying simple_control/__init__.py -> /root/csci_420_robotics_labs/lab6_ws/build/simple_control/build/lib/simple_control
copying simple_control/astar_class.py -> /root/csci_420_robotics_labs/lab6_ws/build/simple_control/build/lib/simple_control
running install
running install_lib
creating /root/csci_420_robotics_labs/lab6_ws/install/simple_control/lib/python3.12/site-packages/simple_control
copying /root/csci_420_robotics_labs/lab6_ws/build/simple_control/build/lib/simple_control/geofence_and_mission.py -> /root/csci_420_robotics_labs/lab6_ws/install/simple_control/lib/python3.12/site-packages/simple_control
copying /root/csci_420_robotics_labs/lab6_ws/build/simple_control/build/lib/simple_control/test_astar.py -> /root/csci_420_robotics_labs/lab6_ws/install/simple_control/lib/python3.12/site-packages/simple_control
copying /root/csci_420_robotics_labs/lab6_ws/build/simple_control/build/lib/simple_control/keyboard_manager.py -> /root/csci_420_robotics_labs/lab6_ws/install/simple_control/lib/python3.12/site-packages/simple_control
copying /root/csci_420_robotics_labs/lab6_ws/build/simple_control/build/lib/simple_control/path_planner.py -> /root/csci_420_robotics_labs/lab6_ws/install/simple_control/lib/python3.12/site-packages/simple_control
copying /root/csci_420_robotics_labs/lab6_ws/build/simple_control/build/lib/simple_control/__init__.py -> /root/csci_420_robotics_labs/lab6_ws/install/simple_control/lib/python3.12/site-packages/simple_control
copying /root/csci_420_robotics_labs/lab6_ws/build/simple_control/build/lib/simple_control/astar_class.py -> /root/csci_420_robotics_labs/lab6_ws/install/simple_control/lib/python3.12/site-packages/simple_control
byte-compiling /root/csci_420_robotics_labs/lab6_ws/install/simple_control/lib/python3.12/site-packages/simple_control/geofence_and_mission.py to geofence_and_mission.cpython-312.pyc
byte-compiling /root/csci_420_robotics_labs/lab6_ws/install/simple_control/lib/python3.12/site-packages/simple_control/test_astar.py to test_astar.cpython-312.pyc
byte-compiling /root/csci_420_robotics_labs/lab6_ws/install/simple_control/lib/python3.12/site-packages/simple_control/keyboard_manager.py to keyboard_manager.cpython-312.pyc
byte-compiling /root/csci_420_robotics_labs/lab6_ws/install/simple_control/lib/python3.12/site-packages/simple_control/path_planner.py to path_planner.cpython-312.pyc
byte-compiling /root/csci_420_robotics_labs/lab6_ws/install/simple_control/lib/python3.12/site-packages/simple_control/__init__.py to __init__.cpython-312.pyc
byte-compiling /root/csci_420_robotics_labs/lab6_ws/install/simple_control/lib/python3.12/site-packages/simple_control/astar_class.py to astar_class.cpython-312.pyc
running install_data
creating /root/csci_420_robotics_labs/lab6_ws/install/simple_control/share/ament_index
creating /root/csci_420_robotics_labs/lab6_ws/install/simple_control/share/ament_index/resource_index
creating /root/csci_420_robotics_labs/lab6_ws/install/simple_control/share/ament_index/resource_index/packages
copying resource/simple_control -> /root/csci_420_robotics_labs/lab6_ws/install/simple_control/share/ament_index/resource_index/packages
copying package.xml -> /root/csci_420_robotics_labs/lab6_ws/install/simple_control/share/simple_control
creating /root/csci_420_robotics_labs/lab6_ws/install/simple_control/lib/simple_control
copying simple_control/astar_class.py -> /root/csci_420_robotics_labs/lab6_ws/install/simple_control/lib/simple_control
running install_egg_info
Copying ../../build/simple_control/simple_control.egg-info to /root/csci_420_robotics_labs/lab6_ws/install/simple_control/lib/python3.12/site-packages/simple_control-0.0.0-py3.12.egg-info
running install_scripts
Installing geofence_and_mission script to /root/csci_420_robotics_labs/lab6_ws/install/simple_control/lib/simple_control
Installing path_planner script to /root/csci_420_robotics_labs/lab6_ws/install/simple_control/lib/simple_control
writing list of installed files to '/root/csci_420_robotics_labs/lab6_ws/build/simple_control/install.log'
