[1.168s] Invoking command in '/root/csci_420_robotics_labs/lab6_ws/src/simple_control': PYTHONPATH=/root/csci_420_robotics_labs/lab6_ws/build/simple_control/prefix_override:/usr/lib/python3/dist-packages/colcon_core/task/python/colcon_distutils_commands:/root/csci_420_robotics_labs/lab6_ws/install/simple_control/lib/python3.12/site-packages:${PYTHONPATH} /usr/bin/python3 -W ignore:setup.py install is deprecated -W ignore:easy_install command is deprecated setup.py egg_info --egg-base ../../build/simple_control build --build-base /root/csci_420_robotics_labs/lab6_ws/build/simple_control/build install --record /root/csci_420_robotics_labs/lab6_ws/build/simple_control/install.log --single-version-externally-managed install_data
[4.444s] running egg_info
[4.446s] creating ../../build/simple_control/simple_control.egg-info
[4.446s] writing ../../build/simple_control/simple_control.egg-info/PKG-INFO
[4.447s] writing dependency_links to ../../build/simple_control/simple_control.egg-info/dependency_links.txt
[4.447s] writing entry points to ../../build/simple_control/simple_control.egg-info/entry_points.txt
[4.448s] writing requirements to ../../build/simple_control/simple_control.egg-info/requires.txt
[4.449s] writing top-level names to ../../build/simple_control/simple_control.egg-info/top_level.txt
[4.449s] writing manifest file '../../build/simple_control/simple_control.egg-info/SOURCES.txt'
[4.450s] reading manifest file '../../build/simple_control/simple_control.egg-info/SOURCES.txt'
[4.450s] writing manifest file '../../build/simple_control/simple_control.egg-info/SOURCES.txt'
[4.451s] running build
[4.453s] running build_py
[4.453s] creating /root/csci_420_robotics_labs/lab6_ws/build/simple_control/build
[4.456s] creating /root/csci_420_robotics_labs/lab6_ws/build/simple_control/build/lib
[4.474s] creating /root/csci_420_robotics_labs/lab6_ws/build/simple_control/build/lib/simple_control
[4.475s] copying simple_control/geofence_and_mission.py -> /root/csci_420_robotics_labs/lab6_ws/build/simple_control/build/lib/simple_control
[4.476s] copying simple_control/test_astar.py -> /root/csci_420_robotics_labs/lab6_ws/build/simple_control/build/lib/simple_control
[4.477s] copying simple_control/keyboard_manager.py -> /root/csci_420_robotics_labs/lab6_ws/build/simple_control/build/lib/simple_control
[4.477s] copying simple_control/path_planner.py -> /root/csci_420_robotics_labs/lab6_ws/build/simple_control/build/lib/simple_control
[4.478s] copying simple_control/__init__.py -> /root/csci_420_robotics_labs/lab6_ws/build/simple_control/build/lib/simple_control
[4.479s] copying simple_control/astar_class.py -> /root/csci_420_robotics_labs/lab6_ws/build/simple_control/build/lib/simple_control
[4.479s] running install
[4.480s] running install_lib
[4.480s] creating /root/csci_420_robotics_labs/lab6_ws/install/simple_control/lib/python3.12/site-packages/simple_control
[4.481s] copying /root/csci_420_robotics_labs/lab6_ws/build/simple_control/build/lib/simple_control/geofence_and_mission.py -> /root/csci_420_robotics_labs/lab6_ws/install/simple_control/lib/python3.12/site-packages/simple_control
[4.481s] copying /root/csci_420_robotics_labs/lab6_ws/build/simple_control/build/lib/simple_control/test_astar.py -> /root/csci_420_robotics_labs/lab6_ws/install/simple_control/lib/python3.12/site-packages/simple_control
[4.482s] copying /root/csci_420_robotics_labs/lab6_ws/build/simple_control/build/lib/simple_control/keyboard_manager.py -> /root/csci_420_robotics_labs/lab6_ws/install/simple_control/lib/python3.12/site-packages/simple_control
[4.483s] copying /root/csci_420_robotics_labs/lab6_ws/build/simple_control/build/lib/simple_control/path_planner.py -> /root/csci_420_robotics_labs/lab6_ws/install/simple_control/lib/python3.12/site-packages/simple_control
[4.484s] copying /root/csci_420_robotics_labs/lab6_ws/build/simple_control/build/lib/simple_control/__init__.py -> /root/csci_420_robotics_labs/lab6_ws/install/simple_control/lib/python3.12/site-packages/simple_control
[4.484s] copying /root/csci_420_robotics_labs/lab6_ws/build/simple_control/build/lib/simple_control/astar_class.py -> /root/csci_420_robotics_labs/lab6_ws/install/simple_control/lib/python3.12/site-packages/simple_control
[4.485s] byte-compiling /root/csci_420_robotics_labs/lab6_ws/install/simple_control/lib/python3.12/site-packages/simple_control/geofence_and_mission.py to geofence_and_mission.cpython-312.pyc
[4.485s] byte-compiling /root/csci_420_robotics_labs/lab6_ws/install/simple_control/lib/python3.12/site-packages/simple_control/test_astar.py to test_astar.cpython-312.pyc
[4.487s] byte-compiling /root/csci_420_robotics_labs/lab6_ws/install/simple_control/lib/python3.12/site-packages/simple_control/keyboard_manager.py to keyboard_manager.cpython-312.pyc
[4.487s] byte-compiling /root/csci_420_robotics_labs/lab6_ws/install/simple_control/lib/python3.12/site-packages/simple_control/path_planner.py to path_planner.cpython-312.pyc
[4.488s] byte-compiling /root/csci_420_robotics_labs/lab6_ws/install/simple_control/lib/python3.12/site-packages/simple_control/__init__.py to __init__.cpython-312.pyc
[4.488s] byte-compiling /root/csci_420_robotics_labs/lab6_ws/install/simple_control/lib/python3.12/site-packages/simple_control/astar_class.py to astar_class.cpython-312.pyc
[4.489s] running install_data
[4.489s] creating /root/csci_420_robotics_labs/lab6_ws/install/simple_control/share/ament_index
[4.491s] creating /root/csci_420_robotics_labs/lab6_ws/install/simple_control/share/ament_index/resource_index
[4.491s] creating /root/csci_420_robotics_labs/lab6_ws/install/simple_control/share/ament_index/resource_index/packages
[4.492s] copying resource/simple_control -> /root/csci_420_robotics_labs/lab6_ws/install/simple_control/share/ament_index/resource_index/packages
[4.492s] copying package.xml -> /root/csci_420_robotics_labs/lab6_ws/install/simple_control/share/simple_control
[4.493s] creating /root/csci_420_robotics_labs/lab6_ws/install/simple_control/lib/simple_control
[4.493s] copying simple_control/astar_class.py -> /root/csci_420_robotics_labs/lab6_ws/install/simple_control/lib/simple_control
[4.494s] running install_egg_info
[4.494s] Copying ../../build/simple_control/simple_control.egg-info to /root/csci_420_robotics_labs/lab6_ws/install/simple_control/lib/python3.12/site-packages/simple_control-0.0.0-py3.12.egg-info
[4.495s] running install_scripts
[4.496s] Installing geofence_and_mission script to /root/csci_420_robotics_labs/lab6_ws/install/simple_control/lib/simple_control
[4.497s] Installing path_planner script to /root/csci_420_robotics_labs/lab6_ws/install/simple_control/lib/simple_control
[4.498s] writing list of installed files to '/root/csci_420_robotics_labs/lab6_ws/build/simple_control/install.log'
[4.531s] Invoked command in '/root/csci_420_robotics_labs/lab6_ws/src/simple_control' returned '0': PYTHONPATH=/root/csci_420_robotics_labs/lab6_ws/build/simple_control/prefix_override:/usr/lib/python3/dist-packages/colcon_core/task/python/colcon_distutils_commands:/root/csci_420_robotics_labs/lab6_ws/install/simple_control/lib/python3.12/site-packages:${PYTHONPATH} /usr/bin/python3 -W ignore:setup.py install is deprecated -W ignore:easy_install command is deprecated setup.py egg_info --egg-base ../../build/simple_control build --build-base /root/csci_420_robotics_labs/lab6_ws/build/simple_control/build install --record /root/csci_420_robotics_labs/lab6_ws/build/simple_control/install.log --single-version-externally-managed install_data
