[0.040s] Invoking command in '/root/csci_420_robotics_labs/lab6_ws/build/flightcontroller': CMAKE_PREFIX_PATH=${CMAKE_PREFIX_PATH}:/root/csci_420_robotics_labs/lab6_ws/install/simple_sim:/root/csci_420_robotics_labs/lab6_ws/install/simple_control:/opt/ros/kilted /usr/bin/cmake --build /root/csci_420_robotics_labs/lab6_ws/build/flightcontroller -- -j8 -l8
[0.447s] Invoked command in '/root/csci_420_robotics_labs/lab6_ws/build/flightcontroller' returned '0': CMAKE_PREFIX_PATH=${CMAKE_PREFIX_PATH}:/root/csci_420_robotics_labs/lab6_ws/install/simple_sim:/root/csci_420_robotics_labs/lab6_ws/install/simple_control:/opt/ros/kilted /usr/bin/cmake --build /root/csci_420_robotics_labs/lab6_ws/build/flightcontroller -- -j8 -l8
[0.451s] Invoking command in '/root/csci_420_robotics_labs/lab6_ws/build/flightcontroller': CMAKE_PREFIX_PATH=${CMAKE_PREFIX_PATH}:/root/csci_420_robotics_labs/lab6_ws/install/simple_sim:/root/csci_420_robotics_labs/lab6_ws/install/simple_control:/opt/ros/kilted /usr/bin/cmake --install /root/csci_420_robotics_labs/lab6_ws/build/flightcontroller
[0.470s] -- Install configuration: ""
[0.471s] -- Up-to-date: /root/csci_420_robotics_labs/lab6_ws/install/flightcontroller/share/flightcontroller/launch
[0.472s] -- Up-to-date: /root/csci_420_robotics_labs/lab6_ws/install/flightcontroller/share/flightcontroller/launch/angle.launch
[0.472s] -- Up-to-date: /root/csci_420_robotics_labs/lab6_ws/install/flightcontroller/share/flightcontroller/launch/position.launch
[0.473s] -- Up-to-date: /root/csci_420_robotics_labs/lab6_ws/install/flightcontroller/share/flightcontroller/launch/fly.launch
[0.475s] -- Up-to-date: /root/csci_420_robotics_labs/lab6_ws/install/flightcontroller/share/flightcontroller/launch/velocity.launch
[0.476s] -- Up-to-date: /root/csci_420_robotics_labs/lab6_ws/install/flightcontroller/share/flightcontroller/maps
[0.476s] -- Up-to-date: /root/csci_420_robotics_labs/lab6_ws/install/flightcontroller/share/flightcontroller/maps/map_small0.yaml
[0.477s] -- Up-to-date: /root/csci_420_robotics_labs/lab6_ws/install/flightcontroller/share/flightcontroller/maps/mybugmap.png
[0.478s] -- Up-to-date: /root/csci_420_robotics_labs/lab6_ws/install/flightcontroller/share/flightcontroller/maps/map_medium0.pgm
[0.479s] -- Up-to-date: /root/csci_420_robotics_labs/lab6_ws/install/flightcontroller/share/flightcontroller/maps/map_medium2.yaml
[0.480s] -- Up-to-date: /root/csci_420_robotics_labs/lab6_ws/install/flightcontroller/share/flightcontroller/maps/map_medium1.yaml
[0.480s] -- Up-to-date: /root/csci_420_robotics_labs/lab6_ws/install/flightcontroller/share/flightcontroller/maps/map_medium0.yaml
[0.481s] -- Up-to-date: /root/csci_420_robotics_labs/lab6_ws/install/flightcontroller/share/flightcontroller/maps/mybugmap.yaml
[0.482s] -- Up-to-date: /root/csci_420_robotics_labs/lab6_ws/install/flightcontroller/share/flightcontroller/maps/map_large0.png
[0.482s] -- Up-to-date: /root/csci_420_robotics_labs/lab6_ws/install/flightcontroller/share/flightcontroller/maps/map_medium2.png
[0.483s] -- Up-to-date: /root/csci_420_robotics_labs/lab6_ws/install/flightcontroller/share/flightcontroller/maps/map_medium0.png
[0.495s] -- Up-to-date: /root/csci_420_robotics_labs/lab6_ws/install/flightcontroller/share/flightcontroller/maps/map_small0.png
[0.497s] -- Up-to-date: /root/csci_420_robotics_labs/lab6_ws/install/flightcontroller/share/flightcontroller/maps/map_medium1.png
[0.498s] -- Up-to-date: /root/csci_420_robotics_labs/lab6_ws/install/flightcontroller/share/flightcontroller/maps/map_large0.yaml
[0.500s] -- Up-to-date: /root/csci_420_robotics_labs/lab6_ws/install/flightcontroller/lib/flightcontroller/angle_calculator.py
[0.500s] -- Up-to-date: /root/csci_420_robotics_labs/lab6_ws/install/flightcontroller/lib/flightcontroller/angle_controller.py
[0.501s] -- Up-to-date: /root/csci_420_robotics_labs/lab6_ws/install/flightcontroller/lib/flightcontroller/position_controller.py
[0.502s] -- Up-to-date: /root/csci_420_robotics_labs/lab6_ws/install/flightcontroller/lib/flightcontroller/velocity_controller.py
[0.503s] -- Up-to-date: /root/csci_420_robotics_labs/lab6_ws/install/flightcontroller/lib/flightcontroller/pid_class.py
[0.504s] -- Up-to-date: /root/csci_420_robotics_labs/lab6_ws/install/flightcontroller/share/ament_index/resource_index/package_run_dependencies/flightcontroller
[0.508s] -- Up-to-date: /root/csci_420_robotics_labs/lab6_ws/install/flightcontroller/share/ament_index/resource_index/parent_prefix_path/flightcontroller
[0.512s] -- Up-to-date: /root/csci_420_robotics_labs/lab6_ws/install/flightcontroller/share/flightcontroller/environment/ament_prefix_path.sh
[0.514s] -- Up-to-date: /root/csci_420_robotics_labs/lab6_ws/install/flightcontroller/share/flightcontroller/environment/ament_prefix_path.dsv
[0.516s] -- Up-to-date: /root/csci_420_robotics_labs/lab6_ws/install/flightcontroller/share/flightcontroller/environment/path.sh
[0.517s] -- Up-to-date: /root/csci_420_robotics_labs/lab6_ws/install/flightcontroller/share/flightcontroller/environment/path.dsv
[0.518s] -- Up-to-date: /root/csci_420_robotics_labs/lab6_ws/install/flightcontroller/share/flightcontroller/local_setup.bash
[0.519s] -- Up-to-date: /root/csci_420_robotics_labs/lab6_ws/install/flightcontroller/share/flightcontroller/local_setup.sh
[0.521s] -- Up-to-date: /root/csci_420_robotics_labs/lab6_ws/install/flightcontroller/share/flightcontroller/local_setup.zsh
[0.525s] -- Up-to-date: /root/csci_420_robotics_labs/lab6_ws/install/flightcontroller/share/flightcontroller/local_setup.dsv
[0.525s] -- Installing: /root/csci_420_robotics_labs/lab6_ws/install/flightcontroller/share/flightcontroller/package.dsv
[0.527s] -- Up-to-date: /root/csci_420_robotics_labs/lab6_ws/install/flightcontroller/share/ament_index/resource_index/packages/flightcontroller
[0.527s] -- Up-to-date: /root/csci_420_robotics_labs/lab6_ws/install/flightcontroller/share/flightcontroller/cmake/flightcontrollerConfig.cmake
[0.529s] -- Up-to-date: /root/csci_420_robotics_labs/lab6_ws/install/flightcontroller/share/flightcontroller/cmake/flightcontrollerConfig-version.cmake
[0.531s] -- Up-to-date: /root/csci_420_robotics_labs/lab6_ws/install/flightcontroller/share/flightcontroller/package.xml
[0.600s] Invoked command in '/root/csci_420_robotics_labs/lab6_ws/build/flightcontroller' returned '0': CMAKE_PREFIX_PATH=${CMAKE_PREFIX_PATH}:/root/csci_420_robotics_labs/lab6_ws/install/simple_sim:/root/csci_420_robotics_labs/lab6_ws/install/simple_control:/opt/ros/kilted /usr/bin/cmake --install /root/csci_420_robotics_labs/lab6_ws/build/flightcontroller
