[0.047s] Invoking command in '/root/csci_420_robotics_labs/lab6_ws/build/flightcontroller': CMAKE_PREFIX_PATH=${CMAKE_PREFIX_PATH}:/root/csci_420_robotics_labs/lab6_ws/install/simple_sim:/root/csci_420_robotics_labs/lab6_ws/install/simple_control:/opt/ros/kilted /usr/bin/cmake --build /root/csci_420_robotics_labs/lab6_ws/build/flightcontroller -- -j8 -l8
[0.464s] Invoked command in '/root/csci_420_robotics_labs/lab6_ws/build/flightcontroller' returned '0': CMAKE_PREFIX_PATH=${CMAKE_PREFIX_PATH}:/root/csci_420_robotics_labs/lab6_ws/install/simple_sim:/root/csci_420_robotics_labs/lab6_ws/install/simple_control:/opt/ros/kilted /usr/bin/cmake --build /root/csci_420_robotics_labs/lab6_ws/build/flightcontroller -- -j8 -l8
[0.466s] Invoking command in '/root/csci_420_robotics_labs/lab6_ws/build/flightcontroller': CMAKE_PREFIX_PATH=${CMAKE_PREFIX_PATH}:/root/csci_420_robotics_labs/lab6_ws/install/simple_sim:/root/csci_420_robotics_labs/lab6_ws/install/simple_control:/opt/ros/kilted /usr/bin/cmake --install /root/csci_420_robotics_labs/lab6_ws/build/flightcontroller
[0.488s] -- Install configuration: ""
[0.490s] -- Up-to-date: /root/csci_420_robotics_labs/lab6_ws/install/flightcontroller/share/flightcontroller/launch
[0.491s] -- Up-to-date: /root/csci_420_robotics_labs/lab6_ws/install/flightcontroller/share/flightcontroller/launch/angle.launch
[0.492s] -- Up-to-date: /root/csci_420_robotics_labs/lab6_ws/install/flightcontroller/share/flightcontroller/launch/position.launch
[0.493s] -- Up-to-date: /root/csci_420_robotics_labs/lab6_ws/install/flightcontroller/share/flightcontroller/launch/fly.launch
[0.494s] -- Up-to-date: /root/csci_420_robotics_labs/lab6_ws/install/flightcontroller/share/flightcontroller/launch/velocity.launch
[0.495s] -- Up-to-date: /root/csci_420_robotics_labs/lab6_ws/install/flightcontroller/share/flightcontroller/maps
[0.499s] -- Up-to-date: /root/csci_420_robotics_labs/lab6_ws/install/flightcontroller/share/flightcontroller/maps/map_small0.yaml
[0.500s] -- Up-to-date: /root/csci_420_robotics_labs/lab6_ws/install/flightcontroller/share/flightcontroller/maps/mybugmap.png
[0.502s] -- Up-to-date: /root/csci_420_robotics_labs/lab6_ws/install/flightcontroller/share/flightcontroller/maps/map_medium0.pgm
[0.505s] -- Up-to-date: /root/csci_420_robotics_labs/lab6_ws/install/flightcontroller/share/flightcontroller/maps/map_medium2.yaml
[0.508s] -- Up-to-date: /root/csci_420_robotics_labs/lab6_ws/install/flightcontroller/share/flightcontroller/maps/map_medium1.yaml
[0.511s] -- Up-to-date: /root/csci_420_robotics_labs/lab6_ws/install/flightcontroller/share/flightcontroller/maps/map_medium0.yaml
[0.513s] -- Up-to-date: /root/csci_420_robotics_labs/lab6_ws/install/flightcontroller/share/flightcontroller/maps/mybugmap.yaml
[0.515s] -- Up-to-date: /root/csci_420_robotics_labs/lab6_ws/install/flightcontroller/share/flightcontroller/maps/map_large0.png
[0.516s] -- Up-to-date: /root/csci_420_robotics_labs/lab6_ws/install/flightcontroller/share/flightcontroller/maps/map_medium2.png
[0.517s] -- Up-to-date: /root/csci_420_robotics_labs/lab6_ws/install/flightcontroller/share/flightcontroller/maps/map_medium0.png
[0.520s] -- Up-to-date: /root/csci_420_robotics_labs/lab6_ws/install/flightcontroller/share/flightcontroller/maps/map_small0.png
[0.521s] -- Up-to-date: /root/csci_420_robotics_labs/lab6_ws/install/flightcontroller/share/flightcontroller/maps/map_medium1.png
[0.522s] -- Up-to-date: /root/csci_420_robotics_labs/lab6_ws/install/flightcontroller/share/flightcontroller/maps/map_large0.yaml
[0.523s] -- Up-to-date: /root/csci_420_robotics_labs/lab6_ws/install/flightcontroller/lib/flightcontroller/angle_calculator.py
[0.524s] -- Up-to-date: /root/csci_420_robotics_labs/lab6_ws/install/flightcontroller/lib/flightcontroller/angle_controller.py
[0.526s] -- Up-to-date: /root/csci_420_robotics_labs/lab6_ws/install/flightcontroller/lib/flightcontroller/position_controller.py
[0.527s] -- Up-to-date: /root/csci_420_robotics_labs/lab6_ws/install/flightcontroller/lib/flightcontroller/velocity_controller.py
[0.530s] -- Up-to-date: /root/csci_420_robotics_labs/lab6_ws/install/flightcontroller/lib/flightcontroller/pid_class.py
[0.532s] -- Up-to-date: /root/csci_420_robotics_labs/lab6_ws/install/flightcontroller/share/ament_index/resource_index/package_run_dependencies/flightcontroller
[0.534s] -- Up-to-date: /root/csci_420_robotics_labs/lab6_ws/install/flightcontroller/share/ament_index/resource_index/parent_prefix_path/flightcontroller
[0.536s] -- Up-to-date: /root/csci_420_robotics_labs/lab6_ws/install/flightcontroller/share/flightcontroller/environment/ament_prefix_path.sh
[0.538s] -- Up-to-date: /root/csci_420_robotics_labs/lab6_ws/install/flightcontroller/share/flightcontroller/environment/ament_prefix_path.dsv
[0.540s] -- Up-to-date: /root/csci_420_robotics_labs/lab6_ws/install/flightcontroller/share/flightcontroller/environment/path.sh
[0.540s] -- Up-to-date: /root/csci_420_robotics_labs/lab6_ws/install/flightcontroller/share/flightcontroller/environment/path.dsv
[0.542s] -- Up-to-date: /root/csci_420_robotics_labs/lab6_ws/install/flightcontroller/share/flightcontroller/local_setup.bash
[0.542s] -- Up-to-date: /root/csci_420_robotics_labs/lab6_ws/install/flightcontroller/share/flightcontroller/local_setup.sh
[0.543s] -- Up-to-date: /root/csci_420_robotics_labs/lab6_ws/install/flightcontroller/share/flightcontroller/local_setup.zsh
[0.544s] -- Up-to-date: /root/csci_420_robotics_labs/lab6_ws/install/flightcontroller/share/flightcontroller/local_setup.dsv
[0.545s] -- Installing: /root/csci_420_robotics_labs/lab6_ws/install/flightcontroller/share/flightcontroller/package.dsv
[0.548s] -- Up-to-date: /root/csci_420_robotics_labs/lab6_ws/install/flightcontroller/share/ament_index/resource_index/packages/flightcontroller
[0.549s] -- Up-to-date: /root/csci_420_robotics_labs/lab6_ws/install/flightcontroller/share/flightcontroller/cmake/flightcontrollerConfig.cmake
[0.549s] -- Up-to-date: /root/csci_420_robotics_labs/lab6_ws/install/flightcontroller/share/flightcontroller/cmake/flightcontrollerConfig-version.cmake
[0.550s] -- Up-to-date: /root/csci_420_robotics_labs/lab6_ws/install/flightcontroller/share/flightcontroller/package.xml
[0.573s] Invoked command in '/root/csci_420_robotics_labs/lab6_ws/build/flightcontroller' returned '0': CMAKE_PREFIX_PATH=${CMAKE_PREFIX_PATH}:/root/csci_420_robotics_labs/lab6_ws/install/simple_sim:/root/csci_420_robotics_labs/lab6_ws/install/simple_control:/opt/ros/kilted /usr/bin/cmake --install /root/csci_420_robotics_labs/lab6_ws/build/flightcontroller
