[0.043s] Invoking command in '/root/csci_420_robotics_labs/lab6_ws/build/keyboard_msgs': CMAKE_PREFIX_PATH=${CMAKE_PREFIX_PATH}:/root/csci_420_robotics_labs/lab6_ws/install/simple_sim:/root/csci_420_robotics_labs/lab6_ws/install/simple_control:/opt/ros/kilted /usr/bin/cmake --build /root/csci_420_robotics_labs/lab6_ws/build/keyboard_msgs -- -j8 -l8
[0.414s] [  2%] Built target keyboard_msgs__rosidl_generator_type_description
[0.415s] [  5%] Built target keyboard_msgs__cpp
[0.416s] [  5%] Built target ament_cmake_python_copy_keyboard_msgs
[0.416s] [ 20%] Built target keyboard_msgs__rosidl_generator_c
[0.417s] [ 29%] Built target keyboard_msgs__rosidl_typesupport_introspection_c
[0.418s] [ 38%] Built target keyboard_msgs__rosidl_typesupport_c
[0.419s] [ 52%] Built target keyboard_msgs__rosidl_typesupport_cpp
[0.419s] [ 64%] Built target keyboard_msgs__rosidl_typesupport_introspection_cpp
[0.419s] [ 73%] Built target keyboard_msgs__rosidl_typesupport_fastrtps_c
[0.419s] [ 73%] Built target keyboard_msgs__rosidl_typesupport_fastrtps_cpp
[0.419s] [ 73%] Built target keyboard_msgs
[0.419s] [ 76%] Built target keyboard_msgs__py
[0.420s] [ 82%] Built target keyboard_msgs__rosidl_generator_py
[0.420s] running egg_info
[0.420s] writing keyboard_msgs.egg-info/PKG-INFO
[0.420s] writing dependency_links to keyboard_msgs.egg-info/dependency_links.txt
[0.420s] writing top-level names to keyboard_msgs.egg-info/top_level.txt
[0.420s] [100%] Built target keyboard_msgs_s__rosidl_typesupport_introspection_c
[0.421s] [100%] Built target keyboard_msgs_s__rosidl_typesupport_fastrtps_c
[0.421s] [100%] Built target keyboard_msgs_s__rosidl_typesupport_c
[0.421s] reading manifest file 'keyboard_msgs.egg-info/SOURCES.txt'
[0.421s] writing manifest file 'keyboard_msgs.egg-info/SOURCES.txt'
[0.509s] [100%] Built target ament_cmake_python_build_keyboard_msgs_egg
[0.684s] Invoked command in '/root/csci_420_robotics_labs/lab6_ws/build/keyboard_msgs' returned '0': CMAKE_PREFIX_PATH=${CMAKE_PREFIX_PATH}:/root/csci_420_robotics_labs/lab6_ws/install/simple_sim:/root/csci_420_robotics_labs/lab6_ws/install/simple_control:/opt/ros/kilted /usr/bin/cmake --build /root/csci_420_robotics_labs/lab6_ws/build/keyboard_msgs -- -j8 -l8
[0.686s] Invoking command in '/root/csci_420_robotics_labs/lab6_ws/build/keyboard_msgs': CMAKE_PREFIX_PATH=${CMAKE_PREFIX_PATH}:/root/csci_420_robotics_labs/lab6_ws/install/simple_sim:/root/csci_420_robotics_labs/lab6_ws/install/simple_control:/opt/ros/kilted /usr/bin/cmake --install /root/csci_420_robotics_labs/lab6_ws/build/keyboard_msgs
[0.694s] -- Install configuration: ""
[0.695s] -- Up-to-date: /root/csci_420_robotics_labs/lab6_ws/install/keyboard_msgs/share/ament_index/resource_index/rosidl_interfaces/keyboard_msgs
[0.695s] -- Up-to-date: /root/csci_420_robotics_labs/lab6_ws/install/keyboard_msgs/share/keyboard_msgs/msg/Key.json
[0.695s] -- Up-to-date: /root/csci_420_robotics_labs/lab6_ws/install/keyboard_msgs/include/keyboard_msgs/keyboard_msgs
[0.696s] -- Up-to-date: /root/csci_420_robotics_labs/lab6_ws/install/keyboard_msgs/include/keyboard_msgs/keyboard_msgs/msg
[0.696s] -- Up-to-date: /root/csci_420_robotics_labs/lab6_ws/install/keyboard_msgs/include/keyboard_msgs/keyboard_msgs/msg/rosidl_generator_c__visibility_control.h
[0.697s] -- Up-to-date: /root/csci_420_robotics_labs/lab6_ws/install/keyboard_msgs/include/keyboard_msgs/keyboard_msgs/msg/key.h
[0.697s] -- Up-to-date: /root/csci_420_robotics_labs/lab6_ws/install/keyboard_msgs/include/keyboard_msgs/keyboard_msgs/msg/detail
[0.697s] -- Up-to-date: /root/csci_420_robotics_labs/lab6_ws/install/keyboard_msgs/include/keyboard_msgs/keyboard_msgs/msg/detail/key__type_support.c
[0.698s] -- Up-to-date: /root/csci_420_robotics_labs/lab6_ws/install/keyboard_msgs/include/keyboard_msgs/keyboard_msgs/msg/detail/key__functions.h
[0.699s] -- Up-to-date: /root/csci_420_robotics_labs/lab6_ws/install/keyboard_msgs/include/keyboard_msgs/keyboard_msgs/msg/detail/key__type_support.h
[0.699s] -- Up-to-date: /root/csci_420_robotics_labs/lab6_ws/install/keyboard_msgs/include/keyboard_msgs/keyboard_msgs/msg/detail/key__functions.c
[0.700s] -- Up-to-date: /root/csci_420_robotics_labs/lab6_ws/install/keyboard_msgs/include/keyboard_msgs/keyboard_msgs/msg/detail/key__struct.h
[0.701s] -- Up-to-date: /root/csci_420_robotics_labs/lab6_ws/install/keyboard_msgs/include/keyboard_msgs/keyboard_msgs/msg/detail/key__description.c
[0.702s] -- Up-to-date: /root/csci_420_robotics_labs/lab6_ws/install/keyboard_msgs/share/keyboard_msgs/environment/library_path.sh
[0.703s] -- Up-to-date: /root/csci_420_robotics_labs/lab6_ws/install/keyboard_msgs/share/keyboard_msgs/environment/library_path.dsv
[0.704s] -- Up-to-date: /root/csci_420_robotics_labs/lab6_ws/install/keyboard_msgs/lib/libkeyboard_msgs__rosidl_generator_c.so
[0.704s] -- Up-to-date: /root/csci_420_robotics_labs/lab6_ws/install/keyboard_msgs/include/keyboard_msgs/keyboard_msgs
[0.704s] -- Up-to-date: /root/csci_420_robotics_labs/lab6_ws/install/keyboard_msgs/include/keyboard_msgs/keyboard_msgs/msg
[0.705s] -- Up-to-date: /root/csci_420_robotics_labs/lab6_ws/install/keyboard_msgs/include/keyboard_msgs/keyboard_msgs/msg/detail
[0.705s] -- Up-to-date: /root/csci_420_robotics_labs/lab6_ws/install/keyboard_msgs/include/keyboard_msgs/keyboard_msgs/msg/detail/key__rosidl_typesupport_fastrtps_c.h
[0.705s] -- Up-to-date: /root/csci_420_robotics_labs/lab6_ws/install/keyboard_msgs/include/keyboard_msgs/keyboard_msgs/msg/rosidl_typesupport_fastrtps_c__visibility_control.h
[0.706s] -- Up-to-date: /root/csci_420_robotics_labs/lab6_ws/install/keyboard_msgs/lib/libkeyboard_msgs__rosidl_typesupport_fastrtps_c.so
[0.707s] -- Up-to-date: /root/csci_420_robotics_labs/lab6_ws/install/keyboard_msgs/include/keyboard_msgs/keyboard_msgs
[0.707s] -- Up-to-date: /root/csci_420_robotics_labs/lab6_ws/install/keyboard_msgs/include/keyboard_msgs/keyboard_msgs/msg
[0.708s] -- Up-to-date: /root/csci_420_robotics_labs/lab6_ws/install/keyboard_msgs/include/keyboard_msgs/keyboard_msgs/msg/key.hpp
[0.708s] -- Up-to-date: /root/csci_420_robotics_labs/lab6_ws/install/keyboard_msgs/include/keyboard_msgs/keyboard_msgs/msg/detail
[0.708s] -- Up-to-date: /root/csci_420_robotics_labs/lab6_ws/install/keyboard_msgs/include/keyboard_msgs/keyboard_msgs/msg/detail/key__type_support.hpp
[0.709s] -- Up-to-date: /root/csci_420_robotics_labs/lab6_ws/install/keyboard_msgs/include/keyboard_msgs/keyboard_msgs/msg/detail/key__struct.hpp
[0.709s] -- Up-to-date: /root/csci_420_robotics_labs/lab6_ws/install/keyboard_msgs/include/keyboard_msgs/keyboard_msgs/msg/detail/key__builder.hpp
[0.710s] -- Up-to-date: /root/csci_420_robotics_labs/lab6_ws/install/keyboard_msgs/include/keyboard_msgs/keyboard_msgs/msg/detail/key__traits.hpp
[0.711s] -- Up-to-date: /root/csci_420_robotics_labs/lab6_ws/install/keyboard_msgs/include/keyboard_msgs/keyboard_msgs/msg/rosidl_generator_cpp__visibility_control.hpp
[0.711s] -- Up-to-date: /root/csci_420_robotics_labs/lab6_ws/install/keyboard_msgs/include/keyboard_msgs/keyboard_msgs
[0.712s] -- Up-to-date: /root/csci_420_robotics_labs/lab6_ws/install/keyboard_msgs/include/keyboard_msgs/keyboard_msgs/msg
[0.712s] -- Up-to-date: /root/csci_420_robotics_labs/lab6_ws/install/keyboard_msgs/include/keyboard_msgs/keyboard_msgs/msg/rosidl_typesupport_fastrtps_cpp__visibility_control.h
[0.712s] -- Up-to-date: /root/csci_420_robotics_labs/lab6_ws/install/keyboard_msgs/include/keyboard_msgs/keyboard_msgs/msg/detail
[0.713s] -- Up-to-date: /root/csci_420_robotics_labs/lab6_ws/install/keyboard_msgs/include/keyboard_msgs/keyboard_msgs/msg/detail/key__rosidl_typesupport_fastrtps_cpp.hpp
[0.713s] -- Up-to-date: /root/csci_420_robotics_labs/lab6_ws/install/keyboard_msgs/include/keyboard_msgs/keyboard_msgs/msg/detail/dds_fastrtps
[0.716s] -- Up-to-date: /root/csci_420_robotics_labs/lab6_ws/install/keyboard_msgs/lib/libkeyboard_msgs__rosidl_typesupport_fastrtps_cpp.so
[0.717s] -- Up-to-date: /root/csci_420_robotics_labs/lab6_ws/install/keyboard_msgs/include/keyboard_msgs/keyboard_msgs
[0.718s] -- Up-to-date: /root/csci_420_robotics_labs/lab6_ws/install/keyboard_msgs/include/keyboard_msgs/keyboard_msgs/msg
[0.719s] -- Up-to-date: /root/csci_420_robotics_labs/lab6_ws/install/keyboard_msgs/include/keyboard_msgs/keyboard_msgs/msg/detail
[0.720s] -- Up-to-date: /root/csci_420_robotics_labs/lab6_ws/install/keyboard_msgs/include/keyboard_msgs/keyboard_msgs/msg/detail/key__rosidl_typesupport_introspection_c.h
[0.721s] -- Up-to-date: /root/csci_420_robotics_labs/lab6_ws/install/keyboard_msgs/include/keyboard_msgs/keyboard_msgs/msg/detail/key__type_support.c
[0.721s] -- Up-to-date: /root/csci_420_robotics_labs/lab6_ws/install/keyboard_msgs/include/keyboard_msgs/keyboard_msgs/msg/rosidl_typesupport_introspection_c__visibility_control.h
[0.721s] -- Up-to-date: /root/csci_420_robotics_labs/lab6_ws/install/keyboard_msgs/lib/libkeyboard_msgs__rosidl_typesupport_introspection_c.so
[0.726s] -- Up-to-date: /root/csci_420_robotics_labs/lab6_ws/install/keyboard_msgs/lib/libkeyboard_msgs__rosidl_typesupport_c.so
[0.727s] -- Up-to-date: /root/csci_420_robotics_labs/lab6_ws/install/keyboard_msgs/include/keyboard_msgs/keyboard_msgs
[0.728s] -- Up-to-date: /root/csci_420_robotics_labs/lab6_ws/install/keyboard_msgs/include/keyboard_msgs/keyboard_msgs/msg
[0.728s] -- Up-to-date: /root/csci_420_robotics_labs/lab6_ws/install/keyboard_msgs/include/keyboard_msgs/keyboard_msgs/msg/detail
[0.729s] -- Up-to-date: /root/csci_420_robotics_labs/lab6_ws/install/keyboard_msgs/include/keyboard_msgs/keyboard_msgs/msg/detail/key__rosidl_typesupport_introspection_cpp.hpp
[0.731s] -- Up-to-date: /root/csci_420_robotics_labs/lab6_ws/install/keyboard_msgs/include/keyboard_msgs/keyboard_msgs/msg/detail/key__type_support.cpp
[0.731s] -- Up-to-date: /root/csci_420_robotics_labs/lab6_ws/install/keyboard_msgs/lib/libkeyboard_msgs__rosidl_typesupport_introspection_cpp.so
[0.732s] -- Up-to-date: /root/csci_420_robotics_labs/lab6_ws/install/keyboard_msgs/lib/libkeyboard_msgs__rosidl_typesupport_cpp.so
[0.733s] -- Up-to-date: /root/csci_420_robotics_labs/lab6_ws/install/keyboard_msgs/share/keyboard_msgs/environment/pythonpath.sh
[0.733s] -- Up-to-date: /root/csci_420_robotics_labs/lab6_ws/install/keyboard_msgs/share/keyboard_msgs/environment/pythonpath.dsv
[0.733s] -- Up-to-date: /root/csci_420_robotics_labs/lab6_ws/install/keyboard_msgs/lib/python3.12/site-packages/keyboard_msgs-1.0.0-py3.12.egg-info
[0.734s] -- Installing: /root/csci_420_robotics_labs/lab6_ws/install/keyboard_msgs/lib/python3.12/site-packages/keyboard_msgs-1.0.0-py3.12.egg-info/PKG-INFO
[0.739s] -- Installing: /root/csci_420_robotics_labs/lab6_ws/install/keyboard_msgs/lib/python3.12/site-packages/keyboard_msgs-1.0.0-py3.12.egg-info/SOURCES.txt
[0.743s] -- Installing: /root/csci_420_robotics_labs/lab6_ws/install/keyboard_msgs/lib/python3.12/site-packages/keyboard_msgs-1.0.0-py3.12.egg-info/top_level.txt
[0.745s] -- Installing: /root/csci_420_robotics_labs/lab6_ws/install/keyboard_msgs/lib/python3.12/site-packages/keyboard_msgs-1.0.0-py3.12.egg-info/dependency_links.txt
[0.747s] -- Up-to-date: /root/csci_420_robotics_labs/lab6_ws/install/keyboard_msgs/lib/python3.12/site-packages/keyboard_msgs
[0.749s] -- Up-to-date: /root/csci_420_robotics_labs/lab6_ws/install/keyboard_msgs/lib/python3.12/site-packages/keyboard_msgs/keyboard_msgs_s__rosidl_typesupport_c.so
[0.749s] -- Up-to-date: /root/csci_420_robotics_labs/lab6_ws/install/keyboard_msgs/lib/python3.12/site-packages/keyboard_msgs/_keyboard_msgs_s.ep.rosidl_typesupport_c.c
[0.750s] -- Up-to-date: /root/csci_420_robotics_labs/lab6_ws/install/keyboard_msgs/lib/python3.12/site-packages/keyboard_msgs/_keyboard_msgs_s.ep.rosidl_typesupport_introspection_c.c
[0.750s] -- Up-to-date: /root/csci_420_robotics_labs/lab6_ws/install/keyboard_msgs/lib/python3.12/site-packages/keyboard_msgs/_keyboard_msgs_s.ep.rosidl_typesupport_fastrtps_c.c
[0.751s] -- Up-to-date: /root/csci_420_robotics_labs/lab6_ws/install/keyboard_msgs/lib/python3.12/site-packages/keyboard_msgs/msg
[0.751s] -- Up-to-date: /root/csci_420_robotics_labs/lab6_ws/install/keyboard_msgs/lib/python3.12/site-packages/keyboard_msgs/msg/__init__.py
[0.752s] -- Up-to-date: /root/csci_420_robotics_labs/lab6_ws/install/keyboard_msgs/lib/python3.12/site-packages/keyboard_msgs/msg/_key.py
[0.752s] -- Up-to-date: /root/csci_420_robotics_labs/lab6_ws/install/keyboard_msgs/lib/python3.12/site-packages/keyboard_msgs/msg/_key_s.c
[0.752s] -- Up-to-date: /root/csci_420_robotics_labs/lab6_ws/install/keyboard_msgs/lib/python3.12/site-packages/keyboard_msgs/__init__.py
[0.753s] -- Up-to-date: /root/csci_420_robotics_labs/lab6_ws/install/keyboard_msgs/lib/python3.12/site-packages/keyboard_msgs/keyboard_msgs_s__rosidl_typesupport_introspection_c.so
[0.754s] -- Up-to-date: /root/csci_420_robotics_labs/lab6_ws/install/keyboard_msgs/lib/python3.12/site-packages/keyboard_msgs/keyboard_msgs_s__rosidl_typesupport_fastrtps_c.so
[0.777s] Listing '/root/csci_420_robotics_labs/lab6_ws/install/keyboard_msgs/lib/python3.12/site-packages/keyboard_msgs'...
[0.778s] Listing '/root/csci_420_robotics_labs/lab6_ws/install/keyboard_msgs/lib/python3.12/site-packages/keyboard_msgs/msg'...
[0.783s] -- Up-to-date: /root/csci_420_robotics_labs/lab6_ws/install/keyboard_msgs/lib/python3.12/site-packages/keyboard_msgs/keyboard_msgs_s__rosidl_typesupport_fastrtps_c.so
[0.785s] -- Up-to-date: /root/csci_420_robotics_labs/lab6_ws/install/keyboard_msgs/lib/python3.12/site-packages/keyboard_msgs/keyboard_msgs_s__rosidl_typesupport_introspection_c.so
[0.787s] -- Up-to-date: /root/csci_420_robotics_labs/lab6_ws/install/keyboard_msgs/lib/python3.12/site-packages/keyboard_msgs/keyboard_msgs_s__rosidl_typesupport_c.so
[0.789s] -- Up-to-date: /root/csci_420_robotics_labs/lab6_ws/install/keyboard_msgs/lib/libkeyboard_msgs__rosidl_generator_py.so
[0.790s] -- Up-to-date: /root/csci_420_robotics_labs/lab6_ws/install/keyboard_msgs/share/keyboard_msgs/msg/Key.idl
[0.791s] -- Up-to-date: /root/csci_420_robotics_labs/lab6_ws/install/keyboard_msgs/share/keyboard_msgs/msg/Key.msg
[0.792s] -- Up-to-date: /root/csci_420_robotics_labs/lab6_ws/install/keyboard_msgs/share/ament_index/resource_index/package_run_dependencies/keyboard_msgs
[0.793s] -- Up-to-date: /root/csci_420_robotics_labs/lab6_ws/install/keyboard_msgs/share/ament_index/resource_index/parent_prefix_path/keyboard_msgs
[0.793s] -- Up-to-date: /root/csci_420_robotics_labs/lab6_ws/install/keyboard_msgs/share/keyboard_msgs/environment/ament_prefix_path.sh
[0.793s] -- Up-to-date: /root/csci_420_robotics_labs/lab6_ws/install/keyboard_msgs/share/keyboard_msgs/environment/ament_prefix_path.dsv
[0.794s] -- Up-to-date: /root/csci_420_robotics_labs/lab6_ws/install/keyboard_msgs/share/keyboard_msgs/environment/path.sh
[0.795s] -- Up-to-date: /root/csci_420_robotics_labs/lab6_ws/install/keyboard_msgs/share/keyboard_msgs/environment/path.dsv
[0.797s] -- Up-to-date: /root/csci_420_robotics_labs/lab6_ws/install/keyboard_msgs/share/keyboard_msgs/local_setup.bash
[0.798s] -- Up-to-date: /root/csci_420_robotics_labs/lab6_ws/install/keyboard_msgs/share/keyboard_msgs/local_setup.sh
[0.798s] -- Up-to-date: /root/csci_420_robotics_labs/lab6_ws/install/keyboard_msgs/share/keyboard_msgs/local_setup.zsh
[0.802s] -- Up-to-date: /root/csci_420_robotics_labs/lab6_ws/install/keyboard_msgs/share/keyboard_msgs/local_setup.dsv
[0.803s] -- Up-to-date: /root/csci_420_robotics_labs/lab6_ws/install/keyboard_msgs/share/keyboard_msgs/package.dsv
[0.803s] -- Up-to-date: /root/csci_420_robotics_labs/lab6_ws/install/keyboard_msgs/share/ament_index/resource_index/packages/keyboard_msgs
[0.804s] -- Up-to-date: /root/csci_420_robotics_labs/lab6_ws/install/keyboard_msgs/share/keyboard_msgs/cmake/export_keyboard_msgs__rosidl_generator_cExport.cmake
[0.805s] -- Up-to-date: /root/csci_420_robotics_labs/lab6_ws/install/keyboard_msgs/share/keyboard_msgs/cmake/export_keyboard_msgs__rosidl_generator_cExport-noconfig.cmake
[0.805s] -- Up-to-date: /root/csci_420_robotics_labs/lab6_ws/install/keyboard_msgs/share/keyboard_msgs/cmake/export_keyboard_msgs__rosidl_typesupport_fastrtps_cExport.cmake
[0.806s] -- Up-to-date: /root/csci_420_robotics_labs/lab6_ws/install/keyboard_msgs/share/keyboard_msgs/cmake/export_keyboard_msgs__rosidl_typesupport_fastrtps_cExport-noconfig.cmake
[0.806s] -- Up-to-date: /root/csci_420_robotics_labs/lab6_ws/install/keyboard_msgs/share/keyboard_msgs/cmake/export_keyboard_msgs__rosidl_generator_cppExport.cmake
[0.806s] -- Up-to-date: /root/csci_420_robotics_labs/lab6_ws/install/keyboard_msgs/share/keyboard_msgs/cmake/export_keyboard_msgs__rosidl_typesupport_fastrtps_cppExport.cmake
[0.806s] -- Up-to-date: /root/csci_420_robotics_labs/lab6_ws/install/keyboard_msgs/share/keyboard_msgs/cmake/export_keyboard_msgs__rosidl_typesupport_fastrtps_cppExport-noconfig.cmake
[0.806s] -- Up-to-date: /root/csci_420_robotics_labs/lab6_ws/install/keyboard_msgs/share/keyboard_msgs/cmake/keyboard_msgs__rosidl_typesupport_introspection_cExport.cmake
[0.807s] -- Up-to-date: /root/csci_420_robotics_labs/lab6_ws/install/keyboard_msgs/share/keyboard_msgs/cmake/keyboard_msgs__rosidl_typesupport_introspection_cExport-noconfig.cmake
[0.807s] -- Up-to-date: /root/csci_420_robotics_labs/lab6_ws/install/keyboard_msgs/share/keyboard_msgs/cmake/keyboard_msgs__rosidl_typesupport_cExport.cmake
[0.807s] -- Up-to-date: /root/csci_420_robotics_labs/lab6_ws/install/keyboard_msgs/share/keyboard_msgs/cmake/keyboard_msgs__rosidl_typesupport_cExport-noconfig.cmake
[0.808s] -- Up-to-date: /root/csci_420_robotics_labs/lab6_ws/install/keyboard_msgs/share/keyboard_msgs/cmake/keyboard_msgs__rosidl_typesupport_introspection_cppExport.cmake
[0.808s] -- Up-to-date: /root/csci_420_robotics_labs/lab6_ws/install/keyboard_msgs/share/keyboard_msgs/cmake/keyboard_msgs__rosidl_typesupport_introspection_cppExport-noconfig.cmake
[0.810s] -- Up-to-date: /root/csci_420_robotics_labs/lab6_ws/install/keyboard_msgs/share/keyboard_msgs/cmake/keyboard_msgs__rosidl_typesupport_cppExport.cmake
[0.811s] -- Up-to-date: /root/csci_420_robotics_labs/lab6_ws/install/keyboard_msgs/share/keyboard_msgs/cmake/keyboard_msgs__rosidl_typesupport_cppExport-noconfig.cmake
[0.814s] -- Up-to-date: /root/csci_420_robotics_labs/lab6_ws/install/keyboard_msgs/share/keyboard_msgs/cmake/export_keyboard_msgs__rosidl_generator_pyExport.cmake
[0.815s] -- Up-to-date: /root/csci_420_robotics_labs/lab6_ws/install/keyboard_msgs/share/keyboard_msgs/cmake/export_keyboard_msgs__rosidl_generator_pyExport-noconfig.cmake
[0.816s] -- Up-to-date: /root/csci_420_robotics_labs/lab6_ws/install/keyboard_msgs/share/keyboard_msgs/cmake/rosidl_cmake-extras.cmake
[0.817s] -- Up-to-date: /root/csci_420_robotics_labs/lab6_ws/install/keyboard_msgs/share/keyboard_msgs/cmake/ament_cmake_export_dependencies-extras.cmake
[0.817s] -- Up-to-date: /root/csci_420_robotics_labs/lab6_ws/install/keyboard_msgs/share/keyboard_msgs/cmake/ament_cmake_export_include_directories-extras.cmake
[0.818s] -- Up-to-date: /root/csci_420_robotics_labs/lab6_ws/install/keyboard_msgs/share/keyboard_msgs/cmake/ament_cmake_export_libraries-extras.cmake
[0.819s] -- Up-to-date: /root/csci_420_robotics_labs/lab6_ws/install/keyboard_msgs/share/keyboard_msgs/cmake/ament_cmake_export_targets-extras.cmake
[0.819s] -- Up-to-date: /root/csci_420_robotics_labs/lab6_ws/install/keyboard_msgs/share/keyboard_msgs/cmake/rosidl_cmake_export_typesupport_targets-extras.cmake
[0.820s] -- Up-to-date: /root/csci_420_robotics_labs/lab6_ws/install/keyboard_msgs/share/keyboard_msgs/cmake/rosidl_cmake_export_typesupport_libraries-extras.cmake
[0.821s] -- Up-to-date: /root/csci_420_robotics_labs/lab6_ws/install/keyboard_msgs/share/keyboard_msgs/cmake/keyboard_msgsConfig.cmake
[0.823s] -- Up-to-date: /root/csci_420_robotics_labs/lab6_ws/install/keyboard_msgs/share/keyboard_msgs/cmake/keyboard_msgsConfig-version.cmake
[0.823s] -- Up-to-date: /root/csci_420_robotics_labs/lab6_ws/install/keyboard_msgs/share/keyboard_msgs/package.xml
[0.823s] Invoked command in '/root/csci_420_robotics_labs/lab6_ws/build/keyboard_msgs' returned '0': CMAKE_PREFIX_PATH=${CMAKE_PREFIX_PATH}:/root/csci_420_robotics_labs/lab6_ws/install/simple_sim:/root/csci_420_robotics_labs/lab6_ws/install/simple_control:/opt/ros/kilted /usr/bin/cmake --install /root/csci_420_robotics_labs/lab6_ws/build/keyboard_msgs
