[0.044s] Invoking command in '/root/csci_420_robotics_labs/lab6_ws/build/flightgoggles_uav_dynamics': CMAKE_PREFIX_PATH=${CMAKE_PREFIX_PATH}:/root/csci_420_robotics_labs/lab6_ws/install/simple_sim:/root/csci_420_robotics_labs/lab6_ws/install/simple_control:/opt/ros/kilted /usr/bin/cmake --build /root/csci_420_robotics_labs/lab6_ws/build/flightgoggles_uav_dynamics -- -j8 -l8
[0.452s] [ 33%] Built target inertialMeasurementSim
[0.452s] [ 66%] Built target multicopterDynamicsSim
[0.452s] [100%] Built target flightgoggles_uav_dynamics_node
[0.459s] Invoked command in '/root/csci_420_robotics_labs/lab6_ws/build/flightgoggles_uav_dynamics' returned '0': CMAKE_PREFIX_PATH=${CMAKE_PREFIX_PATH}:/root/csci_420_robotics_labs/lab6_ws/install/simple_sim:/root/csci_420_robotics_labs/lab6_ws/install/simple_control:/opt/ros/kilted /usr/bin/cmake --build /root/csci_420_robotics_labs/lab6_ws/build/flightgoggles_uav_dynamics -- -j8 -l8
[0.460s] Invoking command in '/root/csci_420_robotics_labs/lab6_ws/build/flightgoggles_uav_dynamics': CMAKE_PREFIX_PATH=${CMAKE_PREFIX_PATH}:/root/csci_420_robotics_labs/lab6_ws/install/simple_sim:/root/csci_420_robotics_labs/lab6_ws/install/simple_control:/opt/ros/kilted /usr/bin/cmake --install /root/csci_420_robotics_labs/lab6_ws/build/flightgoggles_uav_dynamics
[0.482s] -- Install configuration: ""
[0.484s] -- Up-to-date: /root/csci_420_robotics_labs/lab6_ws/install/flightgoggles_uav_dynamics/lib/flightgoggles_uav_dynamics/node
[0.492s] -- Up-to-date: /root/csci_420_robotics_labs/lab6_ws/install/flightgoggles_uav_dynamics/share/ament_index/resource_index/package_run_dependencies/flightgoggles_uav_dynamics
[0.498s] -- Up-to-date: /root/csci_420_robotics_labs/lab6_ws/install/flightgoggles_uav_dynamics/share/ament_index/resource_index/parent_prefix_path/flightgoggles_uav_dynamics
[0.501s] -- Up-to-date: /root/csci_420_robotics_labs/lab6_ws/install/flightgoggles_uav_dynamics/share/flightgoggles_uav_dynamics/environment/ament_prefix_path.sh
[0.504s] -- Up-to-date: /root/csci_420_robotics_labs/lab6_ws/install/flightgoggles_uav_dynamics/share/flightgoggles_uav_dynamics/environment/ament_prefix_path.dsv
[0.507s] -- Up-to-date: /root/csci_420_robotics_labs/lab6_ws/install/flightgoggles_uav_dynamics/share/flightgoggles_uav_dynamics/environment/path.sh
[0.510s] -- Up-to-date: /root/csci_420_robotics_labs/lab6_ws/install/flightgoggles_uav_dynamics/share/flightgoggles_uav_dynamics/environment/path.dsv
[0.512s] -- Up-to-date: /root/csci_420_robotics_labs/lab6_ws/install/flightgoggles_uav_dynamics/share/flightgoggles_uav_dynamics/local_setup.bash
[0.513s] -- Up-to-date: /root/csci_420_robotics_labs/lab6_ws/install/flightgoggles_uav_dynamics/share/flightgoggles_uav_dynamics/local_setup.sh
[0.515s] -- Up-to-date: /root/csci_420_robotics_labs/lab6_ws/install/flightgoggles_uav_dynamics/share/flightgoggles_uav_dynamics/local_setup.zsh
[0.516s] -- Up-to-date: /root/csci_420_robotics_labs/lab6_ws/install/flightgoggles_uav_dynamics/share/flightgoggles_uav_dynamics/local_setup.dsv
[0.518s] -- Installing: /root/csci_420_robotics_labs/lab6_ws/install/flightgoggles_uav_dynamics/share/flightgoggles_uav_dynamics/package.dsv
[0.530s] -- Up-to-date: /root/csci_420_robotics_labs/lab6_ws/install/flightgoggles_uav_dynamics/share/ament_index/resource_index/packages/flightgoggles_uav_dynamics
[0.533s] -- Up-to-date: /root/csci_420_robotics_labs/lab6_ws/install/flightgoggles_uav_dynamics/share/flightgoggles_uav_dynamics/cmake/flightgoggles_uav_dynamicsConfig.cmake
[0.539s] -- Up-to-date: /root/csci_420_robotics_labs/lab6_ws/install/flightgoggles_uav_dynamics/share/flightgoggles_uav_dynamics/cmake/flightgoggles_uav_dynamicsConfig-version.cmake
[0.540s] -- Up-to-date: /root/csci_420_robotics_labs/lab6_ws/install/flightgoggles_uav_dynamics/share/flightgoggles_uav_dynamics/package.xml
[0.547s] Invoked command in '/root/csci_420_robotics_labs/lab6_ws/build/flightgoggles_uav_dynamics' returned '0': CMAKE_PREFIX_PATH=${CMAKE_PREFIX_PATH}:/root/csci_420_robotics_labs/lab6_ws/install/simple_sim:/root/csci_420_robotics_labs/lab6_ws/install/simple_control:/opt/ros/kilted /usr/bin/cmake --install /root/csci_420_robotics_labs/lab6_ws/build/flightgoggles_uav_dynamics
