[0.029s] Invoking command in '/root/csci_420_robotics_labs/lab6_ws/build/flightcontroller': CMAKE_PREFIX_PATH=${CMAKE_PREFIX_PATH}:/opt/ros/kilted /usr/bin/cmake --build /root/csci_420_robotics_labs/lab6_ws/build/flightcontroller -- -j8 -l8
[0.326s] Invoked command in '/root/csci_420_robotics_labs/lab6_ws/build/flightcontroller' returned '0': CMAKE_PREFIX_PATH=${CMAKE_PREFIX_PATH}:/opt/ros/kilted /usr/bin/cmake --build /root/csci_420_robotics_labs/lab6_ws/build/flightcontroller -- -j8 -l8
[0.328s] Invoking command in '/root/csci_420_robotics_labs/lab6_ws/build/flightcontroller': CMAKE_PREFIX_PATH=${CMAKE_PREFIX_PATH}:/opt/ros/kilted /usr/bin/cmake --install /root/csci_420_robotics_labs/lab6_ws/build/flightcontroller
[0.341s] -- Install configuration: ""
[0.342s] -- Up-to-date: /root/csci_420_robotics_labs/lab6_ws/install/flightcontroller/share/flightcontroller/launch
[0.343s] -- Up-to-date: /root/csci_420_robotics_labs/lab6_ws/install/flightcontroller/share/flightcontroller/launch/angle.launch
[0.343s] -- Up-to-date: /root/csci_420_robotics_labs/lab6_ws/install/flightcontroller/share/flightcontroller/launch/position.launch
[0.345s] -- Installing: /root/csci_420_robotics_labs/lab6_ws/install/flightcontroller/share/flightcontroller/launch/fly.launch
[0.347s] -- Up-to-date: /root/csci_420_robotics_labs/lab6_ws/install/flightcontroller/share/flightcontroller/launch/velocity.launch
[0.349s] -- Up-to-date: /root/csci_420_robotics_labs/lab6_ws/install/flightcontroller/share/flightcontroller/maps
[0.353s] -- Up-to-date: /root/csci_420_robotics_labs/lab6_ws/install/flightcontroller/share/flightcontroller/maps/map_small0.yaml
[0.356s] -- Up-to-date: /root/csci_420_robotics_labs/lab6_ws/install/flightcontroller/share/flightcontroller/maps/mybugmap.png
[0.361s] -- Up-to-date: /root/csci_420_robotics_labs/lab6_ws/install/flightcontroller/share/flightcontroller/maps/map_medium0.pgm
[0.363s] -- Up-to-date: /root/csci_420_robotics_labs/lab6_ws/install/flightcontroller/share/flightcontroller/maps/map_medium2.yaml
[0.366s] -- Installing: /root/csci_420_robotics_labs/lab6_ws/install/flightcontroller/share/flightcontroller/maps/obstacles_map.png
[0.377s] -- Up-to-date: /root/csci_420_robotics_labs/lab6_ws/install/flightcontroller/share/flightcontroller/maps/map_medium1.yaml
[0.380s] -- Installing: /root/csci_420_robotics_labs/lab6_ws/install/flightcontroller/share/flightcontroller/maps/obstacles_map.yaml
[0.393s] -- Up-to-date: /root/csci_420_robotics_labs/lab6_ws/install/flightcontroller/share/flightcontroller/maps/map_medium0.yaml
[0.394s] -- Up-to-date: /root/csci_420_robotics_labs/lab6_ws/install/flightcontroller/share/flightcontroller/maps/mybugmap.yaml
[0.394s] -- Up-to-date: /root/csci_420_robotics_labs/lab6_ws/install/flightcontroller/share/flightcontroller/maps/map_large0.png
[0.396s] -- Up-to-date: /root/csci_420_robotics_labs/lab6_ws/install/flightcontroller/share/flightcontroller/maps/map_medium2.png
[0.399s] -- Up-to-date: /root/csci_420_robotics_labs/lab6_ws/install/flightcontroller/share/flightcontroller/maps/map_medium0.png
[0.401s] -- Up-to-date: /root/csci_420_robotics_labs/lab6_ws/install/flightcontroller/share/flightcontroller/maps/map_small0.png
[0.402s] -- Up-to-date: /root/csci_420_robotics_labs/lab6_ws/install/flightcontroller/share/flightcontroller/maps/map_medium1.png
[0.403s] -- Up-to-date: /root/csci_420_robotics_labs/lab6_ws/install/flightcontroller/share/flightcontroller/maps/map_large0.yaml
[0.405s] -- Up-to-date: /root/csci_420_robotics_labs/lab6_ws/install/flightcontroller/lib/flightcontroller/angle_calculator.py
[0.412s] -- Up-to-date: /root/csci_420_robotics_labs/lab6_ws/install/flightcontroller/lib/flightcontroller/angle_controller.py
[0.412s] -- Up-to-date: /root/csci_420_robotics_labs/lab6_ws/install/flightcontroller/lib/flightcontroller/position_controller.py
[0.413s] -- Up-to-date: /root/csci_420_robotics_labs/lab6_ws/install/flightcontroller/lib/flightcontroller/velocity_controller.py
[0.414s] -- Up-to-date: /root/csci_420_robotics_labs/lab6_ws/install/flightcontroller/lib/flightcontroller/pid_class.py
[0.416s] -- Up-to-date: /root/csci_420_robotics_labs/lab6_ws/install/flightcontroller/share/ament_index/resource_index/package_run_dependencies/flightcontroller
[0.417s] -- Up-to-date: /root/csci_420_robotics_labs/lab6_ws/install/flightcontroller/share/ament_index/resource_index/parent_prefix_path/flightcontroller
[0.418s] -- Up-to-date: /root/csci_420_robotics_labs/lab6_ws/install/flightcontroller/share/flightcontroller/environment/ament_prefix_path.sh
[0.419s] -- Up-to-date: /root/csci_420_robotics_labs/lab6_ws/install/flightcontroller/share/flightcontroller/environment/ament_prefix_path.dsv
[0.420s] -- Up-to-date: /root/csci_420_robotics_labs/lab6_ws/install/flightcontroller/share/flightcontroller/environment/path.sh
[0.421s] -- Up-to-date: /root/csci_420_robotics_labs/lab6_ws/install/flightcontroller/share/flightcontroller/environment/path.dsv
[0.421s] -- Up-to-date: /root/csci_420_robotics_labs/lab6_ws/install/flightcontroller/share/flightcontroller/local_setup.bash
[0.423s] -- Up-to-date: /root/csci_420_robotics_labs/lab6_ws/install/flightcontroller/share/flightcontroller/local_setup.sh
[0.426s] -- Up-to-date: /root/csci_420_robotics_labs/lab6_ws/install/flightcontroller/share/flightcontroller/local_setup.zsh
[0.427s] -- Up-to-date: /root/csci_420_robotics_labs/lab6_ws/install/flightcontroller/share/flightcontroller/local_setup.dsv
[0.429s] -- Installing: /root/csci_420_robotics_labs/lab6_ws/install/flightcontroller/share/flightcontroller/package.dsv
[0.432s] -- Up-to-date: /root/csci_420_robotics_labs/lab6_ws/install/flightcontroller/share/ament_index/resource_index/packages/flightcontroller
[0.434s] -- Up-to-date: /root/csci_420_robotics_labs/lab6_ws/install/flightcontroller/share/flightcontroller/cmake/flightcontrollerConfig.cmake
[0.436s] -- Up-to-date: /root/csci_420_robotics_labs/lab6_ws/install/flightcontroller/share/flightcontroller/cmake/flightcontrollerConfig-version.cmake
[0.437s] -- Up-to-date: /root/csci_420_robotics_labs/lab6_ws/install/flightcontroller/share/flightcontroller/package.xml
[0.513s] Invoked command in '/root/csci_420_robotics_labs/lab6_ws/build/flightcontroller' returned '0': CMAKE_PREFIX_PATH=${CMAKE_PREFIX_PATH}:/opt/ros/kilted /usr/bin/cmake --install /root/csci_420_robotics_labs/lab6_ws/build/flightcontroller
